Archive member included to satisfy reference by file (symbol)

C:\Users\Administrator\AppData\Local\Temp\VMBuilds\Universal_controllerV2.0\Arduino_STM32-master_genericSTM32F103R\Release\core.a(exc.S.o)
                              (__exc_nmi)
C:\Users\Administrator\AppData\Local\Temp\VMBuilds\Universal_controllerV2.0\Arduino_STM32-master_genericSTM32F103R\Release\core.a(isrs.S.o)
                              (__stm32reservedexception7)
C:\Users\Administrator\AppData\Local\Temp\VMBuilds\Universal_controllerV2.0\Arduino_STM32-master_genericSTM32F103R\Release\core.a(vector_table.S.o)
                              (__stm32_vector_table)
C:\Users\Administrator\AppData\Local\Temp\VMBuilds\Universal_controllerV2.0\Arduino_STM32-master_genericSTM32F103R\Release\core.a(adc.c.o)
                              C:\Users\Administrator\AppData\Local\Temp\VMBCore\arduino16x\1d5bbd1283c0998d3b1230e5801fb023\variant\boards.cpp.o (adc_set_sample_rate)
C:\Users\Administrator\AppData\Local\Temp\VMBuilds\Universal_controllerV2.0\Arduino_STM32-master_genericSTM32F103R\Release\core.a(adc_f1.c.o)
                              C:\Users\Administrator\AppData\Local\Temp\VMBuilds\Universal_controllerV2.0\Arduino_STM32-master_genericSTM32F103R\Release\core.a(vector_table.S.o) (__irq_adc)
C:\Users\Administrator\AppData\Local\Temp\VMBuilds\Universal_controllerV2.0\Arduino_STM32-master_genericSTM32F103R\Release\core.a(dma_f1.c.o)
                              C:\Users\Administrator\AppData\Local\Temp\VMBuilds\Universal_controllerV2.0\Arduino_STM32-master_genericSTM32F103R\Release\core.a(vector_table.S.o) (__irq_dma1_channel1)
C:\Users\Administrator\AppData\Local\Temp\VMBuilds\Universal_controllerV2.0\Arduino_STM32-master_genericSTM32F103R\Release\core.a(exti.c.o)
                              C:\Users\Administrator\AppData\Local\Temp\VMBuilds\Universal_controllerV2.0\Arduino_STM32-master_genericSTM32F103R\Release\core.a(vector_table.S.o) (__irq_exti0)
C:\Users\Administrator\AppData\Local\Temp\VMBuilds\Universal_controllerV2.0\Arduino_STM32-master_genericSTM32F103R\Release\core.a(exti_f1.c.o)
                              C:\Users\Administrator\AppData\Local\Temp\VMBuilds\Universal_controllerV2.0\Arduino_STM32-master_genericSTM32F103R\Release\core.a(exti.c.o) (exti_select)
C:\Users\Administrator\AppData\Local\Temp\VMBuilds\Universal_controllerV2.0\Arduino_STM32-master_genericSTM32F103R\Release\core.a(flash.c.o)
                              C:\Users\Administrator\AppData\Local\Temp\VMBCore\arduino16x\1d5bbd1283c0998d3b1230e5801fb023\variant\boards.cpp.o (flash_set_latency)
C:\Users\Administrator\AppData\Local\Temp\VMBuilds\Universal_controllerV2.0\Arduino_STM32-master_genericSTM32F103R\Release\core.a(gpio_f1.c.o)
                              C:\Users\Administrator\AppData\Local\Temp\VMBCore\arduino16x\1d5bbd1283c0998d3b1230e5801fb023\variant\boards_setup.cpp.o (gpio_init_all)
C:\Users\Administrator\AppData\Local\Temp\VMBuilds\Universal_controllerV2.0\Arduino_STM32-master_genericSTM32F103R\Release\core.a(i2c_f1.c.o)
                              C:\Users\Administrator\AppData\Local\Temp\VMBuilds\Universal_controllerV2.0\Arduino_STM32-master_genericSTM32F103R\Release\core.a(vector_table.S.o) (__irq_i2c1_ev)
C:\Users\Administrator\AppData\Local\Temp\VMBuilds\Universal_controllerV2.0\Arduino_STM32-master_genericSTM32F103R\Release\core.a(nvic.c.o)
                              C:\Users\Administrator\AppData\Local\Temp\VMBuilds\Universal_controllerV2.0\Arduino_STM32-master_genericSTM32F103R\Release\core.a(i2c_f1.c.o) (nvic_irq_set_priority)
C:\Users\Administrator\AppData\Local\Temp\VMBuilds\Universal_controllerV2.0\Arduino_STM32-master_genericSTM32F103R\Release\core.a(rcc.c.o)
                              C:\Users\Administrator\AppData\Local\Temp\VMBCore\arduino16x\1d5bbd1283c0998d3b1230e5801fb023\variant\boards.cpp.o (rcc_switch_sysclk)
C:\Users\Administrator\AppData\Local\Temp\VMBuilds\Universal_controllerV2.0\Arduino_STM32-master_genericSTM32F103R\Release\core.a(rcc_f1.c.o)
                              C:\Users\Administrator\AppData\Local\Temp\VMBCore\arduino16x\1d5bbd1283c0998d3b1230e5801fb023\variant\boards.cpp.o (rcc_configure_pll)
C:\Users\Administrator\AppData\Local\Temp\VMBuilds\Universal_controllerV2.0\Arduino_STM32-master_genericSTM32F103R\Release\core.a(systick.c.o)
                              C:\Users\Administrator\AppData\Local\Temp\VMBCore\arduino16x\1d5bbd1283c0998d3b1230e5801fb023\variant\boards.cpp.o (systick_init)
C:\Users\Administrator\AppData\Local\Temp\VMBuilds\Universal_controllerV2.0\Arduino_STM32-master_genericSTM32F103R\Release\core.a(timer.c.o)
                              C:\Users\Administrator\AppData\Local\Temp\VMBCore\arduino16x\1d5bbd1283c0998d3b1230e5801fb023\variant\boards.cpp.o (timer_foreach)
C:\Users\Administrator\AppData\Local\Temp\VMBuilds\Universal_controllerV2.0\Arduino_STM32-master_genericSTM32F103R\Release\core.a(usart_f1.c.o)
[...]
Memory Configuration

Name             Origin             Length             Attributes
ram              0x20000000         0x0000c000         xrw
rom              0x08000000         0x00040000         xr
*default*        0x00000000         0xffffffff

Linker script and memory map

LOAD c:/users/administrator/appdata/local/arduino15/packages/arduino/tools/arm-none-eabi-gcc/7-2017q4/bin/../lib/gcc/arm-none-eabi/7.2.1/thumb/v7-m/crti.o
LOAD c:/users/administrator/appdata/local/arduino15/packages/arduino/tools/arm-none-eabi-gcc/7-2017q4/bin/../lib/gcc/arm-none-eabi/7.2.1/thumb/v7-m/crtbegin.o
LOAD c:/users/administrator/appdata/local/arduino15/packages/arduino/tools/arm-none-eabi-gcc/7-2017q4/bin/../lib/gcc/arm-none-eabi/7.2.1/../../../../arm-none-eabi/lib/thumb/v7-m/crt0.o
LOAD c:/users/administrator/appdata/local/arduino15/packages/arduino/tools/arm-none-eabi-gcc/7-2017q4/bin/../lib/gcc/arm-none-eabi/7.2.1/thumb/v7-m\libgcc.a
START GROUP
LOAD Universal_controllerV2.0.cpp.o
LOAD C:\Users\Administrator\AppData\Local\Temp\VMBCore\arduino16x\1d5bbd1283c0998d3b1230e5801fb023\variant\board.cpp.o
LOAD C:\Users\Administrator\AppData\Local\Temp\VMBCore\arduino16x\1d5bbd1283c0998d3b1230e5801fb023\variant\boards.cpp.o
LOAD C:\Users\Administrator\AppData\Local\Temp\VMBCore\arduino16x\1d5bbd1283c0998d3b1230e5801fb023\variant\boards_setup.cpp.o
LOAD C:\Users\Administrator\AppData\Local\Temp\VMBCore\arduino16x\1d5bbd1283c0998d3b1230e5801fb023\variant\start.S.o
LOAD C:\Users\Administrator\AppData\Local\Temp\VMBCore\arduino16x\1d5bbd1283c0998d3b1230e5801fb023\variant\start_c.c.o
LOAD C:\Users\Administrator\AppData\Local\Temp\VMBCore\arduino16x\1d5bbd1283c0998d3b1230e5801fb023\variant\syscalls.c.o
LOAD C:\Users\Administrator\AppData\Local\Temp\VMBuilds\Universal_controllerV2.0\Arduino_STM32-master_genericSTM32F103R\Release\core.a
END GROUP
LOAD c:/users/administrator/appdata/local/arduino15/packages/arduino/tools/arm-none-eabi-gcc/7-2017q4/bin/../lib/gcc/arm-none-eabi/7.2.1/../../../../arm-none-eabi/lib/thumb/v7-m\libstdc++.a
LOAD c:/users/administrator/appdata/local/arduino15/packages/arduino/tools/arm-none-eabi-gcc/7-2017q4/bin/../lib/gcc/arm-none-eabi/7.2.1/../../../../arm-none-eabi/lib/thumb/v7-m\libm.a
START GROUP
LOAD c:/users/administrator/appdata/local/arduino15/packages/arduino/tools/arm-none-eabi-gcc/7-2017q4/bin/../lib/gcc/arm-none-eabi/7.2.1/thumb/v7-m\libgcc.a
LOAD c:/users/administrator/appdata/local/arduino15/packages/arduino/tools/arm-none-eabi-gcc/7-2017q4/bin/../lib/gcc/arm-none-eabi/7.2.1/../../../../arm-none-eabi/lib/thumb/v7-m\libc.a
END GROUP
LOAD c:/users/administrator/appdata/local/arduino15/packages/arduino/tools/arm-none-eabi-gcc/7-2017q4/bin/../lib/gcc/arm-none-eabi/7.2.1/thumb/v7-m/crtend.o
LOAD c:/users/administrator/appdata/local/arduino15/packages/arduino/tools/arm-none-eabi-gcc/7-2017q4/bin/../lib/gcc/arm-none-eabi/7.2.1/thumb/v7-m/crtn.o
START GROUP
LOAD c:/users/administrator/appdata/local/arduino15/packages/arduino/tools/arm-none-eabi-gcc/7-2017q4/bin/../lib/gcc/arm-none-eabi/7.2.1/thumb/v7-m\libgcc.a
LOAD c:/users/administrator/appdata/local/arduino15/packages/arduino/tools/arm-none-eabi-gcc/7-2017q4/bin/../lib/gcc/arm-none-eabi/7.2.1/../../../../arm-none-eabi/lib/thumb/v7-m\libc.a
LOAD c:/users/administrator/appdata/local/arduino15/packages/arduino/tools/arm-none-eabi-gcc/7-2017q4/bin/../lib/gcc/arm-none-eabi/7.2.1/../../../../arm-none-eabi/lib/thumb/v7-m\libm.a
END GROUP
START GROUP
LOAD c:/users/administrator/appdata/local/arduino15/packages/arduino/tools/arm-none-eabi-gcc/7-2017q4/bin/../lib/gcc/arm-none-eabi/7.2.1/../../../../arm-none-eabi/lib/thumb/v7-m\libnosys.a
END GROUP
                0x2000c000                PROVIDE (__msp_init, (ORIGIN (ram) + LENGTH (ram)))
                0x080003f4                PROVIDE (__exc_reset, __start__)

.text           0x08000000     0x2d14
                0x08000000                __text_start__ = .
 *(.stm32.interrupt_vector)
 .stm32.interrupt_vector
                0x08000000      0x130 C:\Users\Administrator\AppData\Local\Temp\VMBuilds\Universal_controllerV2.0\Arduino_STM32-master_genericSTM32F103R\Release\core.a(vector_table.S.o)
                0x08000000                __stm32_vector_table
 *(.text .text.* .gnu.linkonce.t.*)
 .text          0x08000130       0x40 c:/users/administrator/appdata/local/arduino15/packages/arduino/tools/arm-none-eabi-gcc/7-2017q4/bin/../lib/gcc/arm-none-eabi/7.2.1/thumb/v7-m/crtbegin.o
 .text._Z5setupv
                0x08000170        0x2 Universal_controllerV2.0.cpp.o
                0x08000170                setup()
 .text._Z4loopv
                0x08000172        0x2 Universal_controllerV2.0.cpp.o
                0x08000172                loop()
 .text.startup._GLOBAL__sub_I_PIN_MAP
                0x08000174       0x74 C:\Users\Administrator\AppData\Local\Temp\VMBCore\arduino16x\1d5bbd1283c0998d3b1230e5801fb023\variant\board.cpp.o
 .text._ZL18adc_default_configP7adc_dev
                0x080001e8       0x1c C:\Users\Administrator\AppData\Local\Temp\VMBCore\arduino16x\1d5bbd1283c0998d3b1230e5801fb023\variant\boards.cpp.o
 .text._ZL20timer_default_configP9timer_dev
                0x08000204       0xa8 C:\Users\Administrator\AppData\Local\Temp\VMBCore\arduino16x\1d5bbd1283c0998d3b1230e5801fb023\variant\boards.cpp.o
 .text._Z9boardInitv
                0x080002ac        0x2 C:\Users\Administrator\AppData\Local\Temp\VMBCore\arduino16x\1d5bbd1283c0998d3b1230e5801fb023\variant\boards.cpp.o
                0x080002ac                boardInit()
 *fill*         0x080002ae        0x2 
 .text._Z4initv
                0x080002b0       0xbc C:\Users\Administrator\AppData\Local\Temp\VMBCore\arduino16x\1d5bbd1283c0998d3b1230e5801fb023\variant\boards.cpp.o
                0x080002b0                init()
 .text._ZN6wirish4priv15board_reset_pllEv
                0x0800036c        0x2 C:\Users\Administrator\AppData\Local\Temp\VMBCore\arduino16x\1d5bbd1283c0998d3b1230e5801fb023\variant\boards_setup.cpp.o
                0x0800036c                wirish::priv::board_reset_pll()
 .text._ZN6wirish4priv28board_setup_clock_prescalersEv
                0x0800036e       0x2e C:\Users\Administrator\AppData\Local\Temp\VMBCore\arduino16x\1d5bbd1283c0998d3b1230e5801fb023\variant\boards_setup.cpp.o
                0x0800036e                wirish::priv::board_setup_clock_prescalers()
 .text._ZN6wirish4priv16board_setup_gpioEv
                0x0800039c        0x4 C:\Users\Administrator\AppData\Local\Temp\VMBCore\arduino16x\1d5bbd1283c0998d3b1230e5801fb023\variant\boards_setup.cpp.o
                0x0800039c                wirish::priv::board_setup_gpio()
 .text._ZN6wirish4priv15board_setup_usbEv
                0x080003a0       0x50 C:\Users\Administrator\AppData\Local\Temp\VMBCore\arduino16x\1d5bbd1283c0998d3b1230e5801fb023\variant\boards_setup.cpp.o
                0x080003a0                wirish::priv::board_setup_usb()
 .text._ZN6wirish4priv11series_initEv
                0x080003f0        0x4 C:\Users\Administrator\AppData\Local\Temp\VMBCore\arduino16x\1d5bbd1283c0998d3b1230e5801fb023\variant\boards_setup.cpp.o
                0x080003f0                wirish::priv::series_init()
 .text          0x080003f4       0x10 C:\Users\Administrator\AppData\Local\Temp\VMBCore\arduino16x\1d5bbd1283c0998d3b1230e5801fb023\variant\start.S.o
                0x080003f4                __start__
 .text.start_c  0x08000404       0x60 C:\Users\Administrator\AppData\Local\Temp\VMBCore\arduino16x\1d5bbd1283c0998d3b1230e5801fb023\variant\start_c.c.o
                0x08000404                start_c
 .text._exit    0x08000464        0x2 C:\Users\Administrator\AppData\Local\Temp\VMBCore\arduino16x\1d5bbd1283c0998d3b1230e5801fb023\variant\syscalls.c.o
                0x08000464                _exit
 *fill*         0x08000466        0xa 
 .text          0x08000470       0x54 C:\Users\Administrator\AppData\Local\Temp\VMBuilds\Universal_controllerV2.0\Arduino_STM32-master_genericSTM32F103R\Release\core.a(exc.S.o)
                0x08000470                __exc_nmi
                0x08000474                __exc_hardfault
                0x08000478                __exc_memmanage
                0x0800047c                __exc_busfault
                0x08000480                __exc_usagefault
 .text          0x080004c4        0x2 C:\Users\Administrator\AppData\Local\Temp\VMBuilds\Universal_controllerV2.0\Arduino_STM32-master_genericSTM32F103R\Release\core.a(isrs.S.o)
                0x080004c4                __stm32reservedexception9
                0x080004c4                __irq_sdio
                0x080004c4                __irq_fsmc
                0x080004c4                __exc_debug_monitor
                0x080004c4                __exc_svc
                0x080004c4                __irq_can_rx1
                0x080004c4                __irq_spi2
                0x080004c4                __irq_can_sce
                0x080004c4                __irq_pvd
                0x080004c4                __irq_tamper
                0x080004c4                __default_handler
                0x080004c4                __irq_wwdg
                0x080004c4                __stm32reservedexception10
                0x080004c4                __irq_flash
                0x080004c4                __stm32reservedexception13
                0x080004c4                __irq_rtc
                0x080004c4                __irq_spi1
                0x080004c4                __stm32reservedexception7
                0x080004c4                __irq_usb_hp_can_tx
                0x080004c4                __irq_rtcalarm
                0x080004c4                __irq_spi3
                0x080004c4                __stm32reservedexception8
                0x080004c4                __exc_pendsv
                0x080004c4                __irq_usbwakeup
                0x080004c4                __irq_rcc
 .text.adc_init
                0x080004c6       0x14 C:\Users\Administrator\AppData\Local\Temp\VMBuilds\Universal_controllerV2.0\Arduino_STM32-master_genericSTM32F103R\Release\core.a(adc.c.o)
                0x080004c6                adc_init
 .text.adc_set_extsel
                0x080004da       0x12 C:\Users\Administrator\AppData\Local\Temp\VMBuilds\Universal_controllerV2.0\Arduino_STM32-master_genericSTM32F103R\Release\core.a(adc.c.o)
                0x080004da                adc_set_extsel
 .text.adc_set_sample_rate
                0x080004ec       0x2a C:\Users\Administrator\AppData\Local\Temp\VMBuilds\Universal_controllerV2.0\Arduino_STM32-master_genericSTM32F103R\Release\core.a(adc.c.o)
                0x080004ec                adc_set_sample_rate
 *fill*         0x08000516        0x2 
 .text.__irq_adc
                0x08000518       0x54 C:\Users\Administrator\AppData\Local\Temp\VMBuilds\Universal_controllerV2.0\Arduino_STM32-master_genericSTM32F103R\Release\core.a(adc_f1.c.o)
                0x08000518                __irq_adc
 .text.__irq_adc3
                0x0800056c       0x54 C:\Users\Administrator\AppData\Local\Temp\VMBuilds\Universal_controllerV2.0\Arduino_STM32-master_genericSTM32F103R\Release\core.a(adc_f1.c.o)
                0x0800056c                __irq_adc3
 .text.adc_calibrate
                0x080005c0       0x24 C:\Users\Administrator\AppData\Local\Temp\VMBuilds\Universal_controllerV2.0\Arduino_STM32-master_genericSTM32F103R\Release\core.a(adc_f1.c.o)
                0x080005c0                adc_calibrate
 .text.adc_set_prescaler
                0x080005e4        0x8 C:\Users\Administrator\AppData\Local\Temp\VMBuilds\Universal_controllerV2.0\Arduino_STM32-master_genericSTM32F103R\Release\core.a(adc_f1.c.o)
                0x080005e4                adc_set_prescaler
 .text.adc_foreach
                0x080005ec       0x28 C:\Users\Administrator\AppData\Local\Temp\VMBuilds\Universal_controllerV2.0\Arduino_STM32-master_genericSTM32F103R\Release\core.a(adc_f1.c.o)
                0x080005ec                adc_foreach
 .text.adc_enable_single_swstart
                0x08000614       0x36 C:\Users\Administrator\AppData\Local\Temp\VMBuilds\Universal_controllerV2.0\Arduino_STM32-master_genericSTM32F103R\Release\core.a(adc_f1.c.o)
                0x08000614                adc_enable_single_swstart
 *fill*         0x0800064a        0x2 
 .text.__irq_dma1_channel1
                0x0800064c       0x18 C:\Users\Administrator\AppData\Local\Temp\VMBuilds\Universal_controllerV2.0\Arduino_STM32-master_genericSTM32F103R\Release\core.a(dma_f1.c.o)
                0x0800064c                __irq_dma1_channel1
 .text.__irq_dma1_channel2
                0x08000664       0x18 C:\Users\Administrator\AppData\Local\Temp\VMBuilds\Universal_controllerV2.0\Arduino_STM32-master_genericSTM32F103R\Release\core.a(dma_f1.c.o)
                0x08000664                __irq_dma1_channel2
 .text.__irq_dma1_channel3
                0x0800067c       0x1c C:\Users\Administrator\AppData\Local\Temp\VMBuilds\Universal_controllerV2.0\Arduino_STM32-master_genericSTM32F103R\Release\core.a(dma_f1.c.o)
                0x0800067c                __irq_dma1_channel3
 .text.__irq_dma1_channel4
                0x08000698       0x1c C:\Users\Administrator\AppData\Local\Temp\VMBuilds\Universal_controllerV2.0\Arduino_STM32-master_genericSTM32F103R\Release\core.a(dma_f1.c.o)
                0x08000698                __irq_dma1_channel4
 .text.__irq_dma1_channel5
                0x080006b4       0x1c C:\Users\Administrator\AppData\Local\Temp\VMBuilds\Universal_controllerV2.0\Arduino_STM32-master_genericSTM32F103R\Release\core.a(dma_f1.c.o)
                0x080006b4                __irq_dma1_channel5
 .text.__irq_dma1_channel6
                0x080006d0       0x1c C:\Users\Administrator\AppData\Local\Temp\VMBuilds\Universal_controllerV2.0\Arduino_STM32-master_genericSTM32F103R\Release\core.a(dma_f1.c.o)
                0x080006d0                __irq_dma1_channel6
 .text.__irq_dma1_channel7
                0x080006ec       0x1c C:\Users\Administrator\AppData\Local\Temp\VMBuilds\Universal_controllerV2.0\Arduino_STM32-master_genericSTM32F103R\Release\core.a(dma_f1.c.o)
                0x080006ec                __irq_dma1_channel7
 .text.__irq_dma2_channel1
                0x08000708       0x18 C:\Users\Administrator\AppData\Local\Temp\VMBuilds\Universal_controllerV2.0\Arduino_STM32-master_genericSTM32F103R\Release\core.a(dma_f1.c.o)
                0x08000708                __irq_dma2_channel1
 .text.__irq_dma2_channel2
                0x08000720       0x18 C:\Users\Administrator\AppData\Local\Temp\VMBuilds\Universal_controllerV2.0\Arduino_STM32-master_genericSTM32F103R\Release\core.a(dma_f1.c.o)
                0x08000720                __irq_dma2_channel2
 .text.__irq_dma2_channel3
                0x08000738       0x1c C:\Users\Administrator\AppData\Local\Temp\VMBuilds\Universal_controllerV2.0\Arduino_STM32-master_genericSTM32F103R\Release\core.a(dma_f1.c.o)
                0x08000738                __irq_dma2_channel3
 .text.__irq_dma2_channel4_5
                0x08000754       0x4c C:\Users\Administrator\AppData\Local\Temp\VMBuilds\Universal_controllerV2.0\Arduino_STM32-master_genericSTM32F103R\Release\core.a(dma_f1.c.o)
                0x08000754                __irq_dma2_channel4_5
 .text.__irq_exti0
                0x080007a0       0x20 C:\Users\Administrator\AppData\Local\Temp\VMBuilds\Universal_controllerV2.0\Arduino_STM32-master_genericSTM32F103R\Release\core.a(exti.c.o)
                0x080007a0                __irq_exti0
 .text.__irq_exti1
                0x080007c0       0x20 C:\Users\Administrator\AppData\Local\Temp\VMBuilds\Universal_controllerV2.0\Arduino_STM32-master_genericSTM32F103R\Release\core.a(exti.c.o)
                0x080007c0                __irq_exti1
 .text.__irq_exti2
                0x080007e0       0x20 C:\Users\Administrator\AppData\Local\Temp\VMBuilds\Universal_controllerV2.0\Arduino_STM32-master_genericSTM32F103R\Release\core.a(exti.c.o)
                0x080007e0                __irq_exti2
 .text.__irq_exti3
                0x08000800       0x20 C:\Users\Administrator\AppData\Local\Temp\VMBuilds\Universal_controllerV2.0\Arduino_STM32-master_genericSTM32F103R\Release\core.a(exti.c.o)
                0x08000800                __irq_exti3
 .text.__irq_exti4
                0x08000820       0x20 C:\Users\Administrator\AppData\Local\Temp\VMBuilds\Universal_controllerV2.0\Arduino_STM32-master_genericSTM32F103R\Release\core.a(exti.c.o)
                0x08000820                __irq_exti4
 .text.__irq_exti9_5
                0x08000840       0x48 C:\Users\Administrator\AppData\Local\Temp\VMBuilds\Universal_controllerV2.0\Arduino_STM32-master_genericSTM32F103R\Release\core.a(exti.c.o)
                0x08000840                __irq_exti9_5
 .text.__irq_exti15_10
                0x08000888       0x48 C:\Users\Administrator\AppData\Local\Temp\VMBuilds\Universal_controllerV2.0\Arduino_STM32-master_genericSTM32F103R\Release\core.a(exti.c.o)
                0x08000888                __irq_exti15_10
 .text.flash_set_latency
                0x080008d0       0x14 C:\Users\Administrator\AppData\Local\Temp\VMBuilds\Universal_controllerV2.0\Arduino_STM32-master_genericSTM32F103R\Release\core.a(flash.c.o)
                0x080008d0                flash_set_latency
 .text.gpio_init_all
                0x080008e4       0x30 C:\Users\Administrator\AppData\Local\Temp\VMBuilds\Universal_controllerV2.0\Arduino_STM32-master_genericSTM32F103R\Release\core.a(gpio_f1.c.o)
                0x080008e4                gpio_init_all
 .text.gpio_set_mode
                0x08000914       0x4e C:\Users\Administrator\AppData\Local\Temp\VMBuilds\Universal_controllerV2.0\Arduino_STM32-master_genericSTM32F103R\Release\core.a(gpio_f1.c.o)
                0x08000914                gpio_set_mode
 .text.afio_init
                0x08000962       0x12 C:\Users\Administrator\AppData\Local\Temp\VMBuilds\Universal_controllerV2.0\Arduino_STM32-master_genericSTM32F103R\Release\core.a(gpio_f1.c.o)
                0x08000962                afio_init
 .text.__irq_i2c1_ev
                0x08000974        0xc C:\Users\Administrator\AppData\Local\Temp\VMBuilds\Universal_controllerV2.0\Arduino_STM32-master_genericSTM32F103R\Release\core.a(i2c_f1.c.o)
                0x08000974                __irq_i2c1_ev
 .text.__irq_i2c2_ev
                0x08000980        0xc C:\Users\Administrator\AppData\Local\Temp\VMBuilds\Universal_controllerV2.0\Arduino_STM32-master_genericSTM32F103R\Release\core.a(i2c_f1.c.o)
                0x08000980                __irq_i2c2_ev
 .text.__irq_i2c1_er
                0x0800098c        0xc C:\Users\Administrator\AppData\Local\Temp\VMBuilds\Universal_controllerV2.0\Arduino_STM32-master_genericSTM32F103R\Release\core.a(i2c_f1.c.o)
                0x0800098c                __irq_i2c1_er
 .text.__irq_i2c2_er
                0x08000998        0xc C:\Users\Administrator\AppData\Local\Temp\VMBuilds\Universal_controllerV2.0\Arduino_STM32-master_genericSTM32F103R\Release\core.a(i2c_f1.c.o)
                0x08000998                __irq_i2c2_er
 .text._i2c_irq_priority_fixup
                0x080009a4       0x1c C:\Users\Administrator\AppData\Local\Temp\VMBuilds\Universal_controllerV2.0\Arduino_STM32-master_genericSTM32F103R\Release\core.a(i2c_f1.c.o)
                0x080009a4                _i2c_irq_priority_fixup
 .text.nvic_irq_set_priority
                0x080009c0       0x28 C:\Users\Administrator\AppData\Local\Temp\VMBuilds\Universal_controllerV2.0\Arduino_STM32-master_genericSTM32F103R\Release\core.a(nvic.c.o)
                0x080009c0                nvic_irq_set_priority
 .text.nvic_init
                0x080009e8       0x2c C:\Users\Administrator\AppData\Local\Temp\VMBuilds\Universal_controllerV2.0\Arduino_STM32-master_genericSTM32F103R\Release\core.a(nvic.c.o)
                0x080009e8                nvic_init
 .text.nvic_sys_reset
                0x08000a14       0x1c C:\Users\Administrator\AppData\Local\Temp\VMBuilds\Universal_controllerV2.0\Arduino_STM32-master_genericSTM32F103R\Release\core.a(nvic.c.o)
                0x08000a14                nvic_sys_reset
 .text.rcc_dev_clk
                0x08000a30        0xc C:\Users\Administrator\AppData\Local\Temp\VMBuilds\Universal_controllerV2.0\Arduino_STM32-master_genericSTM32F103R\Release\core.a(rcc.c.o)
                0x08000a30                rcc_dev_clk
 .text.rcc_switch_sysclk
                0x08000a3c       0x20 C:\Users\Administrator\AppData\Local\Temp\VMBuilds\Universal_controllerV2.0\Arduino_STM32-master_genericSTM32F103R\Release\core.a(rcc.c.o)
                0x08000a3c                rcc_switch_sysclk
 .text.rcc_turn_on_clk
                0x08000a5c       0x18 C:\Users\Administrator\AppData\Local\Temp\VMBuilds\Universal_controllerV2.0\Arduino_STM32-master_genericSTM32F103R\Release\core.a(rcc.c.o)
                0x08000a5c                rcc_turn_on_clk
 .text.rcc_turn_off_clk
                0x08000a74       0x1c C:\Users\Administrator\AppData\Local\Temp\VMBuilds\Universal_controllerV2.0\Arduino_STM32-master_genericSTM32F103R\Release\core.a(rcc.c.o)
                0x08000a74                rcc_turn_off_clk
 .text.rcc_is_clk_ready
                0x08000a90       0x18 C:\Users\Administrator\AppData\Local\Temp\VMBuilds\Universal_controllerV2.0\Arduino_STM32-master_genericSTM32F103R\Release\core.a(rcc.c.o)
                0x08000a90                rcc_is_clk_ready
 .text.rcc_configure_pll
                0x08000aa8       0x1c C:\Users\Administrator\AppData\Local\Temp\VMBuilds\Universal_controllerV2.0\Arduino_STM32-master_genericSTM32F103R\Release\core.a(rcc_f1.c.o)
                0x08000aa8                rcc_configure_pll
 .text.rcc_clk_enable
                0x08000ac4       0x30 C:\Users\Administrator\AppData\Local\Temp\VMBuilds\Universal_controllerV2.0\Arduino_STM32-master_genericSTM32F103R\Release\core.a(rcc_f1.c.o)
                0x08000ac4                rcc_clk_enable
 .text.rcc_reset_dev
                0x08000af4       0x34 C:\Users\Administrator\AppData\Local\Temp\VMBuilds\Universal_controllerV2.0\Arduino_STM32-master_genericSTM32F103R\Release\core.a(rcc_f1.c.o)
                0x08000af4                rcc_reset_dev
 .text.rcc_set_prescaler
                0x08000b28       0x20 C:\Users\Administrator\AppData\Local\Temp\VMBuilds\Universal_controllerV2.0\Arduino_STM32-master_genericSTM32F103R\Release\core.a(rcc_f1.c.o)
                0x08000b28                rcc_set_prescaler
 .text.rcc_clk_disable
                0x08000b48       0x30 C:\Users\Administrator\AppData\Local\Temp\VMBuilds\Universal_controllerV2.0\Arduino_STM32-master_genericSTM32F103R\Release\core.a(rcc_f1.c.o)
                0x08000b48                rcc_clk_disable
 .text.systick_init
                0x08000b78       0x10 C:\Users\Administrator\AppData\Local\Temp\VMBuilds\Universal_controllerV2.0\Arduino_STM32-master_genericSTM32F103R\Release\core.a(systick.c.o)
                0x08000b78                systick_init
 .text.__exc_systick
                0x08000b88       0x1c C:\Users\Administrator\AppData\Local\Temp\VMBuilds\Universal_controllerV2.0\Arduino_STM32-master_genericSTM32F103R\Release\core.a(systick.c.o)
                0x08000b88                __exc_systick
 .text.timer_foreach
                0x08000ba4       0x4c C:\Users\Administrator\AppData\Local\Temp\VMBuilds\Universal_controllerV2.0\Arduino_STM32-master_genericSTM32F103R\Release\core.a(timer.c.o)
                0x08000ba4                timer_foreach
 .text.timer_init
                0x08000bf0       0x14 C:\Users\Administrator\AppData\Local\Temp\VMBuilds\Universal_controllerV2.0\Arduino_STM32-master_genericSTM32F103R\Release\core.a(timer.c.o)
                0x08000bf0                timer_init
 .text.timer_has_cc_channel
                0x08000c04       0x30 C:\Users\Administrator\AppData\Local\Temp\VMBuilds\Universal_controllerV2.0\Arduino_STM32-master_genericSTM32F103R\Release\core.a(timer.c.o)
                0x08000c04                timer_has_cc_channel
 .text.__irq_tim1_brk
                0x08000c34       0x24 C:\Users\Administrator\AppData\Local\Temp\VMBuilds\Universal_controllerV2.0\Arduino_STM32-master_genericSTM32F103R\Release\core.a(timer.c.o)
                0x08000c34                __irq_tim1_brk
 .text.__irq_tim1_up
                0x08000c58       0x24 C:\Users\Administrator\AppData\Local\Temp\VMBuilds\Universal_controllerV2.0\Arduino_STM32-master_genericSTM32F103R\Release\core.a(timer.c.o)
                0x08000c58                __irq_tim1_up
 .text.__irq_tim1_trg_com
                0x08000c7c       0x38 C:\Users\Administrator\AppData\Local\Temp\VMBuilds\Universal_controllerV2.0\Arduino_STM32-master_genericSTM32F103R\Release\core.a(timer.c.o)
                0x08000c7c                __irq_tim1_trg_com
 .text.__irq_tim1_cc
                0x08000cb4       0x54 C:\Users\Administrator\AppData\Local\Temp\VMBuilds\Universal_controllerV2.0\Arduino_STM32-master_genericSTM32F103R\Release\core.a(timer.c.o)
                0x08000cb4                __irq_tim1_cc
 .text.__irq_tim2
                0x08000d08       0x70 C:\Users\Administrator\AppData\Local\Temp\VMBuilds\Universal_controllerV2.0\Arduino_STM32-master_genericSTM32F103R\Release\core.a(timer.c.o)
                0x08000d08                __irq_tim2
 .text.__irq_tim3
                0x08000d78       0x70 C:\Users\Administrator\AppData\Local\Temp\VMBuilds\Universal_controllerV2.0\Arduino_STM32-master_genericSTM32F103R\Release\core.a(timer.c.o)
                0x08000d78                __irq_tim3
 .text.__irq_tim4
                0x08000de8       0x70 C:\Users\Administrator\AppData\Local\Temp\VMBuilds\Universal_controllerV2.0\Arduino_STM32-master_genericSTM32F103R\Release\core.a(timer.c.o)
                0x08000de8                __irq_tim4
 .text.__irq_tim5
                0x08000e58       0x70 C:\Users\Administrator\AppData\Local\Temp\VMBuilds\Universal_controllerV2.0\Arduino_STM32-master_genericSTM32F103R\Release\core.a(timer.c.o)
                0x08000e58                __irq_tim5
 .text.__irq_tim6
                0x08000ec8       0x24 C:\Users\Administrator\AppData\Local\Temp\VMBuilds\Universal_controllerV2.0\Arduino_STM32-master_genericSTM32F103R\Release\core.a(timer.c.o)
                0x08000ec8                __irq_tim6
 .text.__irq_tim7
                0x08000eec       0x24 C:\Users\Administrator\AppData\Local\Temp\VMBuilds\Universal_controllerV2.0\Arduino_STM32-master_genericSTM32F103R\Release\core.a(timer.c.o)
                0x08000eec                __irq_tim7
 .text.__irq_tim8_brk
                0x08000f10       0x24 C:\Users\Administrator\AppData\Local\Temp\VMBuilds\Universal_controllerV2.0\Arduino_STM32-master_genericSTM32F103R\Release\core.a(timer.c.o)
                0x08000f10                __irq_tim8_brk
 .text.__irq_tim8_up
                0x08000f34       0x24 C:\Users\Administrator\AppData\Local\Temp\VMBuilds\Universal_controllerV2.0\Arduino_STM32-master_genericSTM32F103R\Release\core.a(timer.c.o)
                0x08000f34                __irq_tim8_up
 .text.__irq_tim8_trg_com
                0x08000f58       0x38 C:\Users\Administrator\AppData\Local\Temp\VMBuilds\Universal_controllerV2.0\Arduino_STM32-master_genericSTM32F103R\Release\core.a(timer.c.o)
                0x08000f58                __irq_tim8_trg_com
 .text.__irq_tim8_cc
                0x08000f90       0x54 C:\Users\Administrator\AppData\Local\Temp\VMBuilds\Universal_controllerV2.0\Arduino_STM32-master_genericSTM32F103R\Release\core.a(timer.c.o)
                0x08000f90                __irq_tim8_cc
 .text.rb_remove
                0x08000fe4       0x22 C:\Users\Administrator\AppData\Local\Temp\VMBuilds\Universal_controllerV2.0\Arduino_STM32-master_genericSTM32F103R\Release\core.a(usart_f1.c.o)
 .text.rb_push_insert
                0x08001006       0x4a C:\Users\Administrator\AppData\Local\Temp\VMBuilds\Universal_controllerV2.0\Arduino_STM32-master_genericSTM32F103R\Release\core.a(usart_f1.c.o)
 .text.__irq_usart1
                0x08001050       0x50 C:\Users\Administrator\AppData\Local\Temp\VMBuilds\Universal_controllerV2.0\Arduino_STM32-master_genericSTM32F103R\Release\core.a(usart_f1.c.o)
                0x08001050                __irq_usart1
 .text.__irq_usart2
                0x080010a0       0x50 C:\Users\Administrator\AppData\Local\Temp\VMBuilds\Universal_controllerV2.0\Arduino_STM32-master_genericSTM32F103R\Release\core.a(usart_f1.c.o)
                0x080010a0                __irq_usart2
 .text.__irq_usart3
                0x080010f0       0x50 C:\Users\Administrator\AppData\Local\Temp\VMBuilds\Universal_controllerV2.0\Arduino_STM32-master_genericSTM32F103R\Release\core.a(usart_f1.c.o)
                0x080010f0                __irq_usart3
 .text.__irq_uart4
                0x08001140       0x50 C:\Users\Administrator\AppData\Local\Temp\VMBuilds\Universal_controllerV2.0\Arduino_STM32-master_genericSTM32F103R\Release\core.a(usart_f1.c.o)
                0x08001140                __irq_uart4
 .text.__irq_uart5
                0x08001190       0x50 C:\Users\Administrator\AppData\Local\Temp\VMBuilds\Universal_controllerV2.0\Arduino_STM32-master_genericSTM32F103R\Release\core.a(usart_f1.c.o)
                0x08001190                __irq_uart5
 .text.throb    0x080011e0       0x54 C:\Users\Administrator\AppData\Local\Temp\VMBuilds\Universal_controllerV2.0\Arduino_STM32-master_genericSTM32F103R\Release\core.a(util.c.o)
                0x080011e0                throb
 .text.__error  0x08001234       0x14 C:\Users\Administrator\AppData\Local\Temp\VMBuilds\Universal_controllerV2.0\Arduino_STM32-master_genericSTM32F103R\Release\core.a(util.c.o)
                0x08001234                __error
 .text.set_rx_tx_status0
                0x08001248       0x30 C:\Users\Administrator\AppData\Local\Temp\VMBuilds\Universal_controllerV2.0\Arduino_STM32-master_genericSTM32F103R\Release\core.a(usb.c.o)
 .text.usb_resume
                0x08001278       0xb0 C:\Users\Administrator\AppData\Local\Temp\VMBuilds\Universal_controllerV2.0\Arduino_STM32-master_genericSTM32F103R\Release\core.a(usb.c.o)
 .text.usb_init_usblib
                0x08001328       0x48 C:\Users\Administrator\AppData\Local\Temp\VMBuilds\Universal_controllerV2.0\Arduino_STM32-master_genericSTM32F103R\Release\core.a(usb.c.o)
                0x08001328                usb_init_usblib
 .text.__irq_usb_lp_can_rx0
                0x08001370      0x18c C:\Users\Administrator\AppData\Local\Temp\VMBuilds\Universal_controllerV2.0\Arduino_STM32-master_genericSTM32F103R\Release\core.a(usb.c.o)
                0x08001370                __irq_usb_lp_can_rx0
 .text.usb_set_ep_rx_stat
                0x080014fc       0x22 C:\Users\Administrator\AppData\Local\Temp\VMBuilds\Universal_controllerV2.0\Arduino_STM32-master_genericSTM32F103R\Release\core.a(usb_cdcacm.c.o)
 *fill*         0x0800151e        0x2 
 .text.vcomGetSetLineCoding
                0x08001520       0x18 C:\Users\Administrator\AppData\Local\Temp\VMBuilds\Universal_controllerV2.0\Arduino_STM32-master_genericSTM32F103R\Release\core.a(usb_cdcacm.c.o)
 .text.usbInit  0x08001538       0x44 C:\Users\Administrator\AppData\Local\Temp\VMBuilds\Universal_controllerV2.0\Arduino_STM32-master_genericSTM32F103R\Release\core.a(usb_cdcacm.c.o)
 .text.usbNoDataSetup
                0x0800157c       0x50 C:\Users\Administrator\AppData\Local\Temp\VMBuilds\Universal_controllerV2.0\Arduino_STM32-master_genericSTM32F103R\Release\core.a(usb_cdcacm.c.o)
 .text.usbGetInterfaceSetting
                0x080015cc       0x10 C:\Users\Administrator\AppData\Local\Temp\VMBuilds\Universal_controllerV2.0\Arduino_STM32-master_genericSTM32F103R\Release\core.a(usb_cdcacm.c.o)
 .text.usbSetConfiguration
                0x080015dc       0x1c C:\Users\Administrator\AppData\Local\Temp\VMBuilds\Universal_controllerV2.0\Arduino_STM32-master_genericSTM32F103R\Release\core.a(usb_cdcacm.c.o)
 .text.usbSetDeviceAddress
                0x080015f8       0x10 C:\Users\Administrator\AppData\Local\Temp\VMBuilds\Universal_controllerV2.0\Arduino_STM32-master_genericSTM32F103R\Release\core.a(usb_cdcacm.c.o)
 .text.usbGetStringDescriptor
                0x08001608       0x20 C:\Users\Administrator\AppData\Local\Temp\VMBuilds\Universal_controllerV2.0\Arduino_STM32-master_genericSTM32F103R\Release\core.a(usb_cdcacm.c.o)
 .text.usbGetConfigDescriptor
                0x08001628        0xc C:\Users\Administrator\AppData\Local\Temp\VMBuilds\Universal_controllerV2.0\Arduino_STM32-master_genericSTM32F103R\Release\core.a(usb_cdcacm.c.o)
 .text.usbGetDeviceDescriptor
                0x08001634        0xc C:\Users\Administrator\AppData\Local\Temp\VMBuilds\Universal_controllerV2.0\Arduino_STM32-master_genericSTM32F103R\Release\core.a(usb_cdcacm.c.o)
 .text.usbDataSetup
                0x08001640       0x54 C:\Users\Administrator\AppData\Local\Temp\VMBuilds\Universal_controllerV2.0\Arduino_STM32-master_genericSTM32F103R\Release\core.a(usb_cdcacm.c.o)
 .text.vcomDataRxCb
                0x08001694       0x8c C:\Users\Administrator\AppData\Local\Temp\VMBuilds\Universal_controllerV2.0\Arduino_STM32-master_genericSTM32F103R\Release\core.a(usb_cdcacm.c.o)
 .text.vcomDataTxCb
                0x08001720       0xa0 C:\Users\Administrator\AppData\Local\Temp\VMBuilds\Universal_controllerV2.0\Arduino_STM32-master_genericSTM32F103R\Release\core.a(usb_cdcacm.c.o)
 .text.usb_cdcacm_tx.part.2
                0x080017c0       0x54 C:\Users\Administrator\AppData\Local\Temp\VMBuilds\Universal_controllerV2.0\Arduino_STM32-master_genericSTM32F103R\Release\core.a(usb_cdcacm.c.o)
 .text.usbReset
                0x08001814      0x15c C:\Users\Administrator\AppData\Local\Temp\VMBuilds\Universal_controllerV2.0\Arduino_STM32-master_genericSTM32F103R\Release\core.a(usb_cdcacm.c.o)
 .text.usb_cdcacm_set_hooks
                0x08001970       0x1c C:\Users\Administrator\AppData\Local\Temp\VMBuilds\Universal_controllerV2.0\Arduino_STM32-master_genericSTM32F103R\Release\core.a(usb_cdcacm.c.o)
                0x08001970                usb_cdcacm_set_hooks
 .text.usb_cdcacm_enable
                0x0800198c       0x34 C:\Users\Administrator\AppData\Local\Temp\VMBuilds\Universal_controllerV2.0\Arduino_STM32-master_genericSTM32F103R\Release\core.a(usb_cdcacm.c.o)
                0x0800198c                usb_cdcacm_enable
 .text.usb_cdcacm_tx
                0x080019c0        0xa C:\Users\Administrator\AppData\Local\Temp\VMBuilds\Universal_controllerV2.0\Arduino_STM32-master_genericSTM32F103R\Release\core.a(usb_cdcacm.c.o)
                0x080019c0                usb_cdcacm_tx
 *fill*         0x080019ca        0x2 
 .text.usb_cdcacm_data_available
                0x080019cc       0x18 C:\Users\Administrator\AppData\Local\Temp\VMBuilds\Universal_controllerV2.0\Arduino_STM32-master_genericSTM32F103R\Release\core.a(usb_cdcacm.c.o)
                0x080019cc                usb_cdcacm_data_available
 .text.usb_cdcacm_peek
                0x080019e4       0x38 C:\Users\Administrator\AppData\Local\Temp\VMBuilds\Universal_controllerV2.0\Arduino_STM32-master_genericSTM32F103R\Release\core.a(usb_cdcacm.c.o)
                0x080019e4                usb_cdcacm_peek
 .text.usb_cdcacm_rx
                0x08001a1c       0x34 C:\Users\Administrator\AppData\Local\Temp\VMBuilds\Universal_controllerV2.0\Arduino_STM32-master_genericSTM32F103R\Release\core.a(usb_cdcacm.c.o)
                0x08001a1c                usb_cdcacm_rx
 .text.usb_cdcacm_peek_ex
                0x08001a50       0x40 C:\Users\Administrator\AppData\Local\Temp\VMBuilds\Universal_controllerV2.0\Arduino_STM32-master_genericSTM32F103R\Release\core.a(usb_cdcacm.c.o)
                0x08001a50                usb_cdcacm_peek_ex
 .text.usb_cdcacm_get_dtr
                0x08001a90       0x10 C:\Users\Administrator\AppData\Local\Temp\VMBuilds\Universal_controllerV2.0\Arduino_STM32-master_genericSTM32F103R\Release\core.a(usb_cdcacm.c.o)
                0x08001a90                usb_cdcacm_get_dtr
 .text.usb_set_ep_rx_count
                0x08001aa0       0x40 C:\Users\Administrator\AppData\Local\Temp\VMBuilds\Universal_controllerV2.0\Arduino_STM32-master_genericSTM32F103R\Release\core.a(usb_reg_map.c.o)
                0x08001aa0                usb_set_ep_rx_count
 .text.Standard_GetConfiguration
                0x08001ae0       0x24 C:\Users\Administrator\AppData\Local\Temp\VMBuilds\Universal_controllerV2.0\Arduino_STM32-master_genericSTM32F103R\Release\core.a(usb_core.c.o)
                0x08001ae0                Standard_GetConfiguration
 .text.Standard_GetInterface
                0x08001b04       0x24 C:\Users\Administrator\AppData\Local\Temp\VMBuilds\Universal_controllerV2.0\Arduino_STM32-master_genericSTM32F103R\Release\core.a(usb_core.c.o)
                0x08001b04                Standard_GetInterface
 .text.Standard_GetStatus
                0x08001b28       0x88 C:\Users\Administrator\AppData\Local\Temp\VMBuilds\Universal_controllerV2.0\Arduino_STM32-master_genericSTM32F103R\Release\core.a(usb_core.c.o)
                0x08001b28                Standard_GetStatus
 .text.DataStageIn
                0x08001bb0       0xac C:\Users\Administrator\AppData\Local\Temp\VMBuilds\Universal_controllerV2.0\Arduino_STM32-master_genericSTM32F103R\Release\core.a(usb_core.c.o)
 .text.Standard_SetConfiguration
                0x08001c5c       0x38 C:\Users\Administrator\AppData\Local\Temp\VMBuilds\Universal_controllerV2.0\Arduino_STM32-master_genericSTM32F103R\Release\core.a(usb_core.c.o)
                0x08001c5c                Standard_SetConfiguration
 .text.Standard_SetInterface
                0x08001c94       0x4c C:\Users\Administrator\AppData\Local\Temp\VMBuilds\Universal_controllerV2.0\Arduino_STM32-master_genericSTM32F103R\Release\core.a(usb_core.c.o)
                0x08001c94                Standard_SetInterface
 .text.Standard_ClearFeature
                0x08001ce0       0xc4 C:\Users\Administrator\AppData\Local\Temp\VMBuilds\Universal_controllerV2.0\Arduino_STM32-master_genericSTM32F103R\Release\core.a(usb_core.c.o)
                0x08001ce0                Standard_ClearFeature
 .text.Standard_SetEndPointFeature
                0x08001da4       0x7c C:\Users\Administrator\AppData\Local\Temp\VMBuilds\Universal_controllerV2.0\Arduino_STM32-master_genericSTM32F103R\Release\core.a(usb_core.c.o)
                0x08001da4                Standard_SetEndPointFeature
 .text.Standard_SetDeviceFeature
                0x08001e20       0x24 C:\Users\Administrator\AppData\Local\Temp\VMBuilds\Universal_controllerV2.0\Arduino_STM32-master_genericSTM32F103R\Release\core.a(usb_core.c.o)
                0x08001e20                Standard_SetDeviceFeature
 .text.Standard_GetDescriptorData
                0x08001e44       0x1c C:\Users\Administrator\AppData\Local\Temp\VMBuilds\Universal_controllerV2.0\Arduino_STM32-master_genericSTM32F103R\Release\core.a(usb_core.c.o)
                0x08001e44                Standard_GetDescriptorData
 .text.Post0_Process
                0x08001e60       0x40 C:\Users\Administrator\AppData\Local\Temp\VMBuilds\Universal_controllerV2.0\Arduino_STM32-master_genericSTM32F103R\Release\core.a(usb_core.c.o)
                0x08001e60                Post0_Process
 .text.Setup0_Process
                0x08001ea0      0x2b8 C:\Users\Administrator\AppData\Local\Temp\VMBuilds\Universal_controllerV2.0\Arduino_STM32-master_genericSTM32F103R\Release\core.a(usb_core.c.o)
                0x08001ea0                Setup0_Process
 .text.Out0_Process
                0x08002158       0xc0 C:\Users\Administrator\AppData\Local\Temp\VMBuilds\Universal_controllerV2.0\Arduino_STM32-master_genericSTM32F103R\Release\core.a(usb_core.c.o)
                0x08002158                Out0_Process
 .text.SetDeviceAddress
                0x08002218       0x38 C:\Users\Administrator\AppData\Local\Temp\VMBuilds\Universal_controllerV2.0\Arduino_STM32-master_genericSTM32F103R\Release\core.a(usb_core.c.o)
                0x08002218                SetDeviceAddress
 .text.In0_Process
                0x08002250       0x5c C:\Users\Administrator\AppData\Local\Temp\VMBuilds\Universal_controllerV2.0\Arduino_STM32-master_genericSTM32F103R\Release\core.a(usb_core.c.o)
                0x08002250                In0_Process
 .text.NOP_Process
                0x080022ac        0x2 C:\Users\Administrator\AppData\Local\Temp\VMBuilds\Universal_controllerV2.0\Arduino_STM32-master_genericSTM32F103R\Release\core.a(usb_core.c.o)
                0x080022ac                NOP_Process
 .text.UserToPMABufferCopy
                0x080022ae       0x1e C:\Users\Administrator\AppData\Local\Temp\VMBuilds\Universal_controllerV2.0\Arduino_STM32-master_genericSTM32F103R\Release\core.a(usb_mem.c.o)
                0x080022ae                UserToPMABufferCopy
 .text.PMAToUserBufferCopy
                0x080022cc       0x24 C:\Users\Administrator\AppData\Local\Temp\VMBuilds\Universal_controllerV2.0\Arduino_STM32-master_genericSTM32F103R\Release\core.a(usb_mem.c.o)
                0x080022cc                PMAToUserBufferCopy
 .text.SetEPTxStatus
                0x080022f0       0x2a C:\Users\Administrator\AppData\Local\Temp\VMBuilds\Universal_controllerV2.0\Arduino_STM32-master_genericSTM32F103R\Release\core.a(usb_regs.c.o)
                0x080022f0                SetEPTxStatus
 .text.ClearDTOG_RX
                0x0800231a       0x26 C:\Users\Administrator\AppData\Local\Temp\VMBuilds\Universal_controllerV2.0\Arduino_STM32-master_genericSTM32F103R\Release\core.a(usb_regs.c.o)
                0x0800231a                ClearDTOG_RX
 .text.ClearDTOG_TX
                0x08002340       0x26 C:\Users\Administrator\AppData\Local\Temp\VMBuilds\Universal_controllerV2.0\Arduino_STM32-master_genericSTM32F103R\Release\core.a(usb_regs.c.o)
                0x08002340                ClearDTOG_TX
 *fill*         0x08002366        0x2 
 .text.GetEPTxAddr
                0x08002368       0x1c C:\Users\Administrator\AppData\Local\Temp\VMBuilds\Universal_controllerV2.0\Arduino_STM32-master_genericSTM32F103R\Release\core.a(usb_regs.c.o)
                0x08002368                GetEPTxAddr
 .text.GetEPRxAddr
                0x08002384       0x1c C:\Users\Administrator\AppData\Local\Temp\VMBuilds\Universal_controllerV2.0\Arduino_STM32-master_genericSTM32F103R\Release\core.a(usb_regs.c.o)
                0x08002384                GetEPRxAddr
 .text.SetEPTxCount
                0x080023a0       0x1c C:\Users\Administrator\AppData\Local\Temp\VMBuilds\Universal_controllerV2.0\Arduino_STM32-master_genericSTM32F103R\Release\core.a(usb_regs.c.o)
                0x080023a0                SetEPTxCount
 .text.SetEPRxCount
                0x080023bc       0x40 C:\Users\Administrator\AppData\Local\Temp\VMBuilds\Universal_controllerV2.0\Arduino_STM32-master_genericSTM32F103R\Release\core.a(usb_regs.c.o)
                0x080023bc                SetEPRxCount
 .text.rb_full_count
                0x080023fc       0x18 C:\Users\Administrator\AppData\Local\Temp\VMBuilds\Universal_controllerV2.0\Arduino_STM32-master_genericSTM32F103R\Release\core.a(HardwareSerial.cpp.o)
 .text._ZN14HardwareSerial4readEv
                0x08002414       0x38 C:\Users\Administrator\AppData\Local\Temp\VMBuilds\Universal_controllerV2.0\Arduino_STM32-master_genericSTM32F103R\Release\core.a(HardwareSerial.cpp.o)
                0x08002414                HardwareSerial::read()
 .text._ZN14HardwareSerial9availableEv
                0x0800244c        0xc C:\Users\Administrator\AppData\Local\Temp\VMBuilds\Universal_controllerV2.0\Arduino_STM32-master_genericSTM32F103R\Release\core.a(HardwareSerial.cpp.o)
                0x0800244c                HardwareSerial::available()
 .text._ZN14HardwareSerial4peekEv
                0x08002458       0x20 C:\Users\Administrator\AppData\Local\Temp\VMBuilds\Universal_controllerV2.0\Arduino_STM32-master_genericSTM32F103R\Release\core.a(HardwareSerial.cpp.o)
                0x08002458                HardwareSerial::peek()
 .text._ZN14HardwareSerial5flushEv
                0x08002478       0x18 C:\Users\Administrator\AppData\Local\Temp\VMBuilds\Universal_controllerV2.0\Arduino_STM32-master_genericSTM32F103R\Release\core.a(HardwareSerial.cpp.o)
                0x08002478                HardwareSerial::flush()
 .text._ZN14HardwareSerial5writeEh
                0x08002490       0x1e C:\Users\Administrator\AppData\Local\Temp\VMBuilds\Universal_controllerV2.0\Arduino_STM32-master_genericSTM32F103R\Release\core.a(HardwareSerial.cpp.o)
                0x08002490                HardwareSerial::write(unsigned char)
 *fill*         0x080024ae        0x2 
 .text._ZN14HardwareSerialC2EP9usart_devhh
                0x080024b0       0x20 C:\Users\Administrator\AppData\Local\Temp\VMBuilds\Universal_controllerV2.0\Arduino_STM32-master_genericSTM32F103R\Release\core.a(HardwareSerial.cpp.o)
                0x080024b0                HardwareSerial::HardwareSerial(usart_dev*, unsigned char, unsigned char)
                0x080024b0                HardwareSerial::HardwareSerial(usart_dev*, unsigned char, unsigned char)
 .text.startup._Z7premainv
                0x080024d0        0x4 C:\Users\Administrator\AppData\Local\Temp\VMBuilds\Universal_controllerV2.0\Arduino_STM32-master_genericSTM32F103R\Release\core.a(main.cpp.o)
                0x080024d0                premain()
 .text.startup.main
                0x080024d4        0xc C:\Users\Administrator\AppData\Local\Temp\VMBuilds\Universal_controllerV2.0\Arduino_STM32-master_genericSTM32F103R\Release\core.a(main.cpp.o)
                0x080024d4                main
 .text._ZN5Print5writeEPKvm
                0x080024e0       0x20 C:\Users\Administrator\AppData\Local\Temp\VMBuilds\Universal_controllerV2.0\Arduino_STM32-master_genericSTM32F103R\Release\core.a(Print.cpp.o)
                0x080024e0                Print::write(void const*, unsigned long)
 .text._ZN5Print5writeEPKc
                0x08002500       0x20 C:\Users\Administrator\AppData\Local\Temp\VMBuilds\Universal_controllerV2.0\Arduino_STM32-master_genericSTM32F103R\Release\core.a(Print.cpp.o)
                0x08002500                Print::write(char const*)
 .text._ZN9USBSerial9availableEv
                0x08002520        0x4 C:\Users\Administrator\AppData\Local\Temp\VMBuilds\Universal_controllerV2.0\Arduino_STM32-master_genericSTM32F103R\Release\core.a(usb_serial.cpp.o)
                0x08002520                USBSerial::available()
 .text._ZN9USBSerial4peekEv
                0x08002524       0x1e C:\Users\Administrator\AppData\Local\Temp\VMBuilds\Universal_controllerV2.0\Arduino_STM32-master_genericSTM32F103R\Release\core.a(usb_serial.cpp.o)
                0x08002524                USBSerial::peek()
 .text._ZN9USBSerial4readEv
                0x08002542       0x1e C:\Users\Administrator\AppData\Local\Temp\VMBuilds\Universal_controllerV2.0\Arduino_STM32-master_genericSTM32F103R\Release\core.a(usb_serial.cpp.o)
                0x08002542                USBSerial::read()
 .text._ZL14ifaceSetupHookjPv
                0x08002560       0x38 C:\Users\Administrator\AppData\Local\Temp\VMBuilds\Universal_controllerV2.0\Arduino_STM32-master_genericSTM32F103R\Release\core.a(usb_serial.cpp.o)
 .text._ZL6rxHookjPv
                0x08002598       0xa0 C:\Users\Administrator\AppData\Local\Temp\VMBuilds\Universal_controllerV2.0\Arduino_STM32-master_genericSTM32F103R\Release\core.a(usb_serial.cpp.o)
 .text._ZL10wait_resetv
                0x08002638       0x10 C:\Users\Administrator\AppData\Local\Temp\VMBuilds\Universal_controllerV2.0\Arduino_STM32-master_genericSTM32F103R\Release\core.a(usb_serial.cpp.o)
 .text._ZN9USBSerial5beginEv
                0x08002648       0x3c C:\Users\Administrator\AppData\Local\Temp\VMBuilds\Universal_controllerV2.0\Arduino_STM32-master_genericSTM32F103R\Release\core.a(usb_serial.cpp.o)
                0x08002648                USBSerial::begin()
 .text._ZN9USBSerial5writeEPKhm
                0x08002684       0x44 C:\Users\Administrator\AppData\Local\Temp\VMBuilds\Universal_controllerV2.0\Arduino_STM32-master_genericSTM32F103R\Release\core.a(usb_serial.cpp.o)
                0x08002684                USBSerial::write(unsigned char const*, unsigned long)
 .text._ZN9USBSerial5writeEh
                0x080026c8       0x16 C:\Users\Administrator\AppData\Local\Temp\VMBuilds\Universal_controllerV2.0\Arduino_STM32-master_genericSTM32F103R\Release\core.a(usb_serial.cpp.o)
                0x080026c8                USBSerial::write(unsigned char)
 .text._ZN9USBSerial5writeEPKc
                0x080026de       0x1a C:\Users\Administrator\AppData\Local\Temp\VMBuilds\Universal_controllerV2.0\Arduino_STM32-master_genericSTM32F103R\Release\core.a(usb_serial.cpp.o)
                0x080026de                USBSerial::write(char const*)
 .text._ZN9USBSerial4readEPhm
                0x080026f8       0x1c C:\Users\Administrator\AppData\Local\Temp\VMBuilds\Universal_controllerV2.0\Arduino_STM32-master_genericSTM32F103R\Release\core.a(usb_serial.cpp.o)
                0x080026f8                USBSerial::read(unsigned char*, unsigned long)
 .text._ZN9USBSerial5flushEv
                0x08002714       0x1c C:\Users\Administrator\AppData\Local\Temp\VMBuilds\Universal_controllerV2.0\Arduino_STM32-master_genericSTM32F103R\Release\core.a(usb_serial.cpp.o)
                0x08002714                USBSerial::flush()
 .text.startup._GLOBAL__sub_I__ZN9USBSerial9_hasBegunE
                0x08002730       0x1c C:\Users\Administrator\AppData\Local\Temp\VMBuilds\Universal_controllerV2.0\Arduino_STM32-master_genericSTM32F103R\Release\core.a(usb_serial.cpp.o)
 .text.data_register
                0x0800274c       0x28 C:\Users\Administrator\AppData\Local\Temp\VMBuilds\Universal_controllerV2.0\Arduino_STM32-master_genericSTM32F103R\Release\core.a(bkp_f1.c.o)
 .text.bkp_init
                0x08002774       0x18 C:\Users\Administrator\AppData\Local\Temp\VMBuilds\Universal_controllerV2.0\Arduino_STM32-master_genericSTM32F103R\Release\core.a(bkp_f1.c.o)
                0x08002774                bkp_init
 .text.bkp_enable_writes
                0x0800278c        0xc C:\Users\Administrator\AppData\Local\Temp\VMBuilds\Universal_controllerV2.0\Arduino_STM32-master_genericSTM32F103R\Release\core.a(bkp_f1.c.o)
                0x0800278c                bkp_enable_writes
 .text.bkp_disable_writes
                0x08002798        0xc C:\Users\Administrator\AppData\Local\Temp\VMBuilds\Universal_controllerV2.0\Arduino_STM32-master_genericSTM32F103R\Release\core.a(bkp_f1.c.o)
                0x08002798                bkp_disable_writes
 .text.bkp_write
                0x080027a4        0xc C:\Users\Administrator\AppData\Local\Temp\VMBuilds\Universal_controllerV2.0\Arduino_STM32-master_genericSTM32F103R\Release\core.a(bkp_f1.c.o)
                0x080027a4                bkp_write
 .text.gpio_init
                0x080027b0       0x14 C:\Users\Administrator\AppData\Local\Temp\VMBuilds\Universal_controllerV2.0\Arduino_STM32-master_genericSTM32F103R\Release\core.a(gpio.c.o)
                0x080027b0                gpio_init
 .text.i2c_start_condition
                0x080027c4       0x14 C:\Users\Administrator\AppData\Local\Temp\VMBuilds\Universal_controllerV2.0\Arduino_STM32-master_genericSTM32F103R\Release\core.a(i2c.c.o)
 .text.i2c_stop_condition
                0x080027d8       0x1c C:\Users\Administrator\AppData\Local\Temp\VMBuilds\Universal_controllerV2.0\Arduino_STM32-master_genericSTM32F103R\Release\core.a(i2c.c.o)
 .text._i2c_irq_handler
                0x080027f4      0x170 C:\Users\Administrator\AppData\Local\Temp\VMBuilds\Universal_controllerV2.0\Arduino_STM32-master_genericSTM32F103R\Release\core.a(i2c.c.o)
                0x080027f4                _i2c_irq_handler
 .text._i2c_irq_error_handler
                0x08002964       0x28 C:\Users\Administrator\AppData\Local\Temp\VMBuilds\Universal_controllerV2.0\Arduino_STM32-master_genericSTM32F103R\Release\core.a(i2c.c.o)
                0x08002964                _i2c_irq_error_handler
 .text.usart_tx
                0x0800298c       0x8e C:\Users\Administrator\AppData\Local\Temp\VMBuilds\Universal_controllerV2.0\Arduino_STM32-master_genericSTM32F103R\Release\core.a(usart.c.o)
                0x0800298c                usart_tx
 *fill*         0x08002a1a        0x2 
 .text.exit     0x08002a1c       0x20 c:/users/administrator/appdata/local/arduino15/packages/arduino/tools/arm-none-eabi-gcc/7-2017q4/bin/../lib/gcc/arm-none-eabi/7.2.1/../../../../arm-none-eabi/lib/thumb/v7-m\libc.a(lib_a-exit.o)
                0x08002a1c                exit
 .text.__libc_init_array
                0x08002a3c       0x48 c:/users/administrator/appdata/local/arduino15/packages/arduino/tools/arm-none-eabi-gcc/7-2017q4/bin/../lib/gcc/arm-none-eabi/7.2.1/../../../../arm-none-eabi/lib/thumb/v7-m\libc.a(lib_a-init.o)
                0x08002a3c                __libc_init_array
 .text.strlen   0x08002a84       0x5c c:/users/administrator/appdata/local/arduino15/packages/arduino/tools/arm-none-eabi-gcc/7-2017q4/bin/../lib/gcc/arm-none-eabi/7.2.1/../../../../arm-none-eabi/lib/thumb/v7-m\libc.a(lib_a-strlen-stub.o)
                0x08002a84                strlen
 .text.startup.register_fini
                0x08002ae0       0x14 c:/users/administrator/appdata/local/arduino15/packages/arduino/tools/arm-none-eabi-gcc/7-2017q4/bin/../lib/gcc/arm-none-eabi/7.2.1/../../../../arm-none-eabi/lib/thumb/v7-m\libc.a(lib_a-__call_atexit.o)
 .text.__call_exitprocs
                0x08002af4       0xe8 c:/users/administrator/appdata/local/arduino15/packages/arduino/tools/arm-none-eabi-gcc/7-2017q4/bin/../lib/gcc/arm-none-eabi/7.2.1/../../../../arm-none-eabi/lib/thumb/v7-m\libc.a(lib_a-__call_atexit.o)
                0x08002af4                __call_exitprocs
 .text.atexit   0x08002bdc        0xc c:/users/administrator/appdata/local/arduino15/packages/arduino/tools/arm-none-eabi-gcc/7-2017q4/bin/../lib/gcc/arm-none-eabi/7.2.1/../../../../arm-none-eabi/lib/thumb/v7-m\libc.a(lib_a-atexit.o)
                0x08002bdc                atexit
 .text.__libc_fini_array
                0x08002be8       0x34 c:/users/administrator/appdata/local/arduino15/packages/arduino/tools/arm-none-eabi-gcc/7-2017q4/bin/../lib/gcc/arm-none-eabi/7.2.1/../../../../arm-none-eabi/lib/thumb/v7-m\libc.a(lib_a-fini.o)
                0x08002be8                __libc_fini_array
 .text.__retarget_lock_acquire_recursive
                0x08002c1c        0x4 c:/users/administrator/appdata/local/arduino15/packages/arduino/tools/arm-none-eabi-gcc/7-2017q4/bin/../lib/gcc/arm-none-eabi/7.2.1/../../../../arm-none-eabi/lib/thumb/v7-m\libc.a(lib_a-lock.o)
                0x08002c1c                __retarget_lock_acquire_recursive
 .text.__retarget_lock_release_recursive
                0x08002c20        0x4 c:/users/administrator/appdata/local/arduino15/packages/arduino/tools/arm-none-eabi-gcc/7-2017q4/bin/../lib/gcc/arm-none-eabi/7.2.1/../../../../arm-none-eabi/lib/thumb/v7-m\libc.a(lib_a-lock.o)
                0x08002c20                __retarget_lock_release_recursive
 .text.__register_exitproc
                0x08002c24       0xc0 c:/users/administrator/appdata/local/arduino15/packages/arduino/tools/arm-none-eabi-gcc/7-2017q4/bin/../lib/gcc/arm-none-eabi/7.2.1/../../../../arm-none-eabi/lib/thumb/v7-m\libc.a(lib_a-__atexit.o)
                0x08002c24                __register_exitproc
 *(.plt)
 *(.gnu.warning)
 *(.glue_7t)
 .glue_7t       0x08002ce4        0x0 linker stubs
 *(.glue_7)
 .glue_7        0x08002ce4        0x0 linker stubs
 *(.vfp11_veneer)
 .vfp11_veneer  0x08002ce4        0x0 linker stubs
 *(.ARM.extab* .gnu.linkonce.armextab.*)
 *(.gcc_except_table)
 *(.eh_frame_hdr)
 *(.eh_frame)
 .eh_frame      0x08002ce4        0x0 c:/users/administrator/appdata/local/arduino15/packages/arduino/tools/arm-none-eabi-gcc/7-2017q4/bin/../lib/gcc/arm-none-eabi/7.2.1/thumb/v7-m/crtbegin.o
                0x08002ce4                . = ALIGN (0x4)
 *(.init)
 .init          0x08002ce4        0x4 c:/users/administrator/appdata/local/arduino15/packages/arduino/tools/arm-none-eabi-gcc/7-2017q4/bin/../lib/gcc/arm-none-eabi/7.2.1/thumb/v7-m/crti.o
                0x08002ce4                _init
 .init          0x08002ce8        0x8 c:/users/administrator/appdata/local/arduino15/packages/arduino/tools/arm-none-eabi-gcc/7-2017q4/bin/../lib/gcc/arm-none-eabi/7.2.1/thumb/v7-m/crtn.o
                0x08002cf0                . = ALIGN (0x4)
                0x08002cf0                __preinit_array_start = .
 *(.preinit_array)
                0x08002cf0                __preinit_array_end = .
                0x08002cf0                . = ALIGN (0x4)
                0x08002cf0                __init_array_start = .
 *(SORT_BY_NAME(.init_array.*))
 .init_array.00000
                0x08002cf0        0x4 c:/users/administrator/appdata/local/arduino15/packages/arduino/tools/arm-none-eabi-gcc/7-2017q4/bin/../lib/gcc/arm-none-eabi/7.2.1/../../../../arm-none-eabi/lib/thumb/v7-m\libc.a(lib_a-__call_atexit.o)
 .init_array.00101
                0x08002cf4        0x4 C:\Users\Administrator\AppData\Local\Temp\VMBuilds\Universal_controllerV2.0\Arduino_STM32-master_genericSTM32F103R\Release\core.a(main.cpp.o)
 *(.init_array)
 .init_array    0x08002cf8        0x4 c:/users/administrator/appdata/local/arduino15/packages/arduino/tools/arm-none-eabi-gcc/7-2017q4/bin/../lib/gcc/arm-none-eabi/7.2.1/thumb/v7-m/crtbegin.o
 .init_array    0x08002cfc        0x4 C:\Users\Administrator\AppData\Local\Temp\VMBCore\arduino16x\1d5bbd1283c0998d3b1230e5801fb023\variant\board.cpp.o
 .init_array    0x08002d00        0x4 C:\Users\Administrator\AppData\Local\Temp\VMBuilds\Universal_controllerV2.0\Arduino_STM32-master_genericSTM32F103R\Release\core.a(usb_serial.cpp.o)
                0x08002d04                __init_array_end = .
                0x08002d04                . = ALIGN (0x4)
 *crtbegin.o(.ctors)
 *(EXCLUDE_FILE(*crtend.o) .ctors)
 *(SORT_BY_NAME(.ctors.*))
 *crtend.o(.ctors)
                0x08002d04                . = ALIGN (0x4)
 *(.fini)
 .fini          0x08002d04        0x4 c:/users/administrator/appdata/local/arduino15/packages/arduino/tools/arm-none-eabi-gcc/7-2017q4/bin/../lib/gcc/arm-none-eabi/7.2.1/thumb/v7-m/crti.o
                0x08002d04                _fini
 .fini          0x08002d08        0x8 c:/users/administrator/appdata/local/arduino15/packages/arduino/tools/arm-none-eabi-gcc/7-2017q4/bin/../lib/gcc/arm-none-eabi/7.2.1/thumb/v7-m/crtn.o
                0x08002d10                . = ALIGN (0x4)
                0x08002d10                __fini_array_start = .
 *(.fini_array)
 .fini_array    0x08002d10        0x4 c:/users/administrator/appdata/local/arduino15/packages/arduino/tools/arm-none-eabi-gcc/7-2017q4/bin/../lib/gcc/arm-none-eabi/7.2.1/thumb/v7-m/crtbegin.o
 *(SORT_BY_NAME(.fini_array.*))
                0x08002d14                __fini_array_end = .
 *crtbegin.o(.dtors)
 *(EXCLUDE_FILE(*crtend.o) .dtors)
 *(SORT_BY_NAME(.dtors.*))
 *crtend.o(.dtors)

.v4_bx          0x08002d14        0x0
 .v4_bx         0x08002d14        0x0 linker stubs

.iplt           0x08002d14        0x0
 .iplt          0x08002d14        0x0 c:/users/administrator/appdata/local/arduino15/packages/arduino/tools/arm-none-eabi-gcc/7-2017q4/bin/../lib/gcc/arm-none-eabi/7.2.1/thumb/v7-m/crtbegin.o

.text.align     0x08002d14        0x4
                0x08002d18                . = ALIGN (0x8)
 *fill*         0x08002d14        0x4 
                0x08002d18                __text_end__ = .
                0x08002d18                __exidx_start = .

.ARM.exidx      0x08002d18        0x8
 *(.ARM.exidx* .gnu.linkonce.armexidx.*)
 .ARM.exidx     0x08002d18        0x8 C:\Users\Administrator\AppData\Local\Temp\VMBCore\arduino16x\1d5bbd1283c0998d3b1230e5801fb023\variant\start.S.o
                0x08002d20                __exidx_end = .

.data           0x20000000      0xa50 load address 0x08002d20
                0x20000000                __data_start__ = .
                0x20000000        0x4 LONG 0x0
                0x20000008                . = ALIGN (0x8)
 *fill*         0x20000004        0x4 
 *(.got.plt)
 *(.got)
 *(.data .data.* .gnu.linkonce.d.*)
 .data._ZN6wirish4priv15w_board_pll_cfgE
                0x20000008        0x8 C:\Users\Administrator\AppData\Local\Temp\VMBCore\arduino16x\1d5bbd1283c0998d3b1230e5801fb023\variant\boards_setup.cpp.o
                0x20000008                wirish::priv::w_board_pll_cfg
 .data._ZN6wirish4priv9w_adc_preE
                0x20000010        0x2 C:\Users\Administrator\AppData\Local\Temp\VMBCore\arduino16x\1d5bbd1283c0998d3b1230e5801fb023\variant\boards_setup.cpp.o
                0x20000010                wirish::priv::w_adc_pre
 .data._ZN6wirish4priv9w_adc_smpE
                0x20000012        0x1 C:\Users\Administrator\AppData\Local\Temp\VMBCore\arduino16x\1d5bbd1283c0998d3b1230e5801fb023\variant\boards_setup.cpp.o
                0x20000012                wirish::priv::w_adc_smp
 *fill*         0x20000013        0x1 
 .data._ZN6wirish4privL8pll_dataE
                0x20000014        0x4 C:\Users\Administrator\AppData\Local\Temp\VMBCore\arduino16x\1d5bbd1283c0998d3b1230e5801fb023\variant\boards_setup.cpp.o
 .data.ADC1     0x20000018        0x4 C:\Users\Administrator\AppData\Local\Temp\VMBuilds\Universal_controllerV2.0\Arduino_STM32-master_genericSTM32F103R\Release\core.a(adc_f1.c.o)
                0x20000018                ADC1
 .data.ADC2     0x2000001c        0x4 C:\Users\Administrator\AppData\Local\Temp\VMBuilds\Universal_controllerV2.0\Arduino_STM32-master_genericSTM32F103R\Release\core.a(adc_f1.c.o)
                0x2000001c                ADC2
 .data.ADC3     0x20000020        0x4 C:\Users\Administrator\AppData\Local\Temp\VMBuilds\Universal_controllerV2.0\Arduino_STM32-master_genericSTM32F103R\Release\core.a(adc_f1.c.o)
                0x20000020                ADC3
 .data.adc1     0x20000024       0x18 C:\Users\Administrator\AppData\Local\Temp\VMBuilds\Universal_controllerV2.0\Arduino_STM32-master_genericSTM32F103R\Release\core.a(adc_f1.c.o)
                0x20000024                adc1
 .data.adc2     0x2000003c        0x8 C:\Users\Administrator\AppData\Local\Temp\VMBuilds\Universal_controllerV2.0\Arduino_STM32-master_genericSTM32F103R\Release\core.a(adc_f1.c.o)
                0x2000003c                adc2
 .data.adc3     0x20000044       0x18 C:\Users\Administrator\AppData\Local\Temp\VMBuilds\Universal_controllerV2.0\Arduino_STM32-master_genericSTM32F103R\Release\core.a(adc_f1.c.o)
                0x20000044                adc3
 .data.DMA1     0x2000005c        0x4 C:\Users\Administrator\AppData\Local\Temp\VMBuilds\Universal_controllerV2.0\Arduino_STM32-master_genericSTM32F103R\Release\core.a(dma_f1.c.o)
                0x2000005c                DMA1
 .data.DMA2     0x20000060        0x4 C:\Users\Administrator\AppData\Local\Temp\VMBuilds\Universal_controllerV2.0\Arduino_STM32-master_genericSTM32F103R\Release\core.a(dma_f1.c.o)
                0x20000060                DMA2
 .data.dma1     0x20000064       0x40 C:\Users\Administrator\AppData\Local\Temp\VMBuilds\Universal_controllerV2.0\Arduino_STM32-master_genericSTM32F103R\Release\core.a(dma_f1.c.o)
 .data.dma2     0x200000a4       0x30 C:\Users\Administrator\AppData\Local\Temp\VMBuilds\Universal_controllerV2.0\Arduino_STM32-master_genericSTM32F103R\Release\core.a(dma_f1.c.o)
 .data.gpioa    0x200000d4        0x8 C:\Users\Administrator\AppData\Local\Temp\VMBuilds\Universal_controllerV2.0\Arduino_STM32-master_genericSTM32F103R\Release\core.a(gpio_f1.c.o)
                0x200000d4                gpioa
 .data.gpiob    0x200000dc        0x8 C:\Users\Administrator\AppData\Local\Temp\VMBuilds\Universal_controllerV2.0\Arduino_STM32-master_genericSTM32F103R\Release\core.a(gpio_f1.c.o)
                0x200000dc                gpiob
 .data.gpioc    0x200000e4        0x8 C:\Users\Administrator\AppData\Local\Temp\VMBuilds\Universal_controllerV2.0\Arduino_STM32-master_genericSTM32F103R\Release\core.a(gpio_f1.c.o)
                0x200000e4                gpioc
 .data.gpiod    0x200000ec        0x8 C:\Users\Administrator\AppData\Local\Temp\VMBuilds\Universal_controllerV2.0\Arduino_STM32-master_genericSTM32F103R\Release\core.a(gpio_f1.c.o)
                0x200000ec                gpiod
 .data.i2c1     0x200000f4       0x24 C:\Users\Administrator\AppData\Local\Temp\VMBuilds\Universal_controllerV2.0\Arduino_STM32-master_genericSTM32F103R\Release\core.a(i2c_f1.c.o)
 .data.i2c2     0x20000118       0x24 C:\Users\Administrator\AppData\Local\Temp\VMBuilds\Universal_controllerV2.0\Arduino_STM32-master_genericSTM32F103R\Release\core.a(i2c_f1.c.o)
 .data.enable_regs.4454
                0x2000013c        0xc C:\Users\Administrator\AppData\Local\Temp\VMBuilds\Universal_controllerV2.0\Arduino_STM32-master_genericSTM32F103R\Release\core.a(rcc_f1.c.o)
 .data.enable_regs.4467
                0x20000148        0xc C:\Users\Administrator\AppData\Local\Temp\VMBuilds\Universal_controllerV2.0\Arduino_STM32-master_genericSTM32F103R\Release\core.a(rcc_f1.c.o)
 .data.reset_regs.4458
                0x20000154        0x8 C:\Users\Administrator\AppData\Local\Temp\VMBuilds\Universal_controllerV2.0\Arduino_STM32-master_genericSTM32F103R\Release\core.a(rcc_f1.c.o)
 .data.timer1   0x2000015c       0x28 C:\Users\Administrator\AppData\Local\Temp\VMBuilds\Universal_controllerV2.0\Arduino_STM32-master_genericSTM32F103R\Release\core.a(timer.c.o)
                0x2000015c                timer1
 .data.timer2   0x20000184       0x24 C:\Users\Administrator\AppData\Local\Temp\VMBuilds\Universal_controllerV2.0\Arduino_STM32-master_genericSTM32F103R\Release\core.a(timer.c.o)
                0x20000184                timer2
 .data.timer3   0x200001a8       0x24 C:\Users\Administrator\AppData\Local\Temp\VMBuilds\Universal_controllerV2.0\Arduino_STM32-master_genericSTM32F103R\Release\core.a(timer.c.o)
                0x200001a8                timer3
 .data.timer4   0x200001cc       0x24 C:\Users\Administrator\AppData\Local\Temp\VMBuilds\Universal_controllerV2.0\Arduino_STM32-master_genericSTM32F103R\Release\core.a(timer.c.o)
                0x200001cc                timer4
 .data.timer5   0x200001f0       0x24 C:\Users\Administrator\AppData\Local\Temp\VMBuilds\Universal_controllerV2.0\Arduino_STM32-master_genericSTM32F103R\Release\core.a(timer.c.o)
                0x200001f0                timer5
 .data.timer6   0x20000214        0xc C:\Users\Administrator\AppData\Local\Temp\VMBuilds\Universal_controllerV2.0\Arduino_STM32-master_genericSTM32F103R\Release\core.a(timer.c.o)
                0x20000214                timer6
 .data.timer7   0x20000220        0xc C:\Users\Administrator\AppData\Local\Temp\VMBuilds\Universal_controllerV2.0\Arduino_STM32-master_genericSTM32F103R\Release\core.a(timer.c.o)
                0x20000220                timer7
 .data.timer8   0x2000022c       0x28 C:\Users\Administrator\AppData\Local\Temp\VMBuilds\Universal_controllerV2.0\Arduino_STM32-master_genericSTM32F103R\Release\core.a(timer.c.o)
                0x2000022c                timer8
 .data.UART4    0x20000254        0x4 C:\Users\Administrator\AppData\Local\Temp\VMBuilds\Universal_controllerV2.0\Arduino_STM32-master_genericSTM32F103R\Release\core.a(usart_f1.c.o)
                0x20000254                UART4
 .data.UART5    0x20000258        0x4 C:\Users\Administrator\AppData\Local\Temp\VMBuilds\Universal_controllerV2.0\Arduino_STM32-master_genericSTM32F103R\Release\core.a(usart_f1.c.o)
                0x20000258                UART5
 .data.USART1   0x2000025c        0x4 C:\Users\Administrator\AppData\Local\Temp\VMBuilds\Universal_controllerV2.0\Arduino_STM32-master_genericSTM32F103R\Release\core.a(usart_f1.c.o)
                0x2000025c                USART1
 .data.USART2   0x20000260        0x4 C:\Users\Administrator\AppData\Local\Temp\VMBuilds\Universal_controllerV2.0\Arduino_STM32-master_genericSTM32F103R\Release\core.a(usart_f1.c.o)
                0x20000260                USART2
 .data.USART3   0x20000264        0x4 C:\Users\Administrator\AppData\Local\Temp\VMBuilds\Universal_controllerV2.0\Arduino_STM32-master_genericSTM32F103R\Release\core.a(usart_f1.c.o)
                0x20000264                USART3
 .data.uart4    0x20000268       0x94 C:\Users\Administrator\AppData\Local\Temp\VMBuilds\Universal_controllerV2.0\Arduino_STM32-master_genericSTM32F103R\Release\core.a(usart_f1.c.o)
 .data.uart5    0x200002fc       0x94 C:\Users\Administrator\AppData\Local\Temp\VMBuilds\Universal_controllerV2.0\Arduino_STM32-master_genericSTM32F103R\Release\core.a(usart_f1.c.o)
 .data.usart1   0x20000390       0x94 C:\Users\Administrator\AppData\Local\Temp\VMBuilds\Universal_controllerV2.0\Arduino_STM32-master_genericSTM32F103R\Release\core.a(usart_f1.c.o)
 .data.usart2   0x20000424       0x94 C:\Users\Administrator\AppData\Local\Temp\VMBuilds\Universal_controllerV2.0\Arduino_STM32-master_genericSTM32F103R\Release\core.a(usart_f1.c.o)
 .data.usart3   0x200004b8       0x94 C:\Users\Administrator\AppData\Local\Temp\VMBuilds\Universal_controllerV2.0\Arduino_STM32-master_genericSTM32F103R\Release\core.a(usart_f1.c.o)
 .data.USBLIB   0x2000054c        0x4 C:\Users\Administrator\AppData\Local\Temp\VMBuilds\Universal_controllerV2.0\Arduino_STM32-master_genericSTM32F103R\Release\core.a(usb.c.o)
                0x2000054c                USBLIB
 .data.usblib   0x20000550       0x10 C:\Users\Administrator\AppData\Local\Temp\VMBuilds\Universal_controllerV2.0\Arduino_STM32-master_genericSTM32F103R\Release\core.a(usb.c.o)
 .data.Config_Descriptor
                0x20000560        0x8 C:\Users\Administrator\AppData\Local\Temp\VMBuilds\Universal_controllerV2.0\Arduino_STM32-master_genericSTM32F103R\Release\core.a(usb_cdcacm.c.o)
 .data.Device_Descriptor
                0x20000568        0x8 C:\Users\Administrator\AppData\Local\Temp\VMBuilds\Universal_controllerV2.0\Arduino_STM32-master_genericSTM32F103R\Release\core.a(usb_cdcacm.c.o)
 .data.Device_Property
                0x20000570       0x30 C:\Users\Administrator\AppData\Local\Temp\VMBuilds\Universal_controllerV2.0\Arduino_STM32-master_genericSTM32F103R\Release\core.a(usb_cdcacm.c.o)
                0x20000570                Device_Property
 .data.Device_Table
                0x200005a0        0x2 C:\Users\Administrator\AppData\Local\Temp\VMBuilds\Universal_controllerV2.0\Arduino_STM32-master_genericSTM32F103R\Release\core.a(usb_cdcacm.c.o)
                0x200005a0                Device_Table
 *fill*         0x200005a2        0x2 
 .data.String_Descriptor
                0x200005a4       0x18 C:\Users\Administrator\AppData\Local\Temp\VMBuilds\Universal_controllerV2.0\Arduino_STM32-master_genericSTM32F103R\Release\core.a(usb_cdcacm.c.o)
 .data.User_Standard_Requests
                0x200005bc       0x24 C:\Users\Administrator\AppData\Local\Temp\VMBuilds\Universal_controllerV2.0\Arduino_STM32-master_genericSTM32F103R\Release\core.a(usb_cdcacm.c.o)
                0x200005bc                User_Standard_Requests
 .data.ep_int_in
                0x200005e0       0x1c C:\Users\Administrator\AppData\Local\Temp\VMBuilds\Universal_controllerV2.0\Arduino_STM32-master_genericSTM32F103R\Release\core.a(usb_cdcacm.c.o)
 .data.ep_int_out
                0x200005fc       0x1c C:\Users\Administrator\AppData\Local\Temp\VMBuilds\Universal_controllerV2.0\Arduino_STM32-master_genericSTM32F103R\Release\core.a(usb_cdcacm.c.o)
 .data.line_coding
                0x20000618        0x7 C:\Users\Administrator\AppData\Local\Temp\VMBuilds\Universal_controllerV2.0\Arduino_STM32-master_genericSTM32F103R\Release\core.a(usb_cdcacm.c.o)
 *fill*         0x2000061f        0x1 
 .data.impure_data
                0x20000620      0x428 c:/users/administrator/appdata/local/arduino15/packages/arduino/tools/arm-none-eabi-gcc/7-2017q4/bin/../lib/gcc/arm-none-eabi/7.2.1/../../../../arm-none-eabi/lib/thumb/v7-m\libc.a(lib_a-impure.o)
 .data.__atexit_recursive_mutex
                0x20000a48        0x4 c:/users/administrator/appdata/local/arduino15/packages/arduino/tools/arm-none-eabi-gcc/7-2017q4/bin/../lib/gcc/arm-none-eabi/7.2.1/../../../../arm-none-eabi/lib/thumb/v7-m\libc.a(lib_a-__call_atexit.o)
                0x20000a48                __atexit_recursive_mutex
                0x20000a50                . = ALIGN (0x8)
 *fill*         0x20000a4c        0x4 
                0x20000a50                __data_end__ = .

.igot.plt       0x20000a50        0x0 load address 0x08003770
 .igot.plt      0x20000a50        0x0 c:/users/administrator/appdata/local/arduino15/packages/arduino/tools/arm-none-eabi-gcc/7-2017q4/bin/../lib/gcc/arm-none-eabi/7.2.1/thumb/v7-m/crtbegin.o

.rodata         0x08003770      0x470
 *(.rodata .rodata.* .gnu.linkonce.r.*)
 .rodata.PIN_MAP
                0x08003770      0x330 C:\Users\Administrator\AppData\Local\Temp\VMBCore\arduino16x\1d5bbd1283c0998d3b1230e5801fb023\variant\board.cpp.o
                0x08003770                PIN_MAP
 .rodata.GPIOB  0x08003aa0        0x4 C:\Users\Administrator\AppData\Local\Temp\VMBuilds\Universal_controllerV2.0\Arduino_STM32-master_genericSTM32F103R\Release\core.a(gpio_f1.c.o)
                0x08003aa0                GPIOB
 .rodata.GPIOC  0x08003aa4        0x4 C:\Users\Administrator\AppData\Local\Temp\VMBuilds\Universal_controllerV2.0\Arduino_STM32-master_genericSTM32F103R\Release\core.a(gpio_f1.c.o)
                0x08003aa4                GPIOC
 .rodata.masks.4463
                0x08003aa8       0x14 C:\Users\Administrator\AppData\Local\Temp\VMBuilds\Universal_controllerV2.0\Arduino_STM32-master_genericSTM32F103R\Release\core.a(rcc_f1.c.o)
 .rodata.rcc_dev_table
                0x08003abc       0x5c C:\Users\Administrator\AppData\Local\Temp\VMBuilds\Universal_controllerV2.0\Arduino_STM32-master_genericSTM32F103R\Release\core.a(rcc_f1.c.o)
                0x08003abc                rcc_dev_table
 .rodata.usbVcomDescriptor_Config
                0x08003b18       0x43 C:\Users\Administrator\AppData\Local\Temp\VMBuilds\Universal_controllerV2.0\Arduino_STM32-master_genericSTM32F103R\Release\core.a(usb_cdcacm.c.o)
 .rodata.usbVcomDescriptor_Device
                0x08003b5b       0x12 C:\Users\Administrator\AppData\Local\Temp\VMBuilds\Universal_controllerV2.0\Arduino_STM32-master_genericSTM32F103R\Release\core.a(usb_cdcacm.c.o)
 .rodata.usbVcomDescriptor_LangID
                0x08003b6d        0x4 C:\Users\Administrator\AppData\Local\Temp\VMBuilds\Universal_controllerV2.0\Arduino_STM32-master_genericSTM32F103R\Release\core.a(usb_cdcacm.c.o)
 .rodata.usbVcomDescriptor_iManufacturer
                0x08003b71       0x12 C:\Users\Administrator\AppData\Local\Temp\VMBuilds\Universal_controllerV2.0\Arduino_STM32-master_genericSTM32F103R\Release\core.a(usb_cdcacm.c.o)
 .rodata.usbVcomDescriptor_iProduct
                0x08003b83        0xc C:\Users\Administrator\AppData\Local\Temp\VMBuilds\Universal_controllerV2.0\Arduino_STM32-master_genericSTM32F103R\Release\core.a(usb_cdcacm.c.o)
 *fill*         0x08003b8f        0x1 
 .rodata._ZTV14HardwareSerial
                0x08003b90       0x24 C:\Users\Administrator\AppData\Local\Temp\VMBuilds\Universal_controllerV2.0\Arduino_STM32-master_genericSTM32F103R\Release\core.a(HardwareSerial.cpp.o)
                0x08003b90                vtable for HardwareSerial
 .rodata._ZTV9USBSerial
                0x08003bb4       0x24 C:\Users\Administrator\AppData\Local\Temp\VMBuilds\Universal_controllerV2.0\Arduino_STM32-master_genericSTM32F103R\Release\core.a(usb_serial.cpp.o)
                0x08003bb4                vtable for USBSerial
 .rodata._global_impure_ptr
                0x08003bd8        0x4 c:/users/administrator/appdata/local/arduino15/packages/arduino/tools/arm-none-eabi-gcc/7-2017q4/bin/../lib/gcc/arm-none-eabi/7.2.1/../../../../arm-none-eabi/lib/thumb/v7-m\libc.a(lib_a-impure.o)
                0x08003bd8                _global_impure_ptr
 *(.USER_FLASH)
                0x08003bdc                . = ALIGN (0x4)
                0x08003bdc                _lm_rom_img_cfgp = .
                0x08003bdc        0x4 LONG 0x8002d20 LOADADDR (.data)
                0x20000e80                _lm_heap_start = DEFINED (_lm_heap_start)?_lm_heap_start:_end
                0x2000c000                _lm_heap_end = DEFINED (_lm_heap_end)?_lm_heap_end:__msp_init

.rel.dyn        0x08003be0        0x0
 .rel.iplt      0x08003be0        0x0 c:/users/administrator/appdata/local/arduino15/packages/arduino/tools/arm-none-eabi-gcc/7-2017q4/bin/../lib/gcc/arm-none-eabi/7.2.1/thumb/v7-m/crtbegin.o

.bss            0x20000a50      0x430
                0x20000a50                . = ALIGN (0x8)
                0x20000a50                __bss_start__ = .
 *(.bss .bss.* .gnu.linkonce.b.*)
 .bss           0x20000a50       0x1c c:/users/administrator/appdata/local/arduino15/packages/arduino/tools/arm-none-eabi-gcc/7-2017q4/bin/../lib/gcc/arm-none-eabi/7.2.1/thumb/v7-m/crtbegin.o
 .bss.Serial1   0x20000a6c       0x18 C:\Users\Administrator\AppData\Local\Temp\VMBCore\arduino16x\1d5bbd1283c0998d3b1230e5801fb023\variant\board.cpp.o
                0x20000a6c                Serial1
 .bss.Serial2   0x20000a84       0x18 C:\Users\Administrator\AppData\Local\Temp\VMBCore\arduino16x\1d5bbd1283c0998d3b1230e5801fb023\variant\board.cpp.o
                0x20000a84                Serial2
 .bss.Serial3   0x20000a9c       0x18 C:\Users\Administrator\AppData\Local\Temp\VMBCore\arduino16x\1d5bbd1283c0998d3b1230e5801fb023\variant\board.cpp.o
                0x20000a9c                Serial3
 .bss.Serial4   0x20000ab4       0x18 C:\Users\Administrator\AppData\Local\Temp\VMBCore\arduino16x\1d5bbd1283c0998d3b1230e5801fb023\variant\board.cpp.o
                0x20000ab4                Serial4
 .bss.Serial5   0x20000acc       0x18 C:\Users\Administrator\AppData\Local\Temp\VMBCore\arduino16x\1d5bbd1283c0998d3b1230e5801fb023\variant\board.cpp.o
                0x20000acc                Serial5
 .bss.exti_channels
                0x20000ae4       0x80 C:\Users\Administrator\AppData\Local\Temp\VMBuilds\Universal_controllerV2.0\Arduino_STM32-master_genericSTM32F103R\Release\core.a(exti.c.o)
 .bss.systick_user_callback
                0x20000b64        0x4 C:\Users\Administrator\AppData\Local\Temp\VMBuilds\Universal_controllerV2.0\Arduino_STM32-master_genericSTM32F103R\Release\core.a(systick.c.o)
 .bss.uart4_rb  0x20000b68        0xc C:\Users\Administrator\AppData\Local\Temp\VMBuilds\Universal_controllerV2.0\Arduino_STM32-master_genericSTM32F103R\Release\core.a(usart_f1.c.o)
 .bss.uart4_wb  0x20000b74        0xc C:\Users\Administrator\AppData\Local\Temp\VMBuilds\Universal_controllerV2.0\Arduino_STM32-master_genericSTM32F103R\Release\core.a(usart_f1.c.o)
 .bss.uart5_rb  0x20000b80        0xc C:\Users\Administrator\AppData\Local\Temp\VMBuilds\Universal_controllerV2.0\Arduino_STM32-master_genericSTM32F103R\Release\core.a(usart_f1.c.o)
 .bss.uart5_wb  0x20000b8c        0xc C:\Users\Administrator\AppData\Local\Temp\VMBuilds\Universal_controllerV2.0\Arduino_STM32-master_genericSTM32F103R\Release\core.a(usart_f1.c.o)
 .bss.usart1_rb
                0x20000b98        0xc C:\Users\Administrator\AppData\Local\Temp\VMBuilds\Universal_controllerV2.0\Arduino_STM32-master_genericSTM32F103R\Release\core.a(usart_f1.c.o)
 .bss.usart1_wb
                0x20000ba4        0xc C:\Users\Administrator\AppData\Local\Temp\VMBuilds\Universal_controllerV2.0\Arduino_STM32-master_genericSTM32F103R\Release\core.a(usart_f1.c.o)
 .bss.usart2_rb
                0x20000bb0        0xc C:\Users\Administrator\AppData\Local\Temp\VMBuilds\Universal_controllerV2.0\Arduino_STM32-master_genericSTM32F103R\Release\core.a(usart_f1.c.o)
 .bss.usart2_wb
                0x20000bbc        0xc C:\Users\Administrator\AppData\Local\Temp\VMBuilds\Universal_controllerV2.0\Arduino_STM32-master_genericSTM32F103R\Release\core.a(usart_f1.c.o)
 .bss.usart3_rb
                0x20000bc8        0xc C:\Users\Administrator\AppData\Local\Temp\VMBuilds\Universal_controllerV2.0\Arduino_STM32-master_genericSTM32F103R\Release\core.a(usart_f1.c.o)
 .bss.usart3_wb
                0x20000bd4        0xc C:\Users\Administrator\AppData\Local\Temp\VMBuilds\Universal_controllerV2.0\Arduino_STM32-master_genericSTM32F103R\Release\core.a(usart_f1.c.o)
 .bss.iface_setup_hook
                0x20000be0        0x4 C:\Users\Administrator\AppData\Local\Temp\VMBuilds\Universal_controllerV2.0\Arduino_STM32-master_genericSTM32F103R\Release\core.a(usb_cdcacm.c.o)
 .bss.line_dtr_rts
                0x20000be4        0x1 C:\Users\Administrator\AppData\Local\Temp\VMBuilds\Universal_controllerV2.0\Arduino_STM32-master_genericSTM32F103R\Release\core.a(usb_cdcacm.c.o)
 *fill*         0x20000be5        0x3 
 .bss.rx_head   0x20000be8        0x4 C:\Users\Administrator\AppData\Local\Temp\VMBuilds\Universal_controllerV2.0\Arduino_STM32-master_genericSTM32F103R\Release\core.a(usb_cdcacm.c.o)
 .bss.rx_hook   0x20000bec        0x4 C:\Users\Administrator\AppData\Local\Temp\VMBuilds\Universal_controllerV2.0\Arduino_STM32-master_genericSTM32F103R\Release\core.a(usb_cdcacm.c.o)
 .bss.rx_tail   0x20000bf0        0x4 C:\Users\Administrator\AppData\Local\Temp\VMBuilds\Universal_controllerV2.0\Arduino_STM32-master_genericSTM32F103R\Release\core.a(usb_cdcacm.c.o)
 .bss.transmitting
                0x20000bf4        0x1 C:\Users\Administrator\AppData\Local\Temp\VMBuilds\Universal_controllerV2.0\Arduino_STM32-master_genericSTM32F103R\Release\core.a(usb_cdcacm.c.o)
 *fill*         0x20000bf5        0x3 
 .bss.tx_head   0x20000bf8        0x4 C:\Users\Administrator\AppData\Local\Temp\VMBuilds\Universal_controllerV2.0\Arduino_STM32-master_genericSTM32F103R\Release\core.a(usb_cdcacm.c.o)
 .bss.tx_tail   0x20000bfc        0x4 C:\Users\Administrator\AppData\Local\Temp\VMBuilds\Universal_controllerV2.0\Arduino_STM32-master_genericSTM32F103R\Release\core.a(usb_cdcacm.c.o)
 .bss.vcomBufferRx
                0x20000c00      0x100 C:\Users\Administrator\AppData\Local\Temp\VMBuilds\Universal_controllerV2.0\Arduino_STM32-master_genericSTM32F103R\Release\core.a(usb_cdcacm.c.o)
 .bss.vcomBufferTx
                0x20000d00      0x100 C:\Users\Administrator\AppData\Local\Temp\VMBuilds\Universal_controllerV2.0\Arduino_STM32-master_genericSTM32F103R\Release\core.a(usb_cdcacm.c.o)
 .bss.Data_Mul_MaxPacketSize
                0x20000e00        0x1 C:\Users\Administrator\AppData\Local\Temp\VMBuilds\Universal_controllerV2.0\Arduino_STM32-master_genericSTM32F103R\Release\core.a(usb_core.c.o)
                0x20000e00                Data_Mul_MaxPacketSize
 *fill*         0x20000e01        0x3 
 .bss.Serial    0x20000e04       0x10 C:\Users\Administrator\AppData\Local\Temp\VMBuilds\Universal_controllerV2.0\Arduino_STM32-master_genericSTM32F103R\Release\core.a(usb_serial.cpp.o)
                0x20000e04                Serial
 .bss._ZL11reset_state
                0x20000e14        0x1 C:\Users\Administrator\AppData\Local\Temp\VMBuilds\Universal_controllerV2.0\Arduino_STM32-master_genericSTM32F103R\Release\core.a(usb_serial.cpp.o)
 .bss._ZN9USBSerial11_isBlockingE
                0x20000e15        0x1 C:\Users\Administrator\AppData\Local\Temp\VMBuilds\Universal_controllerV2.0\Arduino_STM32-master_genericSTM32F103R\Release\core.a(usb_serial.cpp.o)
                0x20000e15                USBSerial::_isBlocking
 .bss._ZN9USBSerial9_hasBegunE
                0x20000e16        0x1 C:\Users\Administrator\AppData\Local\Temp\VMBuilds\Universal_controllerV2.0\Arduino_STM32-master_genericSTM32F103R\Release\core.a(usb_serial.cpp.o)
                0x20000e16                USBSerial::_hasBegun
 *(COMMON)
 *fill*         0x20000e17        0x1 
 COMMON         0x20000e18        0x4 C:\Users\Administrator\AppData\Local\Temp\VMBuilds\Universal_controllerV2.0\Arduino_STM32-master_genericSTM32F103R\Release\core.a(systick.c.o)
                0x20000e18                systick_uptime_millis
 COMMON         0x20000e1c        0x6 C:\Users\Administrator\AppData\Local\Temp\VMBuilds\Universal_controllerV2.0\Arduino_STM32-master_genericSTM32F103R\Release\core.a(usb.c.o)
                0x20000e1c                SaveRState
                0x20000e1e                SaveTState
                0x20000e20                ResumeS
 COMMON         0x20000e22        0x2 C:\Users\Administrator\AppData\Local\Temp\VMBuilds\Universal_controllerV2.0\Arduino_STM32-master_genericSTM32F103R\Release\core.a(usb_core.c.o)
                0x20000e22                StatusInfo
 COMMON         0x20000e24       0x32 C:\Users\Administrator\AppData\Local\Temp\VMBuilds\Universal_controllerV2.0\Arduino_STM32-master_genericSTM32F103R\Release\core.a(usb_init.c.o)
                0x20000e24                SaveState
                0x20000e28                pProperty
                0x20000e2c                EPindex
                0x20000e30                Device_Info
                0x20000e4c                pUser_Standard_Requests
                0x20000e50                pInformation
                0x20000e54                wInterrupt_Mask
 *fill*         0x20000e56        0x2 
 COMMON         0x20000e58       0x21 c:/users/administrator/appdata/local/arduino15/packages/arduino/tools/arm-none-eabi-gcc/7-2017q4/bin/../lib/gcc/arm-none-eabi/7.2.1/../../../../arm-none-eabi/lib/thumb/v7-m\libc.a(lib_a-lock.o)
                0x20000e58                __lock___atexit_recursive_mutex
                0x20000e5c                __lock___arc4random_mutex
                0x20000e60                __lock___env_recursive_mutex
                0x20000e64                __lock___sinit_recursive_mutex
                0x20000e68                __lock___malloc_recursive_mutex
                0x20000e6c                __lock___at_quick_exit_mutex
                0x20000e70                __lock___dd_hash_mutex
                0x20000e74                __lock___tz_mutex
                0x20000e78                __lock___sfp_recursive_mutex
                0x20000e80                . = ALIGN (0x8)
 *fill*         0x20000e79        0x7 
                0x20000e80                __bss_end__ = .
                0x20000e80                _end = __bss_end__

.stab
 *(.stab)

.stabstr
 *(.stabstr)

.debug
 *(.debug)

.line
 *(.line)

.debug_srcinfo
 *(.debug_srcinfo)

.debug_sfnames
 *(.debug_sfnames)

.debug_aranges  0x00000000      0xe88
 *(.debug_aranges)
 .debug_aranges
                0x00000000       0x20 Universal_controllerV2.0.cpp.o
 .debug_aranges
                0x00000020       0x20 C:\Users\Administrator\AppData\Local\Temp\VMBCore\arduino16x\1d5bbd1283c0998d3b1230e5801fb023\variant\board.cpp.o
 .debug_aranges
                0x00000040       0x40 C:\Users\Administrator\AppData\Local\Temp\VMBCore\arduino16x\1d5bbd1283c0998d3b1230e5801fb023\variant\boards.cpp.o
 .debug_aranges
                0x00000080       0x40 C:\Users\Administrator\AppData\Local\Temp\VMBCore\arduino16x\1d5bbd1283c0998d3b1230e5801fb023\variant\boards_setup.cpp.o
 .debug_aranges
                0x000000c0       0x20 C:\Users\Administrator\AppData\Local\Temp\VMBCore\arduino16x\1d5bbd1283c0998d3b1230e5801fb023\variant\start.S.o
 .debug_aranges
                0x000000e0       0x20 C:\Users\Administrator\AppData\Local\Temp\VMBCore\arduino16x\1d5bbd1283c0998d3b1230e5801fb023\variant\start_c.c.o
 .debug_aranges
                0x00000100       0x80 C:\Users\Administrator\AppData\Local\Temp\VMBCore\arduino16x\1d5bbd1283c0998d3b1230e5801fb023\variant\syscalls.c.o
 .debug_aranges
                0x00000180       0x20 C:\Users\Administrator\AppData\Local\Temp\VMBuilds\Universal_controllerV2.0\Arduino_STM32-master_genericSTM32F103R\Release\core.a(exc.S.o)
 .debug_aranges
                0x000001a0       0x20 C:\Users\Administrator\AppData\Local\Temp\VMBuilds\Universal_controllerV2.0\Arduino_STM32-master_genericSTM32F103R\Release\core.a(isrs.S.o)
 .debug_aranges
                0x000001c0       0x38 C:\Users\Administrator\AppData\Local\Temp\VMBuilds\Universal_controllerV2.0\Arduino_STM32-master_genericSTM32F103R\Release\core.a(adc.c.o)
 .debug_aranges
                0x000001f8       0x60 C:\Users\Administrator\AppData\Local\Temp\VMBuilds\Universal_controllerV2.0\Arduino_STM32-master_genericSTM32F103R\Release\core.a(adc_f1.c.o)
 .debug_aranges
                0x00000258       0xc8 C:\Users\Administrator\AppData\Local\Temp\VMBuilds\Universal_controllerV2.0\Arduino_STM32-master_genericSTM32F103R\Release\core.a(dma_f1.c.o)
 .debug_aranges
                0x00000320       0x70 C:\Users\Administrator\AppData\Local\Temp\VMBuilds\Universal_controllerV2.0\Arduino_STM32-master_genericSTM32F103R\Release\core.a(exti.c.o)
 .debug_aranges
                0x00000390       0x20 C:\Users\Administrator\AppData\Local\Temp\VMBuilds\Universal_controllerV2.0\Arduino_STM32-master_genericSTM32F103R\Release\core.a(flash.c.o)
 .debug_aranges
                0x000003b0       0x40 C:\Users\Administrator\AppData\Local\Temp\VMBuilds\Universal_controllerV2.0\Arduino_STM32-master_genericSTM32F103R\Release\core.a(gpio_f1.c.o)
 .debug_aranges
                0x000003f0       0x50 C:\Users\Administrator\AppData\Local\Temp\VMBuilds\Universal_controllerV2.0\Arduino_STM32-master_genericSTM32F103R\Release\core.a(i2c_f1.c.o)
 .debug_aranges
                0x00000440       0x38 C:\Users\Administrator\AppData\Local\Temp\VMBuilds\Universal_controllerV2.0\Arduino_STM32-master_genericSTM32F103R\Release\core.a(nvic.c.o)
 .debug_aranges
                0x00000478       0x48 C:\Users\Administrator\AppData\Local\Temp\VMBuilds\Universal_controllerV2.0\Arduino_STM32-master_genericSTM32F103R\Release\core.a(rcc.c.o)
 .debug_aranges
                0x000004c0       0x48 C:\Users\Administrator\AppData\Local\Temp\VMBuilds\Universal_controllerV2.0\Arduino_STM32-master_genericSTM32F103R\Release\core.a(rcc_f1.c.o)
 .debug_aranges
                0x00000508       0x40 C:\Users\Administrator\AppData\Local\Temp\VMBuilds\Universal_controllerV2.0\Arduino_STM32-master_genericSTM32F103R\Release\core.a(systick.c.o)
 .debug_aranges
                0x00000548       0xe0 C:\Users\Administrator\AppData\Local\Temp\VMBuilds\Universal_controllerV2.0\Arduino_STM32-master_genericSTM32F103R\Release\core.a(timer.c.o)
 .debug_aranges
                0x00000628       0x68 C:\Users\Administrator\AppData\Local\Temp\VMBuilds\Universal_controllerV2.0\Arduino_STM32-master_genericSTM32F103R\Release\core.a(usart_f1.c.o)
 .debug_aranges
                0x00000690       0x50 C:\Users\Administrator\AppData\Local\Temp\VMBuilds\Universal_controllerV2.0\Arduino_STM32-master_genericSTM32F103R\Release\core.a(util.c.o)
 .debug_aranges
                0x000006e0       0x40 C:\Users\Administrator\AppData\Local\Temp\VMBuilds\Universal_controllerV2.0\Arduino_STM32-master_genericSTM32F103R\Release\core.a(usb.c.o)
 .debug_aranges
                0x00000720      0x130 C:\Users\Administrator\AppData\Local\Temp\VMBuilds\Universal_controllerV2.0\Arduino_STM32-master_genericSTM32F103R\Release\core.a(usb_cdcacm.c.o)
 .debug_aranges
                0x00000850       0x20 C:\Users\Administrator\AppData\Local\Temp\VMBuilds\Universal_controllerV2.0\Arduino_STM32-master_genericSTM32F103R\Release\core.a(usb_reg_map.c.o)
 .debug_aranges
                0x00000870       0x98 C:\Users\Administrator\AppData\Local\Temp\VMBuilds\Universal_controllerV2.0\Arduino_STM32-master_genericSTM32F103R\Release\core.a(usb_core.c.o)
 .debug_aranges
                0x00000908       0x20 C:\Users\Administrator\AppData\Local\Temp\VMBuilds\Universal_controllerV2.0\Arduino_STM32-master_genericSTM32F103R\Release\core.a(usb_init.c.o)
 .debug_aranges
                0x00000928       0x28 C:\Users\Administrator\AppData\Local\Temp\VMBuilds\Universal_controllerV2.0\Arduino_STM32-master_genericSTM32F103R\Release\core.a(usb_mem.c.o)
 .debug_aranges
                0x00000950      0x1a0 C:\Users\Administrator\AppData\Local\Temp\VMBuilds\Universal_controllerV2.0\Arduino_STM32-master_genericSTM32F103R\Release\core.a(usb_regs.c.o)
 .debug_aranges
                0x00000af0       0x70 C:\Users\Administrator\AppData\Local\Temp\VMBuilds\Universal_controllerV2.0\Arduino_STM32-master_genericSTM32F103R\Release\core.a(HardwareSerial.cpp.o)
 .debug_aranges
                0x00000b60       0x28 C:\Users\Administrator\AppData\Local\Temp\VMBuilds\Universal_controllerV2.0\Arduino_STM32-master_genericSTM32F103R\Release\core.a(main.cpp.o)
 .debug_aranges
                0x00000b88      0x110 C:\Users\Administrator\AppData\Local\Temp\VMBuilds\Universal_controllerV2.0\Arduino_STM32-master_genericSTM32F103R\Release\core.a(Print.cpp.o)
 .debug_aranges
                0x00000c98       0xe0 C:\Users\Administrator\AppData\Local\Temp\VMBuilds\Universal_controllerV2.0\Arduino_STM32-master_genericSTM32F103R\Release\core.a(usb_serial.cpp.o)
 .debug_aranges
                0x00000d78       0x48 C:\Users\Administrator\AppData\Local\Temp\VMBuilds\Universal_controllerV2.0\Arduino_STM32-master_genericSTM32F103R\Release\core.a(bkp_f1.c.o)
 .debug_aranges
                0x00000dc0       0x20 C:\Users\Administrator\AppData\Local\Temp\VMBuilds\Universal_controllerV2.0\Arduino_STM32-master_genericSTM32F103R\Release\core.a(gpio.c.o)
 .debug_aranges
                0x00000de0       0x60 C:\Users\Administrator\AppData\Local\Temp\VMBuilds\Universal_controllerV2.0\Arduino_STM32-master_genericSTM32F103R\Release\core.a(i2c.c.o)
 .debug_aranges
                0x00000e40       0x48 C:\Users\Administrator\AppData\Local\Temp\VMBuilds\Universal_controllerV2.0\Arduino_STM32-master_genericSTM32F103R\Release\core.a(usart.c.o)

.debug_pubnames
 *(.debug_pubnames)

.debug_info     0x00000000    0x293f5
 *(.debug_info .gnu.linkonce.wi.*)
 .debug_info    0x00000000     0x28d2 Universal_controllerV2.0.cpp.o
 .debug_info    0x000028d2     0x2064 C:\Users\Administrator\AppData\Local\Temp\VMBCore\arduino16x\1d5bbd1283c0998d3b1230e5801fb023\variant\board.cpp.o
 .debug_info    0x00004936     0x16d5 C:\Users\Administrator\AppData\Local\Temp\VMBCore\arduino16x\1d5bbd1283c0998d3b1230e5801fb023\variant\boards.cpp.o
 .debug_info    0x0000600b     0x20a2 C:\Users\Administrator\AppData\Local\Temp\VMBCore\arduino16x\1d5bbd1283c0998d3b1230e5801fb023\variant\boards_setup.cpp.o
 .debug_info    0x000080ad       0x26 C:\Users\Administrator\AppData\Local\Temp\VMBCore\arduino16x\1d5bbd1283c0998d3b1230e5801fb023\variant\start.S.o
 .debug_info    0x000080d3      0x158 C:\Users\Administrator\AppData\Local\Temp\VMBCore\arduino16x\1d5bbd1283c0998d3b1230e5801fb023\variant\start_c.c.o
 .debug_info    0x0000822b      0xe96 C:\Users\Administrator\AppData\Local\Temp\VMBCore\arduino16x\1d5bbd1283c0998d3b1230e5801fb023\variant\syscalls.c.o
 .debug_info    0x000090c1       0x26 C:\Users\Administrator\AppData\Local\Temp\VMBuilds\Universal_controllerV2.0\Arduino_STM32-master_genericSTM32F103R\Release\core.a(exc.S.o)