Archive member included to satisfy reference by file (symbol)

C:\Users\Administrator\AppData\Local\Temp\VMBuilds\Universal_controllerV2.0\Arduino_STM32-master_genericSTM32F103R\Release\core.a(exc.S.o)
                              (__exc_nmi)
C:\Users\Administrator\AppData\Local\Temp\VMBuilds\Universal_controllerV2.0\Arduino_STM32-master_genericSTM32F103R\Release\core.a(isrs.S.o)
                              (__stm32reservedexception7)
C:\Users\Administrator\AppData\Local\Temp\VMBuilds\Universal_controllerV2.0\Arduino_STM32-master_genericSTM32F103R\Release\core.a(vector_table.S.o)
                              (__stm32_vector_table)
C:\Users\Administrator\AppData\Local\Temp\VMBuilds\Universal_controllerV2.0\Arduino_STM32-master_genericSTM32F103R\Release\core.a(adc.c.o)
                              C:\Users\Administrator\AppData\Local\Temp\VMBCore\arduino16x\25b7831088169986763a792a36a8f9e2\variant\boards.cpp.o (adc_set_sample_rate)
C:\Users\Administrator\AppData\Local\Temp\VMBuilds\Universal_controllerV2.0\Arduino_STM32-master_genericSTM32F103R\Release\core.a(adc_f1.c.o)
                              C:\Users\Administrator\AppData\Local\Temp\VMBuilds\Universal_controllerV2.0\Arduino_STM32-master_genericSTM32F103R\Release\core.a(vector_table.S.o) (__irq_adc)
C:\Users\Administrator\AppData\Local\Temp\VMBuilds\Universal_controllerV2.0\Arduino_STM32-master_genericSTM32F103R\Release\core.a(dma_f1.c.o)
                              C:\Users\Administrator\AppData\Local\Temp\VMBuilds\Universal_controllerV2.0\Arduino_STM32-master_genericSTM32F103R\Release\core.a(vector_table.S.o) (__irq_dma1_channel1)
C:\Users\Administrator\AppData\Local\Temp\VMBuilds\Universal_controllerV2.0\Arduino_STM32-master_genericSTM32F103R\Release\core.a(exti.c.o)
                              C:\Users\Administrator\AppData\Local\Temp\VMBuilds\Universal_controllerV2.0\Arduino_STM32-master_genericSTM32F103R\Release\core.a(vector_table.S.o) (__irq_exti0)
C:\Users\Administrator\AppData\Local\Temp\VMBuilds\Universal_controllerV2.0\Arduino_STM32-master_genericSTM32F103R\Release\core.a(exti_f1.c.o)
                              C:\Users\Administrator\AppData\Local\Temp\VMBuilds\Universal_controllerV2.0\Arduino_STM32-master_genericSTM32F103R\Release\core.a(exti.c.o) (exti_select)
C:\Users\Administrator\AppData\Local\Temp\VMBuilds\Universal_controllerV2.0\Arduino_STM32-master_genericSTM32F103R\Release\core.a(flash.c.o)
                              C:\Users\Administrator\AppData\Local\Temp\VMBCore\arduino16x\25b7831088169986763a792a36a8f9e2\variant\boards.cpp.o (flash_set_latency)
C:\Users\Administrator\AppData\Local\Temp\VMBuilds\Universal_controllerV2.0\Arduino_STM32-master_genericSTM32F103R\Release\core.a(gpio_f1.c.o)
                              C:\Users\Administrator\AppData\Local\Temp\VMBCore\arduino16x\25b7831088169986763a792a36a8f9e2\variant\boards_setup.cpp.o (gpio_init_all)
C:\Users\Administrator\AppData\Local\Temp\VMBuilds\Universal_controllerV2.0\Arduino_STM32-master_genericSTM32F103R\Release\core.a(i2c_f1.c.o)
                              C:\Users\Administrator\AppData\Local\Temp\VMBuilds\Universal_controllerV2.0\Arduino_STM32-master_genericSTM32F103R\Release\core.a(vector_table.S.o) (__irq_i2c1_ev)
C:\Users\Administrator\AppData\Local\Temp\VMBuilds\Universal_controllerV2.0\Arduino_STM32-master_genericSTM32F103R\Release\core.a(nvic.c.o)
                              C:\Users\Administrator\AppData\Local\Temp\VMBuilds\Universal_controllerV2.0\Arduino_STM32-master_genericSTM32F103R\Release\core.a(i2c_f1.c.o) (nvic_irq_set_priority)
C:\Users\Administrator\AppData\Local\Temp\VMBuilds\Universal_controllerV2.0\Arduino_STM32-master_genericSTM32F103R\Release\core.a(rcc.c.o)
                              C:\Users\Administrator\AppData\Local\Temp\VMBCore\arduino16x\25b7831088169986763a792a36a8f9e2\variant\boards.cpp.o (rcc_switch_sysclk)
C:\Users\Administrator\AppData\Local\Temp\VMBuilds\Universal_controllerV2.0\Arduino_STM32-master_genericSTM32F103R\Release\core.a(rcc_f1.c.o)
                              C:\Users\Administrator\AppData\Local\Temp\VMBCore\arduino16x\25b7831088169986763a792a36a8f9e2\variant\boards.cpp.o (rcc_configure_pll)
C:\Users\Administrator\AppData\Local\Temp\VMBuilds\Universal_controllerV2.0\Arduino_STM32-master_genericSTM32F103R\Release\core.a(systick.c.o)
                              C:\Users\Administrator\AppData\Local\Temp\VMBCore\arduino16x\25b7831088169986763a792a36a8f9e2\variant\boards.cpp.o (systick_init)
C:\Users\Administrator\AppData\Local\Temp\VMBuilds\Universal_controllerV2.0\Arduino_STM32-master_genericSTM32F103R\Release\core.a(timer.c.o)
                              C:\Users\Administrator\AppData\Local\Temp\VMBCore\arduino16x\25b7831088169986763a792a36a8f9e2\variant\boards.cpp.o (timer_foreach)
C:\Users\Administrator\AppData\Local\Temp\VMBuilds\Universal_controllerV2.0\Arduino_STM32-master_genericSTM32F103R\Release\core.a(usart_f1.c.o)
[...]
Memory Configuration

Name             Origin             Length             Attributes
ram              0x20000000         0x0000c000         xrw
rom              0x08000000         0x00040000         xr
*default*        0x00000000         0xffffffff

Linker script and memory map

LOAD c:/users/administrator/appdata/local/arduino15/packages/arduino/tools/arm-none-eabi-gcc/7-2017q4/bin/../lib/gcc/arm-none-eabi/7.2.1/thumb/v7-m/crti.o
LOAD c:/users/administrator/appdata/local/arduino15/packages/arduino/tools/arm-none-eabi-gcc/7-2017q4/bin/../lib/gcc/arm-none-eabi/7.2.1/thumb/v7-m/crtbegin.o
LOAD c:/users/administrator/appdata/local/arduino15/packages/arduino/tools/arm-none-eabi-gcc/7-2017q4/bin/../lib/gcc/arm-none-eabi/7.2.1/../../../../arm-none-eabi/lib/thumb/v7-m/crt0.o
LOAD c:/users/administrator/appdata/local/arduino15/packages/arduino/tools/arm-none-eabi-gcc/7-2017q4/bin/../lib/gcc/arm-none-eabi/7.2.1/thumb/v7-m\libgcc.a
START GROUP
LOAD Universal_controllerV2.0.cpp.o
LOAD AT24CXX.cpp.o
LOAD i2c.cpp.o
LOAD user_A011_E011.cpp.o
LOAD user_A021_E021.cpp.o
LOAD user_A025_E025.cpp.o
LOAD user_crc8.cpp.o
LOAD user_HEXtoDEC.cpp.o
LOAD user_initialization.cpp.o
LOAD user_judgement.cpp.o
LOAD user_lorainit.cpp.o
LOAD user_Set_Correlation.cpp.o
LOAD EEPROM\flash_stm32.c.o
LOAD EEPROM\EEPROM.cpp.o
LOAD C:\Users\Administrator\AppData\Local\Temp\VMBCore\arduino16x\25b7831088169986763a792a36a8f9e2\variant\board.cpp.o
LOAD C:\Users\Administrator\AppData\Local\Temp\VMBCore\arduino16x\25b7831088169986763a792a36a8f9e2\variant\boards.cpp.o
LOAD C:\Users\Administrator\AppData\Local\Temp\VMBCore\arduino16x\25b7831088169986763a792a36a8f9e2\variant\boards_setup.cpp.o
LOAD C:\Users\Administrator\AppData\Local\Temp\VMBCore\arduino16x\25b7831088169986763a792a36a8f9e2\variant\start.S.o
LOAD C:\Users\Administrator\AppData\Local\Temp\VMBCore\arduino16x\25b7831088169986763a792a36a8f9e2\variant\start_c.c.o
LOAD C:\Users\Administrator\AppData\Local\Temp\VMBCore\arduino16x\25b7831088169986763a792a36a8f9e2\variant\syscalls.c.o
LOAD C:\Users\Administrator\AppData\Local\Temp\VMBuilds\Universal_controllerV2.0\Arduino_STM32-master_genericSTM32F103R\Release\core.a
END GROUP
LOAD c:/users/administrator/appdata/local/arduino15/packages/arduino/tools/arm-none-eabi-gcc/7-2017q4/bin/../lib/gcc/arm-none-eabi/7.2.1/../../../../arm-none-eabi/lib/thumb/v7-m\libstdc++.a
LOAD c:/users/administrator/appdata/local/arduino15/packages/arduino/tools/arm-none-eabi-gcc/7-2017q4/bin/../lib/gcc/arm-none-eabi/7.2.1/../../../../arm-none-eabi/lib/thumb/v7-m\libm.a
START GROUP
LOAD c:/users/administrator/appdata/local/arduino15/packages/arduino/tools/arm-none-eabi-gcc/7-2017q4/bin/../lib/gcc/arm-none-eabi/7.2.1/thumb/v7-m\libgcc.a
LOAD c:/users/administrator/appdata/local/arduino15/packages/arduino/tools/arm-none-eabi-gcc/7-2017q4/bin/../lib/gcc/arm-none-eabi/7.2.1/../../../../arm-none-eabi/lib/thumb/v7-m\libc.a
END GROUP
LOAD c:/users/administrator/appdata/local/arduino15/packages/arduino/tools/arm-none-eabi-gcc/7-2017q4/bin/../lib/gcc/arm-none-eabi/7.2.1/thumb/v7-m/crtend.o
LOAD c:/users/administrator/appdata/local/arduino15/packages/arduino/tools/arm-none-eabi-gcc/7-2017q4/bin/../lib/gcc/arm-none-eabi/7.2.1/thumb/v7-m/crtn.o
START GROUP
LOAD c:/users/administrator/appdata/local/arduino15/packages/arduino/tools/arm-none-eabi-gcc/7-2017q4/bin/../lib/gcc/arm-none-eabi/7.2.1/thumb/v7-m\libgcc.a
LOAD c:/users/administrator/appdata/local/arduino15/packages/arduino/tools/arm-none-eabi-gcc/7-2017q4/bin/../lib/gcc/arm-none-eabi/7.2.1/../../../../arm-none-eabi/lib/thumb/v7-m\libc.a
LOAD c:/users/administrator/appdata/local/arduino15/packages/arduino/tools/arm-none-eabi-gcc/7-2017q4/bin/../lib/gcc/arm-none-eabi/7.2.1/../../../../arm-none-eabi/lib/thumb/v7-m\libm.a
END GROUP
START GROUP
LOAD c:/users/administrator/appdata/local/arduino15/packages/arduino/tools/arm-none-eabi-gcc/7-2017q4/bin/../lib/gcc/arm-none-eabi/7.2.1/../../../../arm-none-eabi/lib/thumb/v7-m\libnosys.a
END GROUP
                0x2000c000                PROVIDE (__msp_init, (ORIGIN (ram) + LENGTH (ram)))
                0x0800eb44                PROVIDE (__exc_reset, __start__)

.text           0x08000000    0x17b3c
                0x08000000                __text_start__ = .
 *(.stm32.interrupt_vector)
 .stm32.interrupt_vector
                0x08000000      0x130 C:\Users\Administrator\AppData\Local\Temp\VMBuilds\Universal_controllerV2.0\Arduino_STM32-master_genericSTM32F103R\Release\core.a(vector_table.S.o)
                0x08000000                __stm32_vector_table
 *(.text .text.* .gnu.linkonce.t.*)
 .text          0x08000130       0x40 c:/users/administrator/appdata/local/arduino15/packages/arduino/tools/arm-none-eabi-gcc/7-2017q4/bin/../lib/gcc/arm-none-eabi/7.2.1/thumb/v7-m/crtbegin.o
 .text.__tcf_11
                0x08000170       0x34 Universal_controllerV2.0.cpp.o
 .text.__tcf_10
                0x080001a4       0x34 Universal_controllerV2.0.cpp.o
 .text.__tcf_9  0x080001d8       0x34 Universal_controllerV2.0.cpp.o
 .text.__tcf_8  0x0800020c       0x34 Universal_controllerV2.0.cpp.o
 .text.__tcf_7  0x08000240       0x34 Universal_controllerV2.0.cpp.o
 .text.__tcf_6  0x08000274       0x34 Universal_controllerV2.0.cpp.o
 .text.__tcf_5  0x080002a8       0x34 Universal_controllerV2.0.cpp.o
 .text.__tcf_4  0x080002dc       0x34 Universal_controllerV2.0.cpp.o
 .text.__tcf_3  0x08000310       0x34 Universal_controllerV2.0.cpp.o
 .text.__tcf_2  0x08000344       0x34 Universal_controllerV2.0.cpp.o
 .text.__tcf_1  0x08000378       0x34 Universal_controllerV2.0.cpp.o
 .text.__tcf_0  0x080003ac       0x34 Universal_controllerV2.0.cpp.o
 .text._Z5setupv
                0x080003e0       0x78 Universal_controllerV2.0.cpp.o
                0x080003e0                setup()
 .text._Z18Forced_Start_Relayv
                0x08000458       0x3e Universal_controllerV2.0.cpp.o
                0x08000458                Forced_Start_Relay()
 *fill*         0x08000496        0x2 
 .text._Z24Restore_factory_settingsv
                0x08000498       0x58 Universal_controllerV2.0.cpp.o
                0x08000498                Restore_factory_settings()
 .text._Z4loopv
                0x080004f0       0x22 Universal_controllerV2.0.cpp.o
                0x080004f0                loop()
 *fill*         0x08000512        0x2 
 .text.startup._GLOBAL__sub_I__Z5setupv
                0x08000514      0x208 Universal_controllerV2.0.cpp.o
 .text._Z19AT24CXX_ReadOneBytej
                0x0800071c       0x46 AT24CXX.cpp.o
                0x0800071c                AT24CXX_ReadOneByte(unsigned int)
 .text._Z20AT24CXX_WriteOneBytejh
                0x08000762       0x4e AT24CXX.cpp.o
                0x08000762                AT24CXX_WriteOneByte(unsigned int, unsigned char)
 .text._Z7i2cInitv
                0x080007b0       0x26 i2c.cpp.o
                0x080007b0                i2cInit()
 .text._Z7SDA_Outv
                0x080007d6        0x8 i2c.cpp.o
                0x080007d6                SDA_Out()
 .text._Z6SDA_Inv
                0x080007de        0x8 i2c.cpp.o
                0x080007de                SDA_In()
 .text._Z5Startv
                0x080007e6       0x36 i2c.cpp.o
                0x080007e6                Start()
 .text._Z4Stopv
                0x0800081c       0x36 i2c.cpp.o
                0x0800081c                Stop()
 .text._Z3Ackv  0x08000852       0x36 i2c.cpp.o
                0x08000852                Ack()
 .text._Z4NAckv
                0x08000888       0x36 i2c.cpp.o
                0x08000888                NAck()
 .text._Z8Wait_Ackv
                0x080008be       0x4a i2c.cpp.o
                0x080008be                Wait_Ack()
 .text._Z9Send_Byteh
                0x08000908       0x4a i2c.cpp.o
                0x08000908                Send_Byte(unsigned char)
 .text._Z9Read_Byteh
                0x08000952       0x50 i2c.cpp.o
                0x08000952                Read_Byte(unsigned char)
 *fill*         0x080009a2        0x2 
 .text.__tcf_11
                0x080009a4       0x34 user_A011_E011.cpp.o
 .text.__tcf_10
                0x080009d8       0x34 user_A011_E011.cpp.o
 .text.__tcf_9  0x08000a0c       0x34 user_A011_E011.cpp.o
 .text.__tcf_8  0x08000a40       0x34 user_A011_E011.cpp.o
 .text.__tcf_7  0x08000a74       0x34 user_A011_E011.cpp.o
 .text.__tcf_6  0x08000aa8       0x34 user_A011_E011.cpp.o
 .text.__tcf_5  0x08000adc       0x34 user_A011_E011.cpp.o
 .text.__tcf_4  0x08000b10       0x34 user_A011_E011.cpp.o
 .text.__tcf_3  0x08000b44       0x34 user_A011_E011.cpp.o
 .text.__tcf_2  0x08000b78       0x34 user_A011_E011.cpp.o
 .text.__tcf_1  0x08000bac       0x34 user_A011_E011.cpp.o
 .text.__tcf_0  0x08000be0       0x34 user_A011_E011.cpp.o
 .text._Z9E011_initv
                0x08000c14      0x108 user_A011_E011.cpp.o
                0x08000c14                E011_init()
 .text.startup._GLOBAL__sub_I__Z12Receive_A011Phi
                0x08000d1c      0x208 user_A011_E011.cpp.o
 .text._Z9Send_E011i
                0x08000f24      0x1f0 user_A011_E011.cpp.o
                0x08000f24                Send_E011(int)
 .text._Z12Receive_A011Phi
                0x08001114      0x118 user_A011_E011.cpp.o
                0x08001114                Receive_A011(unsigned char*, int)
 .text.__tcf_11
                0x0800122c       0x34 user_A021_E021.cpp.o
 .text.__tcf_10
                0x08001260       0x34 user_A021_E021.cpp.o
 .text.__tcf_9  0x08001294       0x34 user_A021_E021.cpp.o
 .text.__tcf_8  0x080012c8       0x34 user_A021_E021.cpp.o
 .text.__tcf_7  0x080012fc       0x34 user_A021_E021.cpp.o
 .text.__tcf_6  0x08001330       0x34 user_A021_E021.cpp.o
 .text.__tcf_5  0x08001364       0x34 user_A021_E021.cpp.o
 .text.__tcf_4  0x08001398       0x34 user_A021_E021.cpp.o
 .text.__tcf_3  0x080013cc       0x34 user_A021_E021.cpp.o
 .text.__tcf_2  0x08001400       0x34 user_A021_E021.cpp.o
 .text.__tcf_1  0x08001434       0x34 user_A021_E021.cpp.o
 .text.__tcf_0  0x08001468       0x34 user_A021_E021.cpp.o
 .text._Z21E021_GetDigitalStatusv
                0x0800149c      0x1f8 user_A021_E021.cpp.o
                0x0800149c                E021_GetDigitalStatus()
 .text._Z20E021_GetAnalogStatusv
                0x08001694      0x448 user_A021_E021.cpp.o
                0x08001694                E021_GetAnalogStatus()
 .text._Z9E021_initv
                0x08001adc       0x68 user_A021_E021.cpp.o
                0x08001adc                E021_init()
 .text.startup._GLOBAL__sub_I__Z12Receive_A021Phi
                0x08001b44      0x208 user_A021_E021.cpp.o
 .text._Z9Send_E021i
                0x08001d4c      0x20c user_A021_E021.cpp.o
                0x08001d4c                Send_E021(int)
 .text._Z12Receive_A021Phi
                0x08001f58      0x128 user_A021_E021.cpp.o
                0x08001f58                Receive_A021(unsigned char*, int)
 .text.__tcf_11
                0x08002080       0x34 user_A025_E025.cpp.o
 .text.__tcf_10
                0x080020b4       0x34 user_A025_E025.cpp.o
 .text.__tcf_9  0x080020e8       0x34 user_A025_E025.cpp.o
 .text.__tcf_8  0x0800211c       0x34 user_A025_E025.cpp.o
 .text.__tcf_7  0x08002150       0x34 user_A025_E025.cpp.o
 .text.__tcf_6  0x08002184       0x34 user_A025_E025.cpp.o
 .text.__tcf_5  0x080021b8       0x34 user_A025_E025.cpp.o
 .text.__tcf_4  0x080021ec       0x34 user_A025_E025.cpp.o
 .text.__tcf_3  0x08002220       0x34 user_A025_E025.cpp.o
 .text.__tcf_2  0x08002254       0x34 user_A025_E025.cpp.o
 .text.__tcf_1  0x08002288       0x34 user_A025_E025.cpp.o
 .text.__tcf_0  0x080022bc       0x34 user_A025_E025.cpp.o
 .text.startup._GLOBAL__sub_I__Z12Receive_A025Phi
                0x080022f0      0x208 user_A025_E025.cpp.o
 .text._Z9Send_E025i
                0x080024f8      0x400 user_A025_E025.cpp.o
                0x080024f8                Send_E025(int)
 .text._Z12Receive_A025Phi
                0x080028f8      0x1c8 user_A025_E025.cpp.o
                0x080028f8                Receive_A025(unsigned char*, int)
 .text._Z7GetCrc8Phi
                0x08002ac0       0x2c user_crc8.cpp.o
                0x08002ac0                GetCrc8(unsigned char*, int)
 .text._Z8chrtodecc
                0x08002aec       0x2c user_HEXtoDEC.cpp.o
                0x08002aec                chrtodec(char)
 .text._Z10cal16matchh
                0x08002b18       0x14 user_HEXtoDEC.cpp.o
                0x08002b18                cal16match(unsigned char)
 .text._Z14charhex_to_decPc
                0x08002b2c       0x5e user_HEXtoDEC.cpp.o
                0x08002b2c                charhex_to_dec(char*)
 *fill*         0x08002b8a        0x2 
 .text._Z14Initializationv
                0x08002b8c      0x428 user_initialization.cpp.o
                0x08002b8c                Initialization()
 .text._Z14Send_Data_Lampv
                0x08002fb4       0x1c user_initialization.cpp.o
                0x08002fb4                Send_Data_Lamp()
 .text._Z17Receive_data_lampv
                0x08002fd0       0x1c user_initialization.cpp.o
                0x08002fd0                Receive_data_lamp()
 .text.__tcf_11
                0x08002fec       0x34 user_judgement.cpp.o
 .text.__tcf_10
                0x08003020       0x34 user_judgement.cpp.o
 .text.__tcf_9  0x08003054       0x34 user_judgement.cpp.o
 .text.__tcf_8  0x08003088       0x34 user_judgement.cpp.o
 .text.__tcf_7  0x080030bc       0x34 user_judgement.cpp.o
 .text.__tcf_6  0x080030f0       0x34 user_judgement.cpp.o
 .text.__tcf_5  0x08003124       0x34 user_judgement.cpp.o
 .text.__tcf_4  0x08003158       0x34 user_judgement.cpp.o
 .text.__tcf_3  0x0800318c       0x34 user_judgement.cpp.o
 .text.__tcf_2  0x080031c0       0x34 user_judgement.cpp.o
 .text.__tcf_1  0x080031f4       0x34 user_judgement.cpp.o
 .text.__tcf_0  0x08003228       0x34 user_judgement.cpp.o
 .text.startup._GLOBAL__sub_I__Z18Judgement_functionPhii
                0x0800325c      0x208 user_judgement.cpp.o
 .text._Z18Judgement_functionPhii
                0x08003464      0x1e8 user_judgement.cpp.o
                0x08003464                Judgement_function(unsigned char*, int, int)
 .text.__tcf_11
                0x0800364c       0x34 user_lorainit.cpp.o
 .text.__tcf_10
                0x08003680       0x34 user_lorainit.cpp.o
 .text.__tcf_9  0x080036b4       0x34 user_lorainit.cpp.o
 .text.__tcf_8  0x080036e8       0x34 user_lorainit.cpp.o
 .text.__tcf_7  0x0800371c       0x34 user_lorainit.cpp.o
 .text.__tcf_6  0x08003750       0x34 user_lorainit.cpp.o
 .text.__tcf_5  0x08003784       0x34 user_lorainit.cpp.o
 .text.__tcf_4  0x080037b8       0x34 user_lorainit.cpp.o
 .text.__tcf_3  0x080037ec       0x34 user_lorainit.cpp.o
 .text.__tcf_2  0x08003820       0x34 user_lorainit.cpp.o
 .text.__tcf_1  0x08003854       0x34 user_lorainit.cpp.o
 .text.__tcf_0  0x08003888       0x34 user_lorainit.cpp.o
 .text._Z10addr_writev
                0x080038bc      0x180 user_lorainit.cpp.o
                0x080038bc                addr_write()
 .text.startup._GLOBAL__sub_I__Z19LORA_Initializationv
                0x08003a3c      0x208 user_lorainit.cpp.o
 .text._Z24LORA_Receive_informationv
                0x08003c44      0x138 user_lorainit.cpp.o
                0x08003c44                LORA_Receive_information()
 .text._Z19LORA_Initializationv
                0x08003d7c     0x14ac user_lorainit.cpp.o
                0x08003d7c                LORA_Initialization()
 .text.__tcf_11
                0x08005228       0x34 user_Set_Correlation.cpp.o
 .text.__tcf_10
                0x0800525c       0x34 user_Set_Correlation.cpp.o
 .text.__tcf_9  0x08005290       0x34 user_Set_Correlation.cpp.o
 .text.__tcf_8  0x080052c4       0x34 user_Set_Correlation.cpp.o
 .text.__tcf_7  0x080052f8       0x34 user_Set_Correlation.cpp.o
 .text.__tcf_6  0x0800532c       0x34 user_Set_Correlation.cpp.o
 .text.__tcf_5  0x08005360       0x34 user_Set_Correlation.cpp.o
 .text.__tcf_4  0x08005394       0x34 user_Set_Correlation.cpp.o
 .text.__tcf_3  0x080053c8       0x34 user_Set_Correlation.cpp.o
 .text.__tcf_2  0x080053fc       0x34 user_Set_Correlation.cpp.o
 .text.__tcf_1  0x08005430       0x34 user_Set_Correlation.cpp.o
 .text.__tcf_0  0x08005464       0x34 user_Set_Correlation.cpp.o
 .text._Z9E020_initv
                0x08005498       0xcc user_Set_Correlation.cpp.o
                0x08005498                E020_init()
 .text._Z9E022_initv
                0x08005564      0x298 user_Set_Correlation.cpp.o
                0x08005564                E022_init()
 .text._Z9E023_initv
                0x080057fc       0xfc user_Set_Correlation.cpp.o
                0x080057fc                E023_init()
 .text._Z11SN_ZoneISOKPhi
                0x080058f8      0x308 user_Set_Correlation.cpp.o
                0x080058f8                SN_ZoneISOK(unsigned char*, int)
 .text._Z27Verification_Reserved_fieldPhi
                0x08005c00      0x104 user_Set_Correlation.cpp.o
                0x08005c00                Verification_Reserved_field(unsigned char*, int)
 .text._Z9forswitchv
                0x08005d04     0x12a0 user_Set_Correlation.cpp.o
                0x08005d04                forswitch()
 .text._Z14condition_test6String
                0x08006fa4      0xa2c user_Set_Correlation.cpp.o
                0x08006fa4                condition_test(String)
 .text._Z16Implement_Handleii
                0x080079d0     0x13f4 user_Set_Correlation.cpp.o
                0x080079d0                Implement_Handle(int, int)
 .text._Z14implement_test6String
                0x08008dc4      0xa4c user_Set_Correlation.cpp.o
                0x08008dc4                implement_test(String)
 .text._Z16array_empty_testv
                0x08009810      0x1c4 user_Set_Correlation.cpp.o
                0x08009810                array_empty_test()
 *fill*         0x080099d4        0x4 
 .text._Z24Voltage_Value_Processing6String
                0x080099d8      0x168 user_Set_Correlation.cpp.o
                0x080099d8                Voltage_Value_Processing(String)
 .text._Z18Condition_Judgmentii
                0x08009b40      0x5e8 user_Set_Correlation.cpp.o
                0x08009b40                Condition_Judgment(int, int)
 .text._Z24Automatic_execution_testv
                0x0800a128       0xdc user_Set_Correlation.cpp.o
                0x0800a128                Automatic_execution_test()
 .text._Z9RTC_Clockv
                0x0800a204      0x26c user_Set_Correlation.cpp.o
                0x0800a204                RTC_Clock()
 .text.startup._GLOBAL__sub_I__Z12Receive_A012Phi
                0x0800a470      0x208 user_Set_Correlation.cpp.o
 .text._Z16array_print_testv
                0x0800a678      0x2c0 user_Set_Correlation.cpp.o
                0x0800a678                array_print_test()
 .text._Z15data_processing6String
                0x0800a938      0x2bc user_Set_Correlation.cpp.o
                0x0800a938                data_processing(String)
 .text._Z18Automated_strategyv
                0x0800abf4      0x150 user_Set_Correlation.cpp.o
                0x0800abf4                Automated_strategy()
 .text._Z9Send_E020ii
                0x0800ad44      0x1ec user_Set_Correlation.cpp.o
                0x0800ad44                Send_E020(int, int)
 .text._Z12Receive_A013Phi
                0x0800af30      0x1c0 user_Set_Correlation.cpp.o
                0x0800af30                Receive_A013(unsigned char*, int)
 .text._Z12Receive_A014Phi
                0x0800b0f0      0x534 user_Set_Correlation.cpp.o
                0x0800b0f0                Receive_A014(unsigned char*, int)
 .text._Z12Receive_A020Phi
                0x0800b624      0x3b0 user_Set_Correlation.cpp.o
                0x0800b624                Receive_A020(unsigned char*, int)
 .text._Z12Receive_A023Phi
                0x0800b9d4      0x6f8 user_Set_Correlation.cpp.o
                0x0800b9d4                Receive_A023(unsigned char*, int)
 .text._Z12Receive_A024Phi
                0x0800c0cc      0x298 user_Set_Correlation.cpp.o
                0x0800c0cc                Receive_A024(unsigned char*, int)
 .text._Z9Send_E022i
                0x0800c364      0x32c user_Set_Correlation.cpp.o
                0x0800c364                Send_E022(int)
 .text._Z12Receive_A022Phi
                0x0800c690     0x1d4c user_Set_Correlation.cpp.o
                0x0800c690                Receive_A022(unsigned char*, int)
 .text._Z9Send_E023i
                0x0800e3dc      0x1d4 user_Set_Correlation.cpp.o
                0x0800e3dc                Send_E023(int)
 .text._Z12Receive_A012Phi
                0x0800e5b0      0x2f4 user_Set_Correlation.cpp.o
                0x0800e5b0                Receive_A012(unsigned char*, int)
 .text.startup._GLOBAL__sub_I__ZN11EEPROMClass12EE_CheckPageEmt
                0x0800e8a4       0x20 EEPROM\EEPROM.cpp.o
 .text.startup._GLOBAL__sub_I_PIN_MAP
                0x0800e8c4       0x74 C:\Users\Administrator\AppData\Local\Temp\VMBCore\arduino16x\25b7831088169986763a792a36a8f9e2\variant\board.cpp.o
 .text._ZL18adc_default_configP7adc_dev
                0x0800e938       0x1c C:\Users\Administrator\AppData\Local\Temp\VMBCore\arduino16x\25b7831088169986763a792a36a8f9e2\variant\boards.cpp.o
 .text._ZL20timer_default_configP9timer_dev
                0x0800e954       0xa8 C:\Users\Administrator\AppData\Local\Temp\VMBCore\arduino16x\25b7831088169986763a792a36a8f9e2\variant\boards.cpp.o
 .text._Z9boardInitv
                0x0800e9fc        0x2 C:\Users\Administrator\AppData\Local\Temp\VMBCore\arduino16x\25b7831088169986763a792a36a8f9e2\variant\boards.cpp.o
                0x0800e9fc                boardInit()
 *fill*         0x0800e9fe        0x2 
 .text._Z4initv
                0x0800ea00       0xbc C:\Users\Administrator\AppData\Local\Temp\VMBCore\arduino16x\25b7831088169986763a792a36a8f9e2\variant\boards.cpp.o
                0x0800ea00                init()
 .text._ZN6wirish4priv15board_reset_pllEv
                0x0800eabc        0x2 C:\Users\Administrator\AppData\Local\Temp\VMBCore\arduino16x\25b7831088169986763a792a36a8f9e2\variant\boards_setup.cpp.o
                0x0800eabc                wirish::priv::board_reset_pll()
 .text._ZN6wirish4priv28board_setup_clock_prescalersEv
                0x0800eabe       0x2e C:\Users\Administrator\AppData\Local\Temp\VMBCore\arduino16x\25b7831088169986763a792a36a8f9e2\variant\boards_setup.cpp.o
                0x0800eabe                wirish::priv::board_setup_clock_prescalers()
 .text._ZN6wirish4priv16board_setup_gpioEv
                0x0800eaec        0x4 C:\Users\Administrator\AppData\Local\Temp\VMBCore\arduino16x\25b7831088169986763a792a36a8f9e2\variant\boards_setup.cpp.o
                0x0800eaec                wirish::priv::board_setup_gpio()
 .text._ZN6wirish4priv15board_setup_usbEv
                0x0800eaf0       0x50 C:\Users\Administrator\AppData\Local\Temp\VMBCore\arduino16x\25b7831088169986763a792a36a8f9e2\variant\boards_setup.cpp.o
                0x0800eaf0                wirish::priv::board_setup_usb()
 .text._ZN6wirish4priv11series_initEv
                0x0800eb40        0x4 C:\Users\Administrator\AppData\Local\Temp\VMBCore\arduino16x\25b7831088169986763a792a36a8f9e2\variant\boards_setup.cpp.o
                0x0800eb40                wirish::priv::series_init()
 .text          0x0800eb44       0x10 C:\Users\Administrator\AppData\Local\Temp\VMBCore\arduino16x\25b7831088169986763a792a36a8f9e2\variant\start.S.o
                0x0800eb44                __start__
 .text.start_c  0x0800eb54       0x60 C:\Users\Administrator\AppData\Local\Temp\VMBCore\arduino16x\25b7831088169986763a792a36a8f9e2\variant\start_c.c.o
                0x0800eb54                start_c
 .text._sbrk    0x0800ebb4       0x44 C:\Users\Administrator\AppData\Local\Temp\VMBCore\arduino16x\25b7831088169986763a792a36a8f9e2\variant\syscalls.c.o
                0x0800ebb4                _sbrk
 .text._exit    0x0800ebf8        0x2 C:\Users\Administrator\AppData\Local\Temp\VMBCore\arduino16x\25b7831088169986763a792a36a8f9e2\variant\syscalls.c.o
                0x0800ebf8                _exit
 *fill*         0x0800ebfa        0x6 
 .text          0x0800ec00       0x54 C:\Users\Administrator\AppData\Local\Temp\VMBuilds\Universal_controllerV2.0\Arduino_STM32-master_genericSTM32F103R\Release\core.a(exc.S.o)
                0x0800ec00                __exc_nmi
                0x0800ec04                __exc_hardfault
                0x0800ec08                __exc_memmanage
                0x0800ec0c                __exc_busfault
                0x0800ec10                __exc_usagefault
 .text          0x0800ec54        0x2 C:\Users\Administrator\AppData\Local\Temp\VMBuilds\Universal_controllerV2.0\Arduino_STM32-master_genericSTM32F103R\Release\core.a(isrs.S.o)
                0x0800ec54                __stm32reservedexception9
                0x0800ec54                __irq_sdio
                0x0800ec54                __irq_fsmc
                0x0800ec54                __exc_debug_monitor
                0x0800ec54                __exc_svc
                0x0800ec54                __irq_can_rx1
                0x0800ec54                __irq_spi2
                0x0800ec54                __irq_can_sce
                0x0800ec54                __irq_pvd
                0x0800ec54                __irq_tamper
                0x0800ec54                __default_handler
                0x0800ec54                __irq_wwdg
                0x0800ec54                __stm32reservedexception10
                0x0800ec54                __irq_flash
                0x0800ec54                __stm32reservedexception13
                0x0800ec54                __irq_rtc
                0x0800ec54                __irq_spi1
                0x0800ec54                __stm32reservedexception7
                0x0800ec54                __irq_usb_hp_can_tx
                0x0800ec54                __irq_rtcalarm
                0x0800ec54                __irq_spi3
                0x0800ec54                __stm32reservedexception8
                0x0800ec54                __exc_pendsv
                0x0800ec54                __irq_usbwakeup
                0x0800ec54                __irq_rcc
 .text.adc_init
                0x0800ec56       0x14 C:\Users\Administrator\AppData\Local\Temp\VMBuilds\Universal_controllerV2.0\Arduino_STM32-master_genericSTM32F103R\Release\core.a(adc.c.o)
                0x0800ec56                adc_init
 .text.adc_set_extsel
                0x0800ec6a       0x12 C:\Users\Administrator\AppData\Local\Temp\VMBuilds\Universal_controllerV2.0\Arduino_STM32-master_genericSTM32F103R\Release\core.a(adc.c.o)
                0x0800ec6a                adc_set_extsel
 .text.adc_set_sample_rate
                0x0800ec7c       0x2a C:\Users\Administrator\AppData\Local\Temp\VMBuilds\Universal_controllerV2.0\Arduino_STM32-master_genericSTM32F103R\Release\core.a(adc.c.o)
                0x0800ec7c                adc_set_sample_rate
 .text.adc_read
                0x0800eca6       0x20 C:\Users\Administrator\AppData\Local\Temp\VMBuilds\Universal_controllerV2.0\Arduino_STM32-master_genericSTM32F103R\Release\core.a(adc.c.o)
                0x0800eca6                adc_read
 *fill*         0x0800ecc6        0x2 
 .text.__irq_adc
                0x0800ecc8       0x54 C:\Users\Administrator\AppData\Local\Temp\VMBuilds\Universal_controllerV2.0\Arduino_STM32-master_genericSTM32F103R\Release\core.a(adc_f1.c.o)
                0x0800ecc8                __irq_adc
 .text.__irq_adc3
                0x0800ed1c       0x54 C:\Users\Administrator\AppData\Local\Temp\VMBuilds\Universal_controllerV2.0\Arduino_STM32-master_genericSTM32F103R\Release\core.a(adc_f1.c.o)
                0x0800ed1c                __irq_adc3
 .text.adc_calibrate
                0x0800ed70       0x24 C:\Users\Administrator\AppData\Local\Temp\VMBuilds\Universal_controllerV2.0\Arduino_STM32-master_genericSTM32F103R\Release\core.a(adc_f1.c.o)
                0x0800ed70                adc_calibrate
 .text.adc_set_prescaler
                0x0800ed94        0x8 C:\Users\Administrator\AppData\Local\Temp\VMBuilds\Universal_controllerV2.0\Arduino_STM32-master_genericSTM32F103R\Release\core.a(adc_f1.c.o)
                0x0800ed94                adc_set_prescaler
 .text.adc_foreach
                0x0800ed9c       0x28 C:\Users\Administrator\AppData\Local\Temp\VMBuilds\Universal_controllerV2.0\Arduino_STM32-master_genericSTM32F103R\Release\core.a(adc_f1.c.o)
                0x0800ed9c                adc_foreach
 .text.adc_enable_single_swstart
                0x0800edc4       0x36 C:\Users\Administrator\AppData\Local\Temp\VMBuilds\Universal_controllerV2.0\Arduino_STM32-master_genericSTM32F103R\Release\core.a(adc_f1.c.o)
                0x0800edc4                adc_enable_single_swstart
 *fill*         0x0800edfa        0x2 
 .text.__irq_dma1_channel1
                0x0800edfc       0x18 C:\Users\Administrator\AppData\Local\Temp\VMBuilds\Universal_controllerV2.0\Arduino_STM32-master_genericSTM32F103R\Release\core.a(dma_f1.c.o)
                0x0800edfc                __irq_dma1_channel1
 .text.__irq_dma1_channel2
                0x0800ee14       0x18 C:\Users\Administrator\AppData\Local\Temp\VMBuilds\Universal_controllerV2.0\Arduino_STM32-master_genericSTM32F103R\Release\core.a(dma_f1.c.o)
                0x0800ee14                __irq_dma1_channel2
 .text.__irq_dma1_channel3
                0x0800ee2c       0x1c C:\Users\Administrator\AppData\Local\Temp\VMBuilds\Universal_controllerV2.0\Arduino_STM32-master_genericSTM32F103R\Release\core.a(dma_f1.c.o)
                0x0800ee2c                __irq_dma1_channel3
 .text.__irq_dma1_channel4
                0x0800ee48       0x1c C:\Users\Administrator\AppData\Local\Temp\VMBuilds\Universal_controllerV2.0\Arduino_STM32-master_genericSTM32F103R\Release\core.a(dma_f1.c.o)
                0x0800ee48                __irq_dma1_channel4
 .text.__irq_dma1_channel5
                0x0800ee64       0x1c C:\Users\Administrator\AppData\Local\Temp\VMBuilds\Universal_controllerV2.0\Arduino_STM32-master_genericSTM32F103R\Release\core.a(dma_f1.c.o)
                0x0800ee64                __irq_dma1_channel5
 .text.__irq_dma1_channel6
                0x0800ee80       0x1c C:\Users\Administrator\AppData\Local\Temp\VMBuilds\Universal_controllerV2.0\Arduino_STM32-master_genericSTM32F103R\Release\core.a(dma_f1.c.o)
                0x0800ee80                __irq_dma1_channel6
 .text.__irq_dma1_channel7
                0x0800ee9c       0x1c C:\Users\Administrator\AppData\Local\Temp\VMBuilds\Universal_controllerV2.0\Arduino_STM32-master_genericSTM32F103R\Release\core.a(dma_f1.c.o)
                0x0800ee9c                __irq_dma1_channel7
 .text.__irq_dma2_channel1
                0x0800eeb8       0x18 C:\Users\Administrator\AppData\Local\Temp\VMBuilds\Universal_controllerV2.0\Arduino_STM32-master_genericSTM32F103R\Release\core.a(dma_f1.c.o)
                0x0800eeb8                __irq_dma2_channel1
 .text.__irq_dma2_channel2
                0x0800eed0       0x18 C:\Users\Administrator\AppData\Local\Temp\VMBuilds\Universal_controllerV2.0\Arduino_STM32-master_genericSTM32F103R\Release\core.a(dma_f1.c.o)
                0x0800eed0                __irq_dma2_channel2
 .text.__irq_dma2_channel3
                0x0800eee8       0x1c C:\Users\Administrator\AppData\Local\Temp\VMBuilds\Universal_controllerV2.0\Arduino_STM32-master_genericSTM32F103R\Release\core.a(dma_f1.c.o)
                0x0800eee8                __irq_dma2_channel3
 .text.__irq_dma2_channel4_5
                0x0800ef04       0x4c C:\Users\Administrator\AppData\Local\Temp\VMBuilds\Universal_controllerV2.0\Arduino_STM32-master_genericSTM32F103R\Release\core.a(dma_f1.c.o)
                0x0800ef04                __irq_dma2_channel4_5
 .text.__irq_exti0
                0x0800ef50       0x20 C:\Users\Administrator\AppData\Local\Temp\VMBuilds\Universal_controllerV2.0\Arduino_STM32-master_genericSTM32F103R\Release\core.a(exti.c.o)
                0x0800ef50                __irq_exti0
 .text.__irq_exti1
                0x0800ef70       0x20 C:\Users\Administrator\AppData\Local\Temp\VMBuilds\Universal_controllerV2.0\Arduino_STM32-master_genericSTM32F103R\Release\core.a(exti.c.o)
                0x0800ef70                __irq_exti1
 .text.__irq_exti2
                0x0800ef90       0x20 C:\Users\Administrator\AppData\Local\Temp\VMBuilds\Universal_controllerV2.0\Arduino_STM32-master_genericSTM32F103R\Release\core.a(exti.c.o)
                0x0800ef90                __irq_exti2
 .text.__irq_exti3
                0x0800efb0       0x20 C:\Users\Administrator\AppData\Local\Temp\VMBuilds\Universal_controllerV2.0\Arduino_STM32-master_genericSTM32F103R\Release\core.a(exti.c.o)
                0x0800efb0                __irq_exti3
 .text.__irq_exti4
                0x0800efd0       0x20 C:\Users\Administrator\AppData\Local\Temp\VMBuilds\Universal_controllerV2.0\Arduino_STM32-master_genericSTM32F103R\Release\core.a(exti.c.o)
                0x0800efd0                __irq_exti4
 .text.__irq_exti9_5
                0x0800eff0       0x48 C:\Users\Administrator\AppData\Local\Temp\VMBuilds\Universal_controllerV2.0\Arduino_STM32-master_genericSTM32F103R\Release\core.a(exti.c.o)
                0x0800eff0                __irq_exti9_5
 .text.__irq_exti15_10
                0x0800f038       0x48 C:\Users\Administrator\AppData\Local\Temp\VMBuilds\Universal_controllerV2.0\Arduino_STM32-master_genericSTM32F103R\Release\core.a(exti.c.o)
                0x0800f038                __irq_exti15_10
 .text.flash_set_latency
                0x0800f080       0x14 C:\Users\Administrator\AppData\Local\Temp\VMBuilds\Universal_controllerV2.0\Arduino_STM32-master_genericSTM32F103R\Release\core.a(flash.c.o)
                0x0800f080                flash_set_latency
 .text.gpio_init_all
                0x0800f094       0x30 C:\Users\Administrator\AppData\Local\Temp\VMBuilds\Universal_controllerV2.0\Arduino_STM32-master_genericSTM32F103R\Release\core.a(gpio_f1.c.o)
                0x0800f094                gpio_init_all
 .text.gpio_set_mode
                0x0800f0c4       0x4e C:\Users\Administrator\AppData\Local\Temp\VMBuilds\Universal_controllerV2.0\Arduino_STM32-master_genericSTM32F103R\Release\core.a(gpio_f1.c.o)
                0x0800f0c4                gpio_set_mode
 .text.afio_init
                0x0800f112       0x12 C:\Users\Administrator\AppData\Local\Temp\VMBuilds\Universal_controllerV2.0\Arduino_STM32-master_genericSTM32F103R\Release\core.a(gpio_f1.c.o)
                0x0800f112                afio_init
 .text.__irq_i2c1_ev
                0x0800f124        0xc C:\Users\Administrator\AppData\Local\Temp\VMBuilds\Universal_controllerV2.0\Arduino_STM32-master_genericSTM32F103R\Release\core.a(i2c_f1.c.o)
                0x0800f124                __irq_i2c1_ev
 .text.__irq_i2c2_ev
                0x0800f130        0xc C:\Users\Administrator\AppData\Local\Temp\VMBuilds\Universal_controllerV2.0\Arduino_STM32-master_genericSTM32F103R\Release\core.a(i2c_f1.c.o)
                0x0800f130                __irq_i2c2_ev
 .text.__irq_i2c1_er
                0x0800f13c        0xc C:\Users\Administrator\AppData\Local\Temp\VMBuilds\Universal_controllerV2.0\Arduino_STM32-master_genericSTM32F103R\Release\core.a(i2c_f1.c.o)
                0x0800f13c                __irq_i2c1_er
 .text.__irq_i2c2_er
                0x0800f148        0xc C:\Users\Administrator\AppData\Local\Temp\VMBuilds\Universal_controllerV2.0\Arduino_STM32-master_genericSTM32F103R\Release\core.a(i2c_f1.c.o)
                0x0800f148                __irq_i2c2_er
 .text._i2c_irq_priority_fixup
                0x0800f154       0x1c C:\Users\Administrator\AppData\Local\Temp\VMBuilds\Universal_controllerV2.0\Arduino_STM32-master_genericSTM32F103R\Release\core.a(i2c_f1.c.o)
                0x0800f154                _i2c_irq_priority_fixup
 .text.nvic_irq_set_priority
                0x0800f170       0x28 C:\Users\Administrator\AppData\Local\Temp\VMBuilds\Universal_controllerV2.0\Arduino_STM32-master_genericSTM32F103R\Release\core.a(nvic.c.o)
                0x0800f170                nvic_irq_set_priority
 .text.nvic_init
                0x0800f198       0x2c C:\Users\Administrator\AppData\Local\Temp\VMBuilds\Universal_controllerV2.0\Arduino_STM32-master_genericSTM32F103R\Release\core.a(nvic.c.o)
                0x0800f198                nvic_init
 .text.nvic_sys_reset
                0x0800f1c4       0x1c C:\Users\Administrator\AppData\Local\Temp\VMBuilds\Universal_controllerV2.0\Arduino_STM32-master_genericSTM32F103R\Release\core.a(nvic.c.o)
                0x0800f1c4                nvic_sys_reset
 .text.rcc_dev_clk
                0x0800f1e0        0xc C:\Users\Administrator\AppData\Local\Temp\VMBuilds\Universal_controllerV2.0\Arduino_STM32-master_genericSTM32F103R\Release\core.a(rcc.c.o)
                0x0800f1e0                rcc_dev_clk
 .text.rcc_switch_sysclk
                0x0800f1ec       0x20 C:\Users\Administrator\AppData\Local\Temp\VMBuilds\Universal_controllerV2.0\Arduino_STM32-master_genericSTM32F103R\Release\core.a(rcc.c.o)
                0x0800f1ec                rcc_switch_sysclk
 .text.rcc_turn_on_clk
                0x0800f20c       0x18 C:\Users\Administrator\AppData\Local\Temp\VMBuilds\Universal_controllerV2.0\Arduino_STM32-master_genericSTM32F103R\Release\core.a(rcc.c.o)
                0x0800f20c                rcc_turn_on_clk
 .text.rcc_turn_off_clk
                0x0800f224       0x1c C:\Users\Administrator\AppData\Local\Temp\VMBuilds\Universal_controllerV2.0\Arduino_STM32-master_genericSTM32F103R\Release\core.a(rcc.c.o)
                0x0800f224                rcc_turn_off_clk
 .text.rcc_is_clk_ready
                0x0800f240       0x18 C:\Users\Administrator\AppData\Local\Temp\VMBuilds\Universal_controllerV2.0\Arduino_STM32-master_genericSTM32F103R\Release\core.a(rcc.c.o)
                0x0800f240                rcc_is_clk_ready
 .text.rcc_configure_pll
                0x0800f258       0x1c C:\Users\Administrator\AppData\Local\Temp\VMBuilds\Universal_controllerV2.0\Arduino_STM32-master_genericSTM32F103R\Release\core.a(rcc_f1.c.o)
                0x0800f258                rcc_configure_pll
 .text.rcc_clk_enable
                0x0800f274       0x30 C:\Users\Administrator\AppData\Local\Temp\VMBuilds\Universal_controllerV2.0\Arduino_STM32-master_genericSTM32F103R\Release\core.a(rcc_f1.c.o)
                0x0800f274                rcc_clk_enable
 .text.rcc_reset_dev
                0x0800f2a4       0x34 C:\Users\Administrator\AppData\Local\Temp\VMBuilds\Universal_controllerV2.0\Arduino_STM32-master_genericSTM32F103R\Release\core.a(rcc_f1.c.o)
                0x0800f2a4                rcc_reset_dev
 .text.rcc_set_prescaler
                0x0800f2d8       0x20 C:\Users\Administrator\AppData\Local\Temp\VMBuilds\Universal_controllerV2.0\Arduino_STM32-master_genericSTM32F103R\Release\core.a(rcc_f1.c.o)
                0x0800f2d8                rcc_set_prescaler
 .text.rcc_clk_disable
                0x0800f2f8       0x30 C:\Users\Administrator\AppData\Local\Temp\VMBuilds\Universal_controllerV2.0\Arduino_STM32-master_genericSTM32F103R\Release\core.a(rcc_f1.c.o)
                0x0800f2f8                rcc_clk_disable
 .text.systick_init
                0x0800f328       0x10 C:\Users\Administrator\AppData\Local\Temp\VMBuilds\Universal_controllerV2.0\Arduino_STM32-master_genericSTM32F103R\Release\core.a(systick.c.o)
                0x0800f328                systick_init
 .text.__exc_systick
                0x0800f338       0x1c C:\Users\Administrator\AppData\Local\Temp\VMBuilds\Universal_controllerV2.0\Arduino_STM32-master_genericSTM32F103R\Release\core.a(systick.c.o)
                0x0800f338                __exc_systick
 .text.timer_oc_set_mode
                0x0800f354       0x32 C:\Users\Administrator\AppData\Local\Temp\VMBuilds\Universal_controllerV2.0\Arduino_STM32-master_genericSTM32F103R\Release\core.a(timer.c.o)
 .text.timer_cc_enable
                0x0800f386       0x1c C:\Users\Administrator\AppData\Local\Temp\VMBuilds\Universal_controllerV2.0\Arduino_STM32-master_genericSTM32F103R\Release\core.a(timer.c.o)
 *fill*         0x0800f3a2        0x2 
 .text.timer_foreach
                0x0800f3a4       0x4c C:\Users\Administrator\AppData\Local\Temp\VMBuilds\Universal_controllerV2.0\Arduino_STM32-master_genericSTM32F103R\Release\core.a(timer.c.o)
                0x0800f3a4                timer_foreach
 .text.timer_init
                0x0800f3f0       0x14 C:\Users\Administrator\AppData\Local\Temp\VMBuilds\Universal_controllerV2.0\Arduino_STM32-master_genericSTM32F103R\Release\core.a(timer.c.o)
                0x0800f3f0                timer_init
 .text.timer_has_cc_channel
                0x0800f404       0x30 C:\Users\Administrator\AppData\Local\Temp\VMBuilds\Universal_controllerV2.0\Arduino_STM32-master_genericSTM32F103R\Release\core.a(timer.c.o)
                0x0800f404                timer_has_cc_channel
 .text.timer_detach_interrupt
                0x0800f434       0x1e C:\Users\Administrator\AppData\Local\Temp\VMBuilds\Universal_controllerV2.0\Arduino_STM32-master_genericSTM32F103R\Release\core.a(timer.c.o)
                0x0800f434                timer_detach_interrupt
 .text.input_capture_mode
                0x0800f452       0x1a C:\Users\Administrator\AppData\Local\Temp\VMBuilds\Universal_controllerV2.0\Arduino_STM32-master_genericSTM32F103R\Release\core.a(timer.c.o)
                0x0800f452                input_capture_mode
 .text.timer_set_mode
                0x0800f46c       0x8e C:\Users\Administrator\AppData\Local\Temp\VMBuilds\Universal_controllerV2.0\Arduino_STM32-master_genericSTM32F103R\Release\core.a(timer.c.o)
                0x0800f46c                timer_set_mode
 *fill*         0x0800f4fa        0x2 
 .text.__irq_tim1_brk
                0x0800f4fc       0x24 C:\Users\Administrator\AppData\Local\Temp\VMBuilds\Universal_controllerV2.0\Arduino_STM32-master_genericSTM32F103R\Release\core.a(timer.c.o)
                0x0800f4fc                __irq_tim1_brk
 .text.__irq_tim1_up
                0x0800f520       0x24 C:\Users\Administrator\AppData\Local\Temp\VMBuilds\Universal_controllerV2.0\Arduino_STM32-master_genericSTM32F103R\Release\core.a(timer.c.o)
                0x0800f520                __irq_tim1_up
 .text.__irq_tim1_trg_com
                0x0800f544       0x34 C:\Users\Administrator\AppData\Local\Temp\VMBuilds\Universal_controllerV2.0\Arduino_STM32-master_genericSTM32F103R\Release\core.a(timer.c.o)
                0x0800f544                __irq_tim1_trg_com
 .text.__irq_tim1_cc
                0x0800f578       0x50 C:\Users\Administrator\AppData\Local\Temp\VMBuilds\Universal_controllerV2.0\Arduino_STM32-master_genericSTM32F103R\Release\core.a(timer.c.o)
                0x0800f578                __irq_tim1_cc
 .text.__irq_tim2
                0x0800f5c8       0x6c C:\Users\Administrator\AppData\Local\Temp\VMBuilds\Universal_controllerV2.0\Arduino_STM32-master_genericSTM32F103R\Release\core.a(timer.c.o)
                0x0800f5c8                __irq_tim2
 .text.__irq_tim3
                0x0800f634       0x6c C:\Users\Administrator\AppData\Local\Temp\VMBuilds\Universal_controllerV2.0\Arduino_STM32-master_genericSTM32F103R\Release\core.a(timer.c.o)
                0x0800f634                __irq_tim3
 .text.__irq_tim4
                0x0800f6a0       0x6c C:\Users\Administrator\AppData\Local\Temp\VMBuilds\Universal_controllerV2.0\Arduino_STM32-master_genericSTM32F103R\Release\core.a(timer.c.o)
                0x0800f6a0                __irq_tim4
 .text.__irq_tim5
                0x0800f70c       0x6c C:\Users\Administrator\AppData\Local\Temp\VMBuilds\Universal_controllerV2.0\Arduino_STM32-master_genericSTM32F103R\Release\core.a(timer.c.o)
                0x0800f70c                __irq_tim5
 .text.__irq_tim6
                0x0800f778       0x24 C:\Users\Administrator\AppData\Local\Temp\VMBuilds\Universal_controllerV2.0\Arduino_STM32-master_genericSTM32F103R\Release\core.a(timer.c.o)
                0x0800f778                __irq_tim6
 .text.__irq_tim7
                0x0800f79c       0x24 C:\Users\Administrator\AppData\Local\Temp\VMBuilds\Universal_controllerV2.0\Arduino_STM32-master_genericSTM32F103R\Release\core.a(timer.c.o)
                0x0800f79c                __irq_tim7
 .text.__irq_tim8_brk
                0x0800f7c0       0x24 C:\Users\Administrator\AppData\Local\Temp\VMBuilds\Universal_controllerV2.0\Arduino_STM32-master_genericSTM32F103R\Release\core.a(timer.c.o)
                0x0800f7c0                __irq_tim8_brk
 .text.__irq_tim8_up
                0x0800f7e4       0x24 C:\Users\Administrator\AppData\Local\Temp\VMBuilds\Universal_controllerV2.0\Arduino_STM32-master_genericSTM32F103R\Release\core.a(timer.c.o)
                0x0800f7e4                __irq_tim8_up
 .text.__irq_tim8_trg_com
                0x0800f808       0x34 C:\Users\Administrator\AppData\Local\Temp\VMBuilds\Universal_controllerV2.0\Arduino_STM32-master_genericSTM32F103R\Release\core.a(timer.c.o)
                0x0800f808                __irq_tim8_trg_com
 .text.__irq_tim8_cc
                0x0800f83c       0x50 C:\Users\Administrator\AppData\Local\Temp\VMBuilds\Universal_controllerV2.0\Arduino_STM32-master_genericSTM32F103R\Release\core.a(timer.c.o)
                0x0800f83c                __irq_tim8_cc
 .text.rb_remove
                0x0800f88c       0x22 C:\Users\Administrator\AppData\Local\Temp\VMBuilds\Universal_controllerV2.0\Arduino_STM32-master_genericSTM32F103R\Release\core.a(usart_f1.c.o)
 .text.rb_push_insert
                0x0800f8ae       0x4a C:\Users\Administrator\AppData\Local\Temp\VMBuilds\Universal_controllerV2.0\Arduino_STM32-master_genericSTM32F103R\Release\core.a(usart_f1.c.o)
 .text.usart_config_gpios_async
                0x0800f8f8       0x4a C:\Users\Administrator\AppData\Local\Temp\VMBuilds\Universal_controllerV2.0\Arduino_STM32-master_genericSTM32F103R\Release\core.a(usart_f1.c.o)
                0x0800f8f8                usart_config_gpios_async
 .text.usart_set_baud_rate
                0x0800f942       0x3a C:\Users\Administrator\AppData\Local\Temp\VMBuilds\Universal_controllerV2.0\Arduino_STM32-master_genericSTM32F103R\Release\core.a(usart_f1.c.o)
                0x0800f942                usart_set_baud_rate
 .text.__irq_usart1
                0x0800f97c       0x50 C:\Users\Administrator\AppData\Local\Temp\VMBuilds\Universal_controllerV2.0\Arduino_STM32-master_genericSTM32F103R\Release\core.a(usart_f1.c.o)
                0x0800f97c                __irq_usart1
 .text.__irq_usart2
                0x0800f9cc       0x50 C:\Users\Administrator\AppData\Local\Temp\VMBuilds\Universal_controllerV2.0\Arduino_STM32-master_genericSTM32F103R\Release\core.a(usart_f1.c.o)
                0x0800f9cc                __irq_usart2
 .text.__irq_usart3
                0x0800fa1c       0x50 C:\Users\Administrator\AppData\Local\Temp\VMBuilds\Universal_controllerV2.0\Arduino_STM32-master_genericSTM32F103R\Release\core.a(usart_f1.c.o)
                0x0800fa1c                __irq_usart3
 .text.__irq_uart4
                0x0800fa6c       0x50 C:\Users\Administrator\AppData\Local\Temp\VMBuilds\Universal_controllerV2.0\Arduino_STM32-master_genericSTM32F103R\Release\core.a(usart_f1.c.o)
                0x0800fa6c                __irq_uart4
 .text.__irq_uart5
                0x0800fabc       0x50 C:\Users\Administrator\AppData\Local\Temp\VMBuilds\Universal_controllerV2.0\Arduino_STM32-master_genericSTM32F103R\Release\core.a(usart_f1.c.o)
                0x0800fabc                __irq_uart5
 .text._usart_clock_freq
                0x0800fb0c       0x24 C:\Users\Administrator\AppData\Local\Temp\VMBuilds\Universal_controllerV2.0\Arduino_STM32-master_genericSTM32F103R\Release\core.a(usart_private.c.o)
                0x0800fb0c                _usart_clock_freq
 .text.throb    0x0800fb30       0x54 C:\Users\Administrator\AppData\Local\Temp\VMBuilds\Universal_controllerV2.0\Arduino_STM32-master_genericSTM32F103R\Release\core.a(util.c.o)
                0x0800fb30                throb
 .text.__error  0x0800fb84       0x14 C:\Users\Administrator\AppData\Local\Temp\VMBuilds\Universal_controllerV2.0\Arduino_STM32-master_genericSTM32F103R\Release\core.a(util.c.o)
                0x0800fb84                __error
 .text.set_rx_tx_status0
                0x0800fb98       0x30 C:\Users\Administrator\AppData\Local\Temp\VMBuilds\Universal_controllerV2.0\Arduino_STM32-master_genericSTM32F103R\Release\core.a(usb.c.o)
 .text.usb_resume
                0x0800fbc8       0xb0 C:\Users\Administrator\AppData\Local\Temp\VMBuilds\Universal_controllerV2.0\Arduino_STM32-master_genericSTM32F103R\Release\core.a(usb.c.o)
 .text.usb_init_usblib
                0x0800fc78       0x48 C:\Users\Administrator\AppData\Local\Temp\VMBuilds\Universal_controllerV2.0\Arduino_STM32-master_genericSTM32F103R\Release\core.a(usb.c.o)
                0x0800fc78                usb_init_usblib
 .text.__irq_usb_lp_can_rx0
                0x0800fcc0      0x18c C:\Users\Administrator\AppData\Local\Temp\VMBuilds\Universal_controllerV2.0\Arduino_STM32-master_genericSTM32F103R\Release\core.a(usb.c.o)
                0x0800fcc0                __irq_usb_lp_can_rx0
 .text.usb_set_ep_rx_stat
                0x0800fe4c       0x22 C:\Users\Administrator\AppData\Local\Temp\VMBuilds\Universal_controllerV2.0\Arduino_STM32-master_genericSTM32F103R\Release\core.a(usb_cdcacm.c.o)
 *fill*         0x0800fe6e        0x2 
 .text.vcomGetSetLineCoding
                0x0800fe70       0x18 C:\Users\Administrator\AppData\Local\Temp\VMBuilds\Universal_controllerV2.0\Arduino_STM32-master_genericSTM32F103R\Release\core.a(usb_cdcacm.c.o)
 .text.usbInit  0x0800fe88       0x44 C:\Users\Administrator\AppData\Local\Temp\VMBuilds\Universal_controllerV2.0\Arduino_STM32-master_genericSTM32F103R\Release\core.a(usb_cdcacm.c.o)
 .text.usbNoDataSetup
                0x0800fecc       0x50 C:\Users\Administrator\AppData\Local\Temp\VMBuilds\Universal_controllerV2.0\Arduino_STM32-master_genericSTM32F103R\Release\core.a(usb_cdcacm.c.o)
 .text.usbGetInterfaceSetting
                0x0800ff1c       0x10 C:\Users\Administrator\AppData\Local\Temp\VMBuilds\Universal_controllerV2.0\Arduino_STM32-master_genericSTM32F103R\Release\core.a(usb_cdcacm.c.o)
 .text.usbSetConfiguration
                0x0800ff2c       0x1c C:\Users\Administrator\AppData\Local\Temp\VMBuilds\Universal_controllerV2.0\Arduino_STM32-master_genericSTM32F103R\Release\core.a(usb_cdcacm.c.o)
 .text.usbSetDeviceAddress
                0x0800ff48       0x10 C:\Users\Administrator\AppData\Local\Temp\VMBuilds\Universal_controllerV2.0\Arduino_STM32-master_genericSTM32F103R\Release\core.a(usb_cdcacm.c.o)
 .text.usbGetStringDescriptor
                0x0800ff58       0x20 C:\Users\Administrator\AppData\Local\Temp\VMBuilds\Universal_controllerV2.0\Arduino_STM32-master_genericSTM32F103R\Release\core.a(usb_cdcacm.c.o)
 .text.usbGetConfigDescriptor
                0x0800ff78        0xc C:\Users\Administrator\AppData\Local\Temp\VMBuilds\Universal_controllerV2.0\Arduino_STM32-master_genericSTM32F103R\Release\core.a(usb_cdcacm.c.o)
 .text.usbGetDeviceDescriptor
                0x0800ff84        0xc C:\Users\Administrator\AppData\Local\Temp\VMBuilds\Universal_controllerV2.0\Arduino_STM32-master_genericSTM32F103R\Release\core.a(usb_cdcacm.c.o)
 .text.usbDataSetup
                0x0800ff90       0x54 C:\Users\Administrator\AppData\Local\Temp\VMBuilds\Universal_controllerV2.0\Arduino_STM32-master_genericSTM32F103R\Release\core.a(usb_cdcacm.c.o)
 .text.vcomDataRxCb
                0x0800ffe4       0x8c C:\Users\Administrator\AppData\Local\Temp\VMBuilds\Universal_controllerV2.0\Arduino_STM32-master_genericSTM32F103R\Release\core.a(usb_cdcacm.c.o)
 .text.vcomDataTxCb
                0x08010070       0xa0 C:\Users\Administrator\AppData\Local\Temp\VMBuilds\Universal_controllerV2.0\Arduino_STM32-master_genericSTM32F103R\Release\core.a(usb_cdcacm.c.o)
 .text.usb_cdcacm_tx.part.2
                0x08010110       0x54 C:\Users\Administrator\AppData\Local\Temp\VMBuilds\Universal_controllerV2.0\Arduino_STM32-master_genericSTM32F103R\Release\core.a(usb_cdcacm.c.o)
 .text.usbReset
                0x08010164      0x15c C:\Users\Administrator\AppData\Local\Temp\VMBuilds\Universal_controllerV2.0\Arduino_STM32-master_genericSTM32F103R\Release\core.a(usb_cdcacm.c.o)
 .text.usb_cdcacm_set_hooks
                0x080102c0       0x1c C:\Users\Administrator\AppData\Local\Temp\VMBuilds\Universal_controllerV2.0\Arduino_STM32-master_genericSTM32F103R\Release\core.a(usb_cdcacm.c.o)
                0x080102c0                usb_cdcacm_set_hooks
 .text.usb_cdcacm_enable
                0x080102dc       0x34 C:\Users\Administrator\AppData\Local\Temp\VMBuilds\Universal_controllerV2.0\Arduino_STM32-master_genericSTM32F103R\Release\core.a(usb_cdcacm.c.o)
                0x080102dc                usb_cdcacm_enable
 .text.usb_cdcacm_tx
                0x08010310        0xa C:\Users\Administrator\AppData\Local\Temp\VMBuilds\Universal_controllerV2.0\Arduino_STM32-master_genericSTM32F103R\Release\core.a(usb_cdcacm.c.o)
                0x08010310                usb_cdcacm_tx
 *fill*         0x0801031a        0x2 
 .text.usb_cdcacm_data_available
                0x0801031c       0x18 C:\Users\Administrator\AppData\Local\Temp\VMBuilds\Universal_controllerV2.0\Arduino_STM32-master_genericSTM32F103R\Release\core.a(usb_cdcacm.c.o)
                0x0801031c                usb_cdcacm_data_available
 .text.usb_cdcacm_peek
                0x08010334       0x38 C:\Users\Administrator\AppData\Local\Temp\VMBuilds\Universal_controllerV2.0\Arduino_STM32-master_genericSTM32F103R\Release\core.a(usb_cdcacm.c.o)
                0x08010334                usb_cdcacm_peek
 .text.usb_cdcacm_rx
                0x0801036c       0x34 C:\Users\Administrator\AppData\Local\Temp\VMBuilds\Universal_controllerV2.0\Arduino_STM32-master_genericSTM32F103R\Release\core.a(usb_cdcacm.c.o)
                0x0801036c                usb_cdcacm_rx
 .text.usb_cdcacm_peek_ex
                0x080103a0       0x40 C:\Users\Administrator\AppData\Local\Temp\VMBuilds\Universal_controllerV2.0\Arduino_STM32-master_genericSTM32F103R\Release\core.a(usb_cdcacm.c.o)
                0x080103a0                usb_cdcacm_peek_ex
 .text.usb_cdcacm_get_dtr
                0x080103e0       0x10 C:\Users\Administrator\AppData\Local\Temp\VMBuilds\Universal_controllerV2.0\Arduino_STM32-master_genericSTM32F103R\Release\core.a(usb_cdcacm.c.o)
                0x080103e0                usb_cdcacm_get_dtr
 .text.usb_set_ep_rx_count
                0x080103f0       0x40 C:\Users\Administrator\AppData\Local\Temp\VMBuilds\Universal_controllerV2.0\Arduino_STM32-master_genericSTM32F103R\Release\core.a(usb_reg_map.c.o)
                0x080103f0                usb_set_ep_rx_count
 .text.Standard_GetConfiguration
                0x08010430       0x24 C:\Users\Administrator\AppData\Local\Temp\VMBuilds\Universal_controllerV2.0\Arduino_STM32-master_genericSTM32F103R\Release\core.a(usb_core.c.o)
                0x08010430                Standard_GetConfiguration
 .text.Standard_GetInterface
                0x08010454       0x24 C:\Users\Administrator\AppData\Local\Temp\VMBuilds\Universal_controllerV2.0\Arduino_STM32-master_genericSTM32F103R\Release\core.a(usb_core.c.o)
                0x08010454                Standard_GetInterface
 .text.Standard_GetStatus
                0x08010478       0x88 C:\Users\Administrator\AppData\Local\Temp\VMBuilds\Universal_controllerV2.0\Arduino_STM32-master_genericSTM32F103R\Release\core.a(usb_core.c.o)
                0x08010478                Standard_GetStatus
 .text.DataStageIn
                0x08010500       0xac C:\Users\Administrator\AppData\Local\Temp\VMBuilds\Universal_controllerV2.0\Arduino_STM32-master_genericSTM32F103R\Release\core.a(usb_core.c.o)
 .text.Standard_SetConfiguration
                0x080105ac       0x38 C:\Users\Administrator\AppData\Local\Temp\VMBuilds\Universal_controllerV2.0\Arduino_STM32-master_genericSTM32F103R\Release\core.a(usb_core.c.o)
                0x080105ac                Standard_SetConfiguration
 .text.Standard_SetInterface
                0x080105e4       0x4c C:\Users\Administrator\AppData\Local\Temp\VMBuilds\Universal_controllerV2.0\Arduino_STM32-master_genericSTM32F103R\Release\core.a(usb_core.c.o)
                0x080105e4                Standard_SetInterface
 .text.Standard_ClearFeature
                0x08010630       0xc4 C:\Users\Administrator\AppData\Local\Temp\VMBuilds\Universal_controllerV2.0\Arduino_STM32-master_genericSTM32F103R\Release\core.a(usb_core.c.o)
                0x08010630                Standard_ClearFeature
 .text.Standard_SetEndPointFeature
                0x080106f4       0x7c C:\Users\Administrator\AppData\Local\Temp\VMBuilds\Universal_controllerV2.0\Arduino_STM32-master_genericSTM32F103R\Release\core.a(usb_core.c.o)
                0x080106f4                Standard_SetEndPointFeature
 .text.Standard_SetDeviceFeature
                0x08010770       0x24 C:\Users\Administrator\AppData\Local\Temp\VMBuilds\Universal_controllerV2.0\Arduino_STM32-master_genericSTM32F103R\Release\core.a(usb_core.c.o)
                0x08010770                Standard_SetDeviceFeature
 .text.Standard_GetDescriptorData
                0x08010794       0x1c C:\Users\Administrator\AppData\Local\Temp\VMBuilds\Universal_controllerV2.0\Arduino_STM32-master_genericSTM32F103R\Release\core.a(usb_core.c.o)
                0x08010794                Standard_GetDescriptorData
 .text.Post0_Process
                0x080107b0       0x40 C:\Users\Administrator\AppData\Local\Temp\VMBuilds\Universal_controllerV2.0\Arduino_STM32-master_genericSTM32F103R\Release\core.a(usb_core.c.o)
                0x080107b0                Post0_Process
 .text.Setup0_Process
                0x080107f0      0x2b8 C:\Users\Administrator\AppData\Local\Temp\VMBuilds\Universal_controllerV2.0\Arduino_STM32-master_genericSTM32F103R\Release\core.a(usb_core.c.o)
                0x080107f0                Setup0_Process
 .text.Out0_Process
                0x08010aa8       0xc0 C:\Users\Administrator\AppData\Local\Temp\VMBuilds\Universal_controllerV2.0\Arduino_STM32-master_genericSTM32F103R\Release\core.a(usb_core.c.o)
                0x08010aa8                Out0_Process
 .text.SetDeviceAddress
                0x08010b68       0x38 C:\Users\Administrator\AppData\Local\Temp\VMBuilds\Universal_controllerV2.0\Arduino_STM32-master_genericSTM32F103R\Release\core.a(usb_core.c.o)
                0x08010b68                SetDeviceAddress
 .text.In0_Process
                0x08010ba0       0x5c C:\Users\Administrator\AppData\Local\Temp\VMBuilds\Universal_controllerV2.0\Arduino_STM32-master_genericSTM32F103R\Release\core.a(usb_core.c.o)
                0x08010ba0                In0_Process
 .text.NOP_Process
                0x08010bfc        0x2 C:\Users\Administrator\AppData\Local\Temp\VMBuilds\Universal_controllerV2.0\Arduino_STM32-master_genericSTM32F103R\Release\core.a(usb_core.c.o)
                0x08010bfc                NOP_Process
 .text.UserToPMABufferCopy
                0x08010bfe       0x1e C:\Users\Administrator\AppData\Local\Temp\VMBuilds\Universal_controllerV2.0\Arduino_STM32-master_genericSTM32F103R\Release\core.a(usb_mem.c.o)
                0x08010bfe                UserToPMABufferCopy
 .text.PMAToUserBufferCopy
                0x08010c1c       0x24 C:\Users\Administrator\AppData\Local\Temp\VMBuilds\Universal_controllerV2.0\Arduino_STM32-master_genericSTM32F103R\Release\core.a(usb_mem.c.o)
                0x08010c1c                PMAToUserBufferCopy
 .text.SetEPTxStatus
                0x08010c40       0x2a C:\Users\Administrator\AppData\Local\Temp\VMBuilds\Universal_controllerV2.0\Arduino_STM32-master_genericSTM32F103R\Release\core.a(usb_regs.c.o)
                0x08010c40                SetEPTxStatus
 .text.ClearDTOG_RX
                0x08010c6a       0x26 C:\Users\Administrator\AppData\Local\Temp\VMBuilds\Universal_controllerV2.0\Arduino_STM32-master_genericSTM32F103R\Release\core.a(usb_regs.c.o)
                0x08010c6a                ClearDTOG_RX
 .text.ClearDTOG_TX
                0x08010c90       0x26 C:\Users\Administrator\AppData\Local\Temp\VMBuilds\Universal_controllerV2.0\Arduino_STM32-master_genericSTM32F103R\Release\core.a(usb_regs.c.o)
                0x08010c90                ClearDTOG_TX
 *fill*         0x08010cb6        0x2 
 .text.GetEPTxAddr
                0x08010cb8       0x1c C:\Users\Administrator\AppData\Local\Temp\VMBuilds\Universal_controllerV2.0\Arduino_STM32-master_genericSTM32F103R\Release\core.a(usb_regs.c.o)
                0x08010cb8                GetEPTxAddr
 .text.GetEPRxAddr
                0x08010cd4       0x1c C:\Users\Administrator\AppData\Local\Temp\VMBuilds\Universal_controllerV2.0\Arduino_STM32-master_genericSTM32F103R\Release\core.a(usb_regs.c.o)
                0x08010cd4                GetEPRxAddr
 .text.SetEPTxCount
                0x08010cf0       0x1c C:\Users\Administrator\AppData\Local\Temp\VMBuilds\Universal_controllerV2.0\Arduino_STM32-master_genericSTM32F103R\Release\core.a(usb_regs.c.o)
                0x08010cf0                SetEPTxCount
 .text.SetEPRxCount
                0x08010d0c       0x40 C:\Users\Administrator\AppData\Local\Temp\VMBuilds\Universal_controllerV2.0\Arduino_STM32-master_genericSTM32F103R\Release\core.a(usb_regs.c.o)
                0x08010d0c                SetEPRxCount
 .text.rb_full_count
                0x08010d4c       0x18 C:\Users\Administrator\AppData\Local\Temp\VMBuilds\Universal_controllerV2.0\Arduino_STM32-master_genericSTM32F103R\Release\core.a(HardwareSerial.cpp.o)
 .text._ZN14HardwareSerial4readEv
                0x08010d64       0x38 C:\Users\Administrator\AppData\Local\Temp\VMBuilds\Universal_controllerV2.0\Arduino_STM32-master_genericSTM32F103R\Release\core.a(HardwareSerial.cpp.o)
                0x08010d64                HardwareSerial::read()
 .text._ZN14HardwareSerial9availableEv
                0x08010d9c        0xc C:\Users\Administrator\AppData\Local\Temp\VMBuilds\Universal_controllerV2.0\Arduino_STM32-master_genericSTM32F103R\Release\core.a(HardwareSerial.cpp.o)
                0x08010d9c                HardwareSerial::available()
 .text._ZN14HardwareSerial4peekEv
                0x08010da8       0x20 C:\Users\Administrator\AppData\Local\Temp\VMBuilds\Universal_controllerV2.0\Arduino_STM32-master_genericSTM32F103R\Release\core.a(HardwareSerial.cpp.o)
                0x08010da8                HardwareSerial::peek()
 .text._ZN14HardwareSerial5flushEv
                0x08010dc8       0x18 C:\Users\Administrator\AppData\Local\Temp\VMBuilds\Universal_controllerV2.0\Arduino_STM32-master_genericSTM32F103R\Release\core.a(HardwareSerial.cpp.o)
                0x08010dc8                HardwareSerial::flush()
 .text._ZN14HardwareSerial5writeEh
                0x08010de0       0x1e C:\Users\Administrator\AppData\Local\Temp\VMBuilds\Universal_controllerV2.0\Arduino_STM32-master_genericSTM32F103R\Release\core.a(HardwareSerial.cpp.o)
                0x08010de0                HardwareSerial::write(unsigned char)
 *fill*         0x08010dfe        0x2 
 .text._ZN14HardwareSerialC2EP9usart_devhh
                0x08010e00       0x20 C:\Users\Administrator\AppData\Local\Temp\VMBuilds\Universal_controllerV2.0\Arduino_STM32-master_genericSTM32F103R\Release\core.a(HardwareSerial.cpp.o)
                0x08010e00                HardwareSerial::HardwareSerial(usart_dev*, unsigned char, unsigned char)
                0x08010e00                HardwareSerial::HardwareSerial(usart_dev*, unsigned char, unsigned char)
 .text._ZN14HardwareSerial5beginEmh
                0x08010e20       0x68 C:\Users\Administrator\AppData\Local\Temp\VMBuilds\Universal_controllerV2.0\Arduino_STM32-master_genericSTM32F103R\Release\core.a(HardwareSerial.cpp.o)
                0x08010e20                HardwareSerial::begin(unsigned long, unsigned char)
 .text._ZN14HardwareSerial5beginEm
                0x08010e88        0x6 C:\Users\Administrator\AppData\Local\Temp\VMBuilds\Universal_controllerV2.0\Arduino_STM32-master_genericSTM32F103R\Release\core.a(HardwareSerial.cpp.o)
                0x08010e88                HardwareSerial::begin(unsigned long)
 .text.startup._Z7premainv
                0x08010e8e        0x4 C:\Users\Administrator\AppData\Local\Temp\VMBuilds\Universal_controllerV2.0\Arduino_STM32-master_genericSTM32F103R\Release\core.a(main.cpp.o)
                0x08010e8e                premain()
 .text.startup.main
                0x08010e92        0xc C:\Users\Administrator\AppData\Local\Temp\VMBuilds\Universal_controllerV2.0\Arduino_STM32-master_genericSTM32F103R\Release\core.a(main.cpp.o)
                0x08010e92                main
 .text._ZN5Print5writeEPKvm
                0x08010e9e       0x20 C:\Users\Administrator\AppData\Local\Temp\VMBuilds\Universal_controllerV2.0\Arduino_STM32-master_genericSTM32F103R\Release\core.a(Print.cpp.o)
                0x08010e9e                Print::write(void const*, unsigned long)
 .text._ZN5Print5writeEPKc
                0x08010ebe       0x20 C:\Users\Administrator\AppData\Local\Temp\VMBuilds\Universal_controllerV2.0\Arduino_STM32-master_genericSTM32F103R\Release\core.a(Print.cpp.o)
                0x08010ebe                Print::write(char const*)
 .text._ZN5Print5printERK6String
                0x08010ede        0xa C:\Users\Administrator\AppData\Local\Temp\VMBuilds\Universal_controllerV2.0\Arduino_STM32-master_genericSTM32F103R\Release\core.a(Print.cpp.o)
                0x08010ede                Print::print(String const&)
 .text._ZN5Print5printEc
                0x08010ee8        0x6 C:\Users\Administrator\AppData\Local\Temp\VMBuilds\Universal_controllerV2.0\Arduino_STM32-master_genericSTM32F103R\Release\core.a(Print.cpp.o)
                0x08010ee8                Print::print(char)
 .text._ZN5Print5printEPKc
                0x08010eee        0x6 C:\Users\Administrator\AppData\Local\Temp\VMBuilds\Universal_controllerV2.0\Arduino_STM32-master_genericSTM32F103R\Release\core.a(Print.cpp.o)
                0x08010eee                Print::print(char const*)
 .text._ZN5Print7printlnEv
                0x08010ef4       0x18 C:\Users\Administrator\AppData\Local\Temp\VMBuilds\Universal_controllerV2.0\Arduino_STM32-master_genericSTM32F103R\Release\core.a(Print.cpp.o)
                0x08010ef4                Print::println()
 .text._ZN5Print7printlnERK6String
                0x08010f0c       0x14 C:\Users\Administrator\AppData\Local\Temp\VMBuilds\Universal_controllerV2.0\Arduino_STM32-master_genericSTM32F103R\Release\core.a(Print.cpp.o)
                0x08010f0c                Print::println(String const&)
 .text._ZN5Print7printlnEPKc
                0x08010f20       0x14 C:\Users\Administrator\AppData\Local\Temp\VMBuilds\Universal_controllerV2.0\Arduino_STM32-master_genericSTM32F103R\Release\core.a(Print.cpp.o)
                0x08010f20                Print::println(char const*)
 .text._ZN5Print11printNumberEyh
                0x08010f34       0x6c C:\Users\Administrator\AppData\Local\Temp\VMBuilds\Universal_controllerV2.0\Arduino_STM32-master_genericSTM32F103R\Release\core.a(Print.cpp.o)
                0x08010f34                Print::printNumber(unsigned long long, unsigned char)
 .text._ZN5Print5printExi
                0x08010fa0       0x32 C:\Users\Administrator\AppData\Local\Temp\VMBuilds\Universal_controllerV2.0\Arduino_STM32-master_genericSTM32F103R\Release\core.a(Print.cpp.o)
                0x08010fa0                Print::print(long long, int)
 .text._ZN5Print5printEii
                0x08010fd2       0x12 C:\Users\Administrator\AppData\Local\Temp\VMBuilds\Universal_controllerV2.0\Arduino_STM32-master_genericSTM32F103R\Release\core.a(Print.cpp.o)
                0x08010fd2                Print::print(int, int)
 .text._ZN5Print7printlnEii
                0x08010fe4       0x14 C:\Users\Administrator\AppData\Local\Temp\VMBuilds\Universal_controllerV2.0\Arduino_STM32-master_genericSTM32F103R\Release\core.a(Print.cpp.o)
                0x08010fe4                Print::println(int, int)
 .text._ZN5Print7printlnEli
                0x08010ff8       0x1c C:\Users\Administrator\AppData\Local\Temp\VMBuilds\Universal_controllerV2.0\Arduino_STM32-master_genericSTM32F103R\Release\core.a(Print.cpp.o)
                0x08010ff8                Print::println(long, int)
 .text._ZN5Print5printEhi
                0x08011014       0x14 C:\Users\Administrator\AppData\Local\Temp\VMBuilds\Universal_controllerV2.0\Arduino_STM32-master_genericSTM32F103R\Release\core.a(Print.cpp.o)
                0x08011014                Print::print(unsigned char, int)
 .text._ZN5Print7printlnEhi
                0x08011028       0x14 C:\Users\Administrator\AppData\Local\Temp\VMBuilds\Universal_controllerV2.0\Arduino_STM32-master_genericSTM32F103R\Release\core.a(Print.cpp.o)
                0x08011028                Print::println(unsigned char, int)
 .text._ZN5Print7printlnEmi
                0x0801103c       0x1e C:\Users\Administrator\AppData\Local\Temp\VMBuilds\Universal_controllerV2.0\Arduino_STM32-master_genericSTM32F103R\Release\core.a(Print.cpp.o)
                0x0801103c                Print::println(unsigned long, int)
 *fill*         0x0801105a        0x6 
 .text._ZN5Print10printFloatEdh
                0x08011060      0x160 C:\Users\Administrator\AppData\Local\Temp\VMBuilds\Universal_controllerV2.0\Arduino_STM32-master_genericSTM32F103R\Release\core.a(Print.cpp.o)
                0x08011060                Print::printFloat(double, unsigned char)
 .text._ZN5Print7printlnEdi
                0x080111c0       0x1c C:\Users\Administrator\AppData\Local\Temp\VMBuilds\Universal_controllerV2.0\Arduino_STM32-master_genericSTM32F103R\Release\core.a(Print.cpp.o)
                0x080111c0                Print::println(double, int)
 .text._Z8pwmWriteht
                0x080111dc       0x24 C:\Users\Administrator\AppData\Local\Temp\VMBuilds\Universal_controllerV2.0\Arduino_STM32-master_genericSTM32F103R\Release\core.a(pwm.cpp.o)
                0x080111dc                pwmWrite(unsigned char, unsigned short)
 .text._Z11analogWritehi
                0x08011200       0x1c C:\Users\Administrator\AppData\Local\Temp\VMBuilds\Universal_controllerV2.0\Arduino_STM32-master_genericSTM32F103R\Release\core.a(pwm.cpp.o)
                0x08011200                analogWrite(unsigned char, int)
 .text._ZN9USBSerial9availableEv
                0x0801121c        0x4 C:\Users\Administrator\AppData\Local\Temp\VMBuilds\Universal_controllerV2.0\Arduino_STM32-master_genericSTM32F103R\Release\core.a(usb_serial.cpp.o)
                0x0801121c                USBSerial::available()
 .text._ZN9USBSerial4peekEv
                0x08011220       0x1e C:\Users\Administrator\AppData\Local\Temp\VMBuilds\Universal_controllerV2.0\Arduino_STM32-master_genericSTM32F103R\Release\core.a(usb_serial.cpp.o)
                0x08011220                USBSerial::peek()
 .text._ZN9USBSerial4readEv
                0x0801123e       0x1e C:\Users\Administrator\AppData\Local\Temp\VMBuilds\Universal_controllerV2.0\Arduino_STM32-master_genericSTM32F103R\Release\core.a(usb_serial.cpp.o)
                0x0801123e                USBSerial::read()
 .text._ZL14ifaceSetupHookjPv
                0x0801125c       0x38 C:\Users\Administrator\AppData\Local\Temp\VMBuilds\Universal_controllerV2.0\Arduino_STM32-master_genericSTM32F103R\Release\core.a(usb_serial.cpp.o)
 .text._ZL6rxHookjPv
                0x08011294       0xa0 C:\Users\Administrator\AppData\Local\Temp\VMBuilds\Universal_controllerV2.0\Arduino_STM32-master_genericSTM32F103R\Release\core.a(usb_serial.cpp.o)
 .text._ZL10wait_resetv
                0x08011334       0x10 C:\Users\Administrator\AppData\Local\Temp\VMBuilds\Universal_controllerV2.0\Arduino_STM32-master_genericSTM32F103R\Release\core.a(usb_serial.cpp.o)
 .text._ZN9USBSerial5beginEv
                0x08011344       0x3c C:\Users\Administrator\AppData\Local\Temp\VMBuilds\Universal_controllerV2.0\Arduino_STM32-master_genericSTM32F103R\Release\core.a(usb_serial.cpp.o)
                0x08011344                USBSerial::begin()
 .text._ZN9USBSerial5beginEm
                0x08011380        0xc C:\Users\Administrator\AppData\Local\Temp\VMBuilds\Universal_controllerV2.0\Arduino_STM32-master_genericSTM32F103R\Release\core.a(usb_serial.cpp.o)
                0x08011380                USBSerial::begin(unsigned long)
 .text._ZN9USBSerial5writeEPKhm
                0x0801138c       0x44 C:\Users\Administrator\AppData\Local\Temp\VMBuilds\Universal_controllerV2.0\Arduino_STM32-master_genericSTM32F103R\Release\core.a(usb_serial.cpp.o)
                0x0801138c                USBSerial::write(unsigned char const*, unsigned long)
 .text._ZN9USBSerial5writeEh
                0x080113d0       0x16 C:\Users\Administrator\AppData\Local\Temp\VMBuilds\Universal_controllerV2.0\Arduino_STM32-master_genericSTM32F103R\Release\core.a(usb_serial.cpp.o)
                0x080113d0                USBSerial::write(unsigned char)
 .text._ZN9USBSerial5writeEPKc
                0x080113e6       0x1a C:\Users\Administrator\AppData\Local\Temp\VMBuilds\Universal_controllerV2.0\Arduino_STM32-master_genericSTM32F103R\Release\core.a(usb_serial.cpp.o)
                0x080113e6                USBSerial::write(char const*)
 .text._ZN9USBSerial4readEPhm
                0x08011400       0x1c C:\Users\Administrator\AppData\Local\Temp\VMBuilds\Universal_controllerV2.0\Arduino_STM32-master_genericSTM32F103R\Release\core.a(usb_serial.cpp.o)
                0x08011400                USBSerial::read(unsigned char*, unsigned long)
 .text._ZN9USBSerial5flushEv
                0x0801141c       0x1c C:\Users\Administrator\AppData\Local\Temp\VMBuilds\Universal_controllerV2.0\Arduino_STM32-master_genericSTM32F103R\Release\core.a(usb_serial.cpp.o)
                0x0801141c                USBSerial::flush()
 .text.startup._GLOBAL__sub_I__ZN9USBSerial9_hasBegunE
                0x08011438       0x1c C:\Users\Administrator\AppData\Local\Temp\VMBuilds\Universal_controllerV2.0\Arduino_STM32-master_genericSTM32F103R\Release\core.a(usb_serial.cpp.o)
 .text._Z10analogReadh
                0x08011454       0x18 C:\Users\Administrator\AppData\Local\Temp\VMBuilds\Universal_controllerV2.0\Arduino_STM32-master_genericSTM32F103R\Release\core.a(wirish_analog.cpp.o)
                0x08011454                analogRead(unsigned char)
 .text._Z11digitalReadh
                0x0801146c       0x28 C:\Users\Administrator\AppData\Local\Temp\VMBuilds\Universal_controllerV2.0\Arduino_STM32-master_genericSTM32F103R\Release\core.a(wirish_digital.cpp.o)
                0x0801146c                digitalRead(unsigned char)
 .text._Z12digitalWritehh
                0x08011494       0x2c C:\Users\Administrator\AppData\Local\Temp\VMBuilds\Universal_controllerV2.0\Arduino_STM32-master_genericSTM32F103R\Release\core.a(wirish_digital.cpp.o)
                0x08011494                digitalWrite(unsigned char, unsigned char)
 .text._Z6randoml
                0x080114c0       0x16 C:\Users\Administrator\AppData\Local\Temp\VMBuilds\Universal_controllerV2.0\Arduino_STM32-master_genericSTM32F103R\Release\core.a(wirish_math.cpp.o)
                0x080114c0                random(long)
 .text._Z6randomll
                0x080114d6       0x14 C:\Users\Administrator\AppData\Local\Temp\VMBuilds\Universal_controllerV2.0\Arduino_STM32-master_genericSTM32F103R\Release\core.a(wirish_math.cpp.o)
                0x080114d6                random(long, long)
 *fill*         0x080114ea        0x2 
 .text._ZL6microsv
                0x080114ec       0x34 C:\Users\Administrator\AppData\Local\Temp\VMBuilds\Universal_controllerV2.0\Arduino_STM32-master_genericSTM32F103R\Release\core.a(wirish_time.cpp.o)
 .text._Z5delaym
                0x08011520       0x26 C:\Users\Administrator\AppData\Local\Temp\VMBuilds\Universal_controllerV2.0\Arduino_STM32-master_genericSTM32F103R\Release\core.a(wirish_time.cpp.o)
                0x08011520                delay(unsigned long)
 .text._Z17delayMicrosecondsm
                0x08011546       0x10 C:\Users\Administrator\AppData\Local\Temp\VMBuilds\Universal_controllerV2.0\Arduino_STM32-master_genericSTM32F103R\Release\core.a(wirish_time.cpp.o)
                0x08011546                delayMicroseconds(unsigned long)
 .text._ZN6StringD2Ev
                0x08011556        0xe C:\Users\Administrator\AppData\Local\Temp\VMBuilds\Universal_controllerV2.0\Arduino_STM32-master_genericSTM32F103R\Release\core.a(WString.cpp.o)
                0x08011556                String::~String()
                0x08011556                String::~String()
 .text._ZN6String10invalidateEv
                0x08011564       0x16 C:\Users\Administrator\AppData\Local\Temp\VMBuilds\Universal_controllerV2.0\Arduino_STM32-master_genericSTM32F103R\Release\core.a(WString.cpp.o)
                0x08011564                String::invalidate()
 .text._ZN6String12changeBufferEj
                0x0801157a       0x18 C:\Users\Administrator\AppData\Local\Temp\VMBuilds\Universal_controllerV2.0\Arduino_STM32-master_genericSTM32F103R\Release\core.a(WString.cpp.o)
                0x0801157a                String::changeBuffer(unsigned int)
 .text._ZN6String7reserveEj
                0x08011592       0x28 C:\Users\Administrator\AppData\Local\Temp\VMBuilds\Universal_controllerV2.0\Arduino_STM32-master_genericSTM32F103R\Release\core.a(WString.cpp.o)
                0x08011592                String::reserve(unsigned int)
 .text._ZN6String4copyEPKcj
                0x080115ba       0x26 C:\Users\Administrator\AppData\Local\Temp\VMBuilds\Universal_controllerV2.0\Arduino_STM32-master_genericSTM32F103R\Release\core.a(WString.cpp.o)
                0x080115ba                String::copy(char const*, unsigned int)
 .text._ZN6StringC2EPKc
                0x080115e0       0x24 C:\Users\Administrator\AppData\Local\Temp\VMBuilds\Universal_controllerV2.0\Arduino_STM32-master_genericSTM32F103R\Release\core.a(WString.cpp.o)
                0x080115e0                String::String(char const*)
                0x080115e0                String::String(char const*)
 .text._ZN6StringaSEPKc.part.3
                0x08011604       0x1a C:\Users\Administrator\AppData\Local\Temp\VMBuilds\Universal_controllerV2.0\Arduino_STM32-master_genericSTM32F103R\Release\core.a(WString.cpp.o)
 .text._ZN6StringC2Ec
                0x0801161e       0x20 C:\Users\Administrator\AppData\Local\Temp\VMBuilds\Universal_controllerV2.0\Arduino_STM32-master_genericSTM32F103R\Release\core.a(WString.cpp.o)
                0x0801161e                String::String(char)
                0x0801161e                String::String(char)
 .text._ZN6StringC2Ehh
                0x0801163e       0x22 C:\Users\Administrator\AppData\Local\Temp\VMBuilds\Universal_controllerV2.0\Arduino_STM32-master_genericSTM32F103R\Release\core.a(WString.cpp.o)
                0x0801163e                String::String(unsigned char, unsigned char)
                0x0801163e                String::String(unsigned char, unsigned char)
 .text._ZN6StringC2Eih
                0x08011660       0x24 C:\Users\Administrator\AppData\Local\Temp\VMBuilds\Universal_controllerV2.0\Arduino_STM32-master_genericSTM32F103R\Release\core.a(WString.cpp.o)
                0x08011660                String::String(int, unsigned char)
                0x08011660                String::String(int, unsigned char)
 .text._ZN6StringC2Ejh
                0x08011684       0x24 C:\Users\Administrator\AppData\Local\Temp\VMBuilds\Universal_controllerV2.0\Arduino_STM32-master_genericSTM32F103R\Release\core.a(WString.cpp.o)
                0x08011684                String::String(unsigned int, unsigned char)
                0x08011684                String::String(unsigned int, unsigned char)
 .text._ZN6String4moveERS_
                0x080116a8       0x3c C:\Users\Administrator\AppData\Local\Temp\VMBuilds\Universal_controllerV2.0\Arduino_STM32-master_genericSTM32F103R\Release\core.a(WString.cpp.o)
                0x080116a8                String::move(String&)
 .text._ZN6StringaSERKS_
                0x080116e4       0x1e C:\Users\Administrator\AppData\Local\Temp\VMBuilds\Universal_controllerV2.0\Arduino_STM32-master_genericSTM32F103R\Release\core.a(WString.cpp.o)
                0x080116e4                String::operator=(String const&)
 .text._ZN6StringC2ERKS_
                0x08011702       0x14 C:\Users\Administrator\AppData\Local\Temp\VMBuilds\Universal_controllerV2.0\Arduino_STM32-master_genericSTM32F103R\Release\core.a(WString.cpp.o)
                0x08011702                String::String(String const&)
                0x08011702                String::String(String const&)
 .text._ZN6StringaSEOS_
                0x08011716       0x10 C:\Users\Administrator\AppData\Local\Temp\VMBuilds\Universal_controllerV2.0\Arduino_STM32-master_genericSTM32F103R\Release\core.a(WString.cpp.o)
                0x08011716                String::operator=(String&&)
 .text._ZN6StringaSEPKc
                0x08011726       0x14 C:\Users\Administrator\AppData\Local\Temp\VMBuilds\Universal_controllerV2.0\Arduino_STM32-master_genericSTM32F103R\Release\core.a(WString.cpp.o)
                0x08011726                String::operator=(char const*)
 .text._ZN6StringC2Efh
                0x0801173a       0x34 C:\Users\Administrator\AppData\Local\Temp\VMBuilds\Universal_controllerV2.0\Arduino_STM32-master_genericSTM32F103R\Release\core.a(WString.cpp.o)
                0x0801173a                String::String(float, unsigned char)
                0x0801173a                String::String(float, unsigned char)
 .text._ZN6String6concatEPKcj
                0x0801176e       0x2e C:\Users\Administrator\AppData\Local\Temp\VMBuilds\Universal_controllerV2.0\Arduino_STM32-master_genericSTM32F103R\Release\core.a(WString.cpp.o)
                0x0801176e                String::concat(char const*, unsigned int)
 .text._ZN6String6concatERKS_
                0x0801179c        0x8 C:\Users\Administrator\AppData\Local\Temp\VMBuilds\Universal_controllerV2.0\Arduino_STM32-master_genericSTM32F103R\Release\core.a(WString.cpp.o)
                0x0801179c                String::concat(String const&)
 .text._ZN6String6concatEi
                0x080117a4       0x22 C:\Users\Administrator\AppData\Local\Temp\VMBuilds\Universal_controllerV2.0\Arduino_STM32-master_genericSTM32F103R\Release\core.a(WString.cpp.o)
                0x080117a4                String::concat(int)
 .text._ZN6String6concatEj
                0x080117c6       0x22 C:\Users\Administrator\AppData\Local\Temp\VMBuilds\Universal_controllerV2.0\Arduino_STM32-master_genericSTM32F103R\Release\core.a(WString.cpp.o)
                0x080117c6                String::concat(unsigned int)
 .text._ZN6String6concatEm
                0x080117e8       0x22 C:\Users\Administrator\AppData\Local\Temp\VMBuilds\Universal_controllerV2.0\Arduino_STM32-master_genericSTM32F103R\Release\core.a(WString.cpp.o)
                0x080117e8                String::concat(unsigned long)
 .text._ZN6String6concatEf
                0x0801180a       0x2c C:\Users\Administrator\AppData\Local\Temp\VMBuilds\Universal_controllerV2.0\Arduino_STM32-master_genericSTM32F103R\Release\core.a(WString.cpp.o)
                0x0801180a                String::concat(float)
 .text._ZplRK15StringSumHelperRK6String
                0x08011836       0x18 C:\Users\Administrator\AppData\Local\Temp\VMBuilds\Universal_controllerV2.0\Arduino_STM32-master_genericSTM32F103R\Release\core.a(WString.cpp.o)
                0x08011836                operator+(StringSumHelper const&, String const&)
 .text._ZplRK15StringSumHelperPKc
                0x0801184e       0x28 C:\Users\Administrator\AppData\Local\Temp\VMBuilds\Universal_controllerV2.0\Arduino_STM32-master_genericSTM32F103R\Release\core.a(WString.cpp.o)
                0x0801184e                operator+(StringSumHelper const&, char const*)
 .text._ZplRK15StringSumHelperi
                0x08011876       0x14 C:\Users\Administrator\AppData\Local\Temp\VMBuilds\Universal_controllerV2.0\Arduino_STM32-master_genericSTM32F103R\Release\core.a(WString.cpp.o)
                0x08011876                operator+(StringSumHelper const&, int)
 .text._ZplRK15StringSumHelperj
                0x0801188a       0x14 C:\Users\Administrator\AppData\Local\Temp\VMBuilds\Universal_controllerV2.0\Arduino_STM32-master_genericSTM32F103R\Release\core.a(WString.cpp.o)
                0x0801188a                operator+(StringSumHelper const&, unsigned int)
 .text._ZplRK15StringSumHelperm
                0x0801189e       0x14 C:\Users\Administrator\AppData\Local\Temp\VMBuilds\Universal_controllerV2.0\Arduino_STM32-master_genericSTM32F103R\Release\core.a(WString.cpp.o)
                0x0801189e                operator+(StringSumHelper const&, unsigned long)
 .text._ZplRK15StringSumHelperf
                0x080118b2       0x14 C:\Users\Administrator\AppData\Local\Temp\VMBuilds\Universal_controllerV2.0\Arduino_STM32-master_genericSTM32F103R\Release\core.a(WString.cpp.o)
                0x080118b2                operator+(StringSumHelper const&, float)
 .text._ZNK6String9compareToERKS_
                0x080118c6       0x2a C:\Users\Administrator\AppData\Local\Temp\VMBuilds\Universal_controllerV2.0\Arduino_STM32-master_genericSTM32F103R\Release\core.a(WString.cpp.o)
                0x080118c6                String::compareTo(String const&) const
 .text._ZNK6String6equalsERKS_
                0x080118f0       0x1a C:\Users\Administrator\AppData\Local\Temp\VMBuilds\Universal_controllerV2.0\Arduino_STM32-master_genericSTM32F103R\Release\core.a(WString.cpp.o)
                0x080118f0                String::equals(String const&) const
 .text._ZNK6String6equalsEPKc
                0x0801190a       0x24 C:\Users\Administrator\AppData\Local\Temp\VMBuilds\Universal_controllerV2.0\Arduino_STM32-master_genericSTM32F103R\Release\core.a(WString.cpp.o)
                0x0801190a                String::equals(char const*) const
 .text._ZNK6String7indexOfERKS_j
                0x0801192e       0x1e C:\Users\Administrator\AppData\Local\Temp\VMBuilds\Universal_controllerV2.0\Arduino_STM32-master_genericSTM32F103R\Release\core.a(WString.cpp.o)
                0x0801192e                String::indexOf(String const&, unsigned int) const
 .text._ZNK6String7indexOfERKS_
                0x0801194c        0x6 C:\Users\Administrator\AppData\Local\Temp\VMBuilds\Universal_controllerV2.0\Arduino_STM32-master_genericSTM32F103R\Release\core.a(WString.cpp.o)
                0x0801194c                String::indexOf(String const&) const
 *fill*         0x08011952        0x2 
 .text._ZNK6String9substringEjj
                0x08011954       0x4c C:\Users\Administrator\AppData\Local\Temp\VMBuilds\Universal_controllerV2.0\Arduino_STM32-master_genericSTM32F103R\Release\core.a(WString.cpp.o)
                0x08011954                String::substring(unsigned int, unsigned int) const
 .text._ZN6String6removeEjj
                0x080119a0       0x32 C:\Users\Administrator\AppData\Local\Temp\VMBuilds\Universal_controllerV2.0\Arduino_STM32-master_genericSTM32F103R\Release\core.a(WString.cpp.o)
                0x080119a0                String::remove(unsigned int, unsigned int)
 .text._ZN6String6removeEj
                0x080119d2        0x8 C:\Users\Administrator\AppData\Local\Temp\VMBuilds\Universal_controllerV2.0\Arduino_STM32-master_genericSTM32F103R\Release\core.a(WString.cpp.o)
                0x080119d2                String::remove(unsigned int)
 .text._ZN6String11toUpperCaseEv
                0x080119da       0x18 C:\Users\Administrator\AppData\Local\Temp\VMBuilds\Universal_controllerV2.0\Arduino_STM32-master_genericSTM32F103R\Release\core.a(WString.cpp.o)
                0x080119da                String::toUpperCase()
 .text._ZNK6String5toIntEv
                0x080119f2        0xa C:\Users\Administrator\AppData\Local\Temp\VMBuilds\Universal_controllerV2.0\Arduino_STM32-master_genericSTM32F103R\Release\core.a(WString.cpp.o)
                0x080119f2                String::toInt() const
 .text._Z7pinModeh13WiringPinMode
                0x080119fc       0x84 C:\Users\Administrator\AppData\Local\Temp\VMBuilds\Universal_controllerV2.0\Arduino_STM32-master_genericSTM32F103R\Release\core.a(wirish_digital_f1.cpp.o)
                0x080119fc                pinMode(unsigned char, WiringPinMode)
 .text.__empty  0x08011a80        0x2 C:\Users\Administrator\AppData\Local\Temp\VMBuilds\Universal_controllerV2.0\Arduino_STM32-master_genericSTM32F103R\Release\core.a(hooks.c.o)
                0x08011a80                yield
 .text.ltoa     0x08011a82       0x70 C:\Users\Administrator\AppData\Local\Temp\VMBuilds\Universal_controllerV2.0\Arduino_STM32-master_genericSTM32F103R\Release\core.a(itoa.c.o)
                0x08011a82                ltoa
 .text.itoa     0x08011af2        0x4 C:\Users\Administrator\AppData\Local\Temp\VMBuilds\Universal_controllerV2.0\Arduino_STM32-master_genericSTM32F103R\Release\core.a(itoa.c.o)
                0x08011af2                itoa
 .text.ultoa    0x08011af6       0x52 C:\Users\Administrator\AppData\Local\Temp\VMBuilds\Universal_controllerV2.0\Arduino_STM32-master_genericSTM32F103R\Release\core.a(itoa.c.o)
                0x08011af6                ultoa
 .text.utoa     0x08011b48        0x4 C:\Users\Administrator\AppData\Local\Temp\VMBuilds\Universal_controllerV2.0\Arduino_STM32-master_genericSTM32F103R\Release\core.a(itoa.c.o)
                0x08011b48                utoa
 .text.dtostrf  0x08011b4c       0x28 C:\Users\Administrator\AppData\Local\Temp\VMBuilds\Universal_controllerV2.0\Arduino_STM32-master_genericSTM32F103R\Release\core.a(dtostrf.c.o)
                0x08011b4c                dtostrf
 .text.data_register
                0x08011b74       0x28 C:\Users\Administrator\AppData\Local\Temp\VMBuilds\Universal_controllerV2.0\Arduino_STM32-master_genericSTM32F103R\Release\core.a(bkp_f1.c.o)
 .text.bkp_init
                0x08011b9c       0x18 C:\Users\Administrator\AppData\Local\Temp\VMBuilds\Universal_controllerV2.0\Arduino_STM32-master_genericSTM32F103R\Release\core.a(bkp_f1.c.o)
                0x08011b9c                bkp_init
 .text.bkp_enable_writes
                0x08011bb4        0xc C:\Users\Administrator\AppData\Local\Temp\VMBuilds\Universal_controllerV2.0\Arduino_STM32-master_genericSTM32F103R\Release\core.a(bkp_f1.c.o)
                0x08011bb4                bkp_enable_writes
 .text.bkp_disable_writes
                0x08011bc0        0xc C:\Users\Administrator\AppData\Local\Temp\VMBuilds\Universal_controllerV2.0\Arduino_STM32-master_genericSTM32F103R\Release\core.a(bkp_f1.c.o)
                0x08011bc0                bkp_disable_writes
 .text.bkp_write
                0x08011bcc        0xc C:\Users\Administrator\AppData\Local\Temp\VMBuilds\Universal_controllerV2.0\Arduino_STM32-master_genericSTM32F103R\Release\core.a(bkp_f1.c.o)
                0x08011bcc                bkp_write
 .text.gpio_init
                0x08011bd8       0x14 C:\Users\Administrator\AppData\Local\Temp\VMBuilds\Universal_controllerV2.0\Arduino_STM32-master_genericSTM32F103R\Release\core.a(gpio.c.o)
                0x08011bd8                gpio_init
 .text.i2c_start_condition
                0x08011bec       0x14 C:\Users\Administrator\AppData\Local\Temp\VMBuilds\Universal_controllerV2.0\Arduino_STM32-master_genericSTM32F103R\Release\core.a(i2c.c.o)
 .text.i2c_stop_condition
                0x08011c00       0x1c C:\Users\Administrator\AppData\Local\Temp\VMBuilds\Universal_controllerV2.0\Arduino_STM32-master_genericSTM32F103R\Release\core.a(i2c.c.o)
 .text._i2c_irq_handler
                0x08011c1c      0x170 C:\Users\Administrator\AppData\Local\Temp\VMBuilds\Universal_controllerV2.0\Arduino_STM32-master_genericSTM32F103R\Release\core.a(i2c.c.o)
                0x08011c1c                _i2c_irq_handler
 .text._i2c_irq_error_handler
                0x08011d8c       0x28 C:\Users\Administrator\AppData\Local\Temp\VMBuilds\Universal_controllerV2.0\Arduino_STM32-master_genericSTM32F103R\Release\core.a(i2c.c.o)
                0x08011d8c                _i2c_irq_error_handler
 .text.usart_init
                0x08011db4       0x4c C:\Users\Administrator\AppData\Local\Temp\VMBuilds\Universal_controllerV2.0\Arduino_STM32-master_genericSTM32F103R\Release\core.a(usart.c.o)
                0x08011db4                usart_init
 .text.usart_enable
                0x08011e00       0x14 C:\Users\Administrator\AppData\Local\Temp\VMBuilds\Universal_controllerV2.0\Arduino_STM32-master_genericSTM32F103R\Release\core.a(usart.c.o)
                0x08011e00                usart_enable
 .text.usart_tx
                0x08011e14       0x8e C:\Users\Administrator\AppData\Local\Temp\VMBuilds\Universal_controllerV2.0\Arduino_STM32-master_genericSTM32F103R\Release\core.a(usart.c.o)
                0x08011e14                usart_tx
 *fill*         0x08011ea2        0x2 
 .text.__aeabi_atexit
                0x08011ea4        0xc c:/users/administrator/appdata/local/arduino15/packages/arduino/tools/arm-none-eabi-gcc/7-2017q4/bin/../lib/gcc/arm-none-eabi/7.2.1/../../../../arm-none-eabi/lib/thumb/v7-m\libstdc++.a(atexit_arm.o)
                0x08011ea4                __aeabi_atexit
 .text.floorf   0x08011eb0       0x88 c:/users/administrator/appdata/local/arduino15/packages/arduino/tools/arm-none-eabi-gcc/7-2017q4/bin/../lib/gcc/arm-none-eabi/7.2.1/../../../../arm-none-eabi/lib/thumb/v7-m\libm.a(lib_a-sf_floor.o)
                0x08011eb0                floorf
 .text          0x08011f38      0x378 c:/users/administrator/appdata/local/arduino15/packages/arduino/tools/arm-none-eabi-gcc/7-2017q4/bin/../lib/gcc/arm-none-eabi/7.2.1/thumb/v7-m\libgcc.a(_arm_addsubdf3.o)
                0x08011f38                __aeabi_drsub
                0x08011f40                __aeabi_dsub
                0x08011f40                __subdf3
                0x08011f44                __aeabi_dadd
                0x08011f44                __adddf3
                0x080121bc                __floatunsidf
                0x080121bc                __aeabi_ui2d
                0x080121dc                __floatsidf
                0x080121dc                __aeabi_i2d
                0x08012200                __aeabi_f2d
                0x08012200                __extendsfdf2
                0x08012244                __floatundidf
                0x08012244                __aeabi_ul2d
                0x08012254                __floatdidf
                0x08012254                __aeabi_l2d