Archive member included to satisfy reference by file (symbol)

C:\Users\Administrator\AppData\Local\Temp\VMBuilds\Universal_controllerV2.0\Arduino_STM32-master_genericSTM32F103R\Release\core.a(exc.S.o)
                              (__exc_nmi)
C:\Users\Administrator\AppData\Local\Temp\VMBuilds\Universal_controllerV2.0\Arduino_STM32-master_genericSTM32F103R\Release\core.a(isrs.S.o)
                              (__stm32reservedexception7)
C:\Users\Administrator\AppData\Local\Temp\VMBuilds\Universal_controllerV2.0\Arduino_STM32-master_genericSTM32F103R\Release\core.a(vector_table.S.o)
                              (__stm32_vector_table)
C:\Users\Administrator\AppData\Local\Temp\VMBuilds\Universal_controllerV2.0\Arduino_STM32-master_genericSTM32F103R\Release\core.a(adc.c.o)
                              C:\Users\Administrator\AppData\Local\Temp\VMBCore\arduino16x\1d5bbd1283c0998d3b1230e5801fb023\variant\boards.cpp.o (adc_set_sample_rate)
C:\Users\Administrator\AppData\Local\Temp\VMBuilds\Universal_controllerV2.0\Arduino_STM32-master_genericSTM32F103R\Release\core.a(adc_f1.c.o)
                              C:\Users\Administrator\AppData\Local\Temp\VMBuilds\Universal_controllerV2.0\Arduino_STM32-master_genericSTM32F103R\Release\core.a(vector_table.S.o) (__irq_adc)
C:\Users\Administrator\AppData\Local\Temp\VMBuilds\Universal_controllerV2.0\Arduino_STM32-master_genericSTM32F103R\Release\core.a(dma_f1.c.o)
                              C:\Users\Administrator\AppData\Local\Temp\VMBuilds\Universal_controllerV2.0\Arduino_STM32-master_genericSTM32F103R\Release\core.a(vector_table.S.o) (__irq_dma1_channel1)
C:\Users\Administrator\AppData\Local\Temp\VMBuilds\Universal_controllerV2.0\Arduino_STM32-master_genericSTM32F103R\Release\core.a(exti.c.o)
                              C:\Users\Administrator\AppData\Local\Temp\VMBuilds\Universal_controllerV2.0\Arduino_STM32-master_genericSTM32F103R\Release\core.a(vector_table.S.o) (__irq_exti0)
C:\Users\Administrator\AppData\Local\Temp\VMBuilds\Universal_controllerV2.0\Arduino_STM32-master_genericSTM32F103R\Release\core.a(exti_f1.c.o)
                              C:\Users\Administrator\AppData\Local\Temp\VMBuilds\Universal_controllerV2.0\Arduino_STM32-master_genericSTM32F103R\Release\core.a(exti.c.o) (exti_select)
C:\Users\Administrator\AppData\Local\Temp\VMBuilds\Universal_controllerV2.0\Arduino_STM32-master_genericSTM32F103R\Release\core.a(flash.c.o)
                              C:\Users\Administrator\AppData\Local\Temp\VMBCore\arduino16x\1d5bbd1283c0998d3b1230e5801fb023\variant\boards.cpp.o (flash_set_latency)
C:\Users\Administrator\AppData\Local\Temp\VMBuilds\Universal_controllerV2.0\Arduino_STM32-master_genericSTM32F103R\Release\core.a(gpio_f1.c.o)
                              C:\Users\Administrator\AppData\Local\Temp\VMBCore\arduino16x\1d5bbd1283c0998d3b1230e5801fb023\variant\boards_setup.cpp.o (gpio_init_all)
C:\Users\Administrator\AppData\Local\Temp\VMBuilds\Universal_controllerV2.0\Arduino_STM32-master_genericSTM32F103R\Release\core.a(i2c_f1.c.o)
                              C:\Users\Administrator\AppData\Local\Temp\VMBuilds\Universal_controllerV2.0\Arduino_STM32-master_genericSTM32F103R\Release\core.a(vector_table.S.o) (__irq_i2c1_ev)
C:\Users\Administrator\AppData\Local\Temp\VMBuilds\Universal_controllerV2.0\Arduino_STM32-master_genericSTM32F103R\Release\core.a(nvic.c.o)
                              C:\Users\Administrator\AppData\Local\Temp\VMBuilds\Universal_controllerV2.0\Arduino_STM32-master_genericSTM32F103R\Release\core.a(i2c_f1.c.o) (nvic_irq_set_priority)
C:\Users\Administrator\AppData\Local\Temp\VMBuilds\Universal_controllerV2.0\Arduino_STM32-master_genericSTM32F103R\Release\core.a(rcc.c.o)
                              C:\Users\Administrator\AppData\Local\Temp\VMBCore\arduino16x\1d5bbd1283c0998d3b1230e5801fb023\variant\boards.cpp.o (rcc_switch_sysclk)
C:\Users\Administrator\AppData\Local\Temp\VMBuilds\Universal_controllerV2.0\Arduino_STM32-master_genericSTM32F103R\Release\core.a(rcc_f1.c.o)
                              C:\Users\Administrator\AppData\Local\Temp\VMBCore\arduino16x\1d5bbd1283c0998d3b1230e5801fb023\variant\boards.cpp.o (rcc_configure_pll)
C:\Users\Administrator\AppData\Local\Temp\VMBuilds\Universal_controllerV2.0\Arduino_STM32-master_genericSTM32F103R\Release\core.a(systick.c.o)
                              C:\Users\Administrator\AppData\Local\Temp\VMBCore\arduino16x\1d5bbd1283c0998d3b1230e5801fb023\variant\boards.cpp.o (systick_init)
C:\Users\Administrator\AppData\Local\Temp\VMBuilds\Universal_controllerV2.0\Arduino_STM32-master_genericSTM32F103R\Release\core.a(timer.c.o)
                              C:\Users\Administrator\AppData\Local\Temp\VMBCore\arduino16x\1d5bbd1283c0998d3b1230e5801fb023\variant\boards.cpp.o (timer_foreach)
C:\Users\Administrator\AppData\Local\Temp\VMBuilds\Universal_controllerV2.0\Arduino_STM32-master_genericSTM32F103R\Release\core.a(usart_f1.c.o)
[...]
Memory Configuration

Name             Origin             Length             Attributes
ram              0x20000000         0x0000c000         xrw
rom              0x08000000         0x00040000         xr
*default*        0x00000000         0xffffffff

Linker script and memory map

LOAD c:/users/administrator/appdata/local/arduino15/packages/arduino/tools/arm-none-eabi-gcc/7-2017q4/bin/../lib/gcc/arm-none-eabi/7.2.1/thumb/v7-m/crti.o
LOAD c:/users/administrator/appdata/local/arduino15/packages/arduino/tools/arm-none-eabi-gcc/7-2017q4/bin/../lib/gcc/arm-none-eabi/7.2.1/thumb/v7-m/crtbegin.o
LOAD c:/users/administrator/appdata/local/arduino15/packages/arduino/tools/arm-none-eabi-gcc/7-2017q4/bin/../lib/gcc/arm-none-eabi/7.2.1/../../../../arm-none-eabi/lib/thumb/v7-m/crt0.o
LOAD c:/users/administrator/appdata/local/arduino15/packages/arduino/tools/arm-none-eabi-gcc/7-2017q4/bin/../lib/gcc/arm-none-eabi/7.2.1/thumb/v7-m\libgcc.a
START GROUP
LOAD Universal_controllerV2.0.cpp.o
LOAD AT24CXX.cpp.o
LOAD i2c.cpp.o
LOAD user_A011_E011.cpp.o
LOAD user_A021_E021.cpp.o
LOAD user_A025_E025.cpp.o
LOAD user_crc8.cpp.o
LOAD user_HEXtoDEC.cpp.o
LOAD user_initialization.cpp.o
LOAD user_judgement.cpp.o
LOAD user_lorainit.cpp.o
LOAD user_Set_Correlation.cpp.o
LOAD EEPROM\flash_stm32.c.o
LOAD EEPROM\EEPROM.cpp.o
LOAD C:\Users\Administrator\AppData\Local\Temp\VMBCore\arduino16x\1d5bbd1283c0998d3b1230e5801fb023\variant\board.cpp.o
LOAD C:\Users\Administrator\AppData\Local\Temp\VMBCore\arduino16x\1d5bbd1283c0998d3b1230e5801fb023\variant\boards.cpp.o
LOAD C:\Users\Administrator\AppData\Local\Temp\VMBCore\arduino16x\1d5bbd1283c0998d3b1230e5801fb023\variant\boards_setup.cpp.o
LOAD C:\Users\Administrator\AppData\Local\Temp\VMBCore\arduino16x\1d5bbd1283c0998d3b1230e5801fb023\variant\start.S.o
LOAD C:\Users\Administrator\AppData\Local\Temp\VMBCore\arduino16x\1d5bbd1283c0998d3b1230e5801fb023\variant\start_c.c.o
LOAD C:\Users\Administrator\AppData\Local\Temp\VMBCore\arduino16x\1d5bbd1283c0998d3b1230e5801fb023\variant\syscalls.c.o
LOAD C:\Users\Administrator\AppData\Local\Temp\VMBuilds\Universal_controllerV2.0\Arduino_STM32-master_genericSTM32F103R\Release\core.a
END GROUP
LOAD c:/users/administrator/appdata/local/arduino15/packages/arduino/tools/arm-none-eabi-gcc/7-2017q4/bin/../lib/gcc/arm-none-eabi/7.2.1/../../../../arm-none-eabi/lib/thumb/v7-m\libstdc++.a
LOAD c:/users/administrator/appdata/local/arduino15/packages/arduino/tools/arm-none-eabi-gcc/7-2017q4/bin/../lib/gcc/arm-none-eabi/7.2.1/../../../../arm-none-eabi/lib/thumb/v7-m\libm.a
START GROUP
LOAD c:/users/administrator/appdata/local/arduino15/packages/arduino/tools/arm-none-eabi-gcc/7-2017q4/bin/../lib/gcc/arm-none-eabi/7.2.1/thumb/v7-m\libgcc.a
LOAD c:/users/administrator/appdata/local/arduino15/packages/arduino/tools/arm-none-eabi-gcc/7-2017q4/bin/../lib/gcc/arm-none-eabi/7.2.1/../../../../arm-none-eabi/lib/thumb/v7-m\libc.a
END GROUP
LOAD c:/users/administrator/appdata/local/arduino15/packages/arduino/tools/arm-none-eabi-gcc/7-2017q4/bin/../lib/gcc/arm-none-eabi/7.2.1/thumb/v7-m/crtend.o
LOAD c:/users/administrator/appdata/local/arduino15/packages/arduino/tools/arm-none-eabi-gcc/7-2017q4/bin/../lib/gcc/arm-none-eabi/7.2.1/thumb/v7-m/crtn.o
START GROUP
LOAD c:/users/administrator/appdata/local/arduino15/packages/arduino/tools/arm-none-eabi-gcc/7-2017q4/bin/../lib/gcc/arm-none-eabi/7.2.1/thumb/v7-m\libgcc.a
LOAD c:/users/administrator/appdata/local/arduino15/packages/arduino/tools/arm-none-eabi-gcc/7-2017q4/bin/../lib/gcc/arm-none-eabi/7.2.1/../../../../arm-none-eabi/lib/thumb/v7-m\libc.a
LOAD c:/users/administrator/appdata/local/arduino15/packages/arduino/tools/arm-none-eabi-gcc/7-2017q4/bin/../lib/gcc/arm-none-eabi/7.2.1/../../../../arm-none-eabi/lib/thumb/v7-m\libm.a
END GROUP
START GROUP
LOAD c:/users/administrator/appdata/local/arduino15/packages/arduino/tools/arm-none-eabi-gcc/7-2017q4/bin/../lib/gcc/arm-none-eabi/7.2.1/../../../../arm-none-eabi/lib/thumb/v7-m\libnosys.a
END GROUP
                0x2000c000                PROVIDE (__msp_init, (ORIGIN (ram) + LENGTH (ram)))
                0x0800c8a8                PROVIDE (__exc_reset, __start__)

.text           0x08000000    0x15884
                0x08000000                __text_start__ = .
 *(.stm32.interrupt_vector)
 .stm32.interrupt_vector
                0x08000000      0x130 C:\Users\Administrator\AppData\Local\Temp\VMBuilds\Universal_controllerV2.0\Arduino_STM32-master_genericSTM32F103R\Release\core.a(vector_table.S.o)
                0x08000000                __stm32_vector_table
 *(.text .text.* .gnu.linkonce.t.*)
 .text          0x08000130       0x40 c:/users/administrator/appdata/local/arduino15/packages/arduino/tools/arm-none-eabi-gcc/7-2017q4/bin/../lib/gcc/arm-none-eabi/7.2.1/thumb/v7-m/crtbegin.o
 .text.__tcf_11
                0x08000170       0x34 Universal_controllerV2.0.cpp.o
 .text.__tcf_10
                0x080001a4       0x34 Universal_controllerV2.0.cpp.o
 .text.__tcf_9  0x080001d8       0x34 Universal_controllerV2.0.cpp.o
 .text.__tcf_8  0x0800020c       0x34 Universal_controllerV2.0.cpp.o
 .text.__tcf_7  0x08000240       0x34 Universal_controllerV2.0.cpp.o
 .text.__tcf_6  0x08000274       0x34 Universal_controllerV2.0.cpp.o
 .text.__tcf_5  0x080002a8       0x34 Universal_controllerV2.0.cpp.o
 .text.__tcf_4  0x080002dc       0x34 Universal_controllerV2.0.cpp.o
 .text.__tcf_3  0x08000310       0x34 Universal_controllerV2.0.cpp.o
 .text.__tcf_2  0x08000344       0x34 Universal_controllerV2.0.cpp.o
 .text.__tcf_1  0x08000378       0x34 Universal_controllerV2.0.cpp.o
 .text.__tcf_0  0x080003ac       0x34 Universal_controllerV2.0.cpp.o
 .text._Z18Forced_Start_Relayv
                0x080003e0       0x3e Universal_controllerV2.0.cpp.o
                0x080003e0                Forced_Start_Relay()
 *fill*         0x0800041e        0x2 
 .text._Z16Timely_reportingv
                0x08000420       0x3c Universal_controllerV2.0.cpp.o
                0x08000420                Timely_reporting()
 .text._Z9Heartbeatv
                0x0800045c       0x3c Universal_controllerV2.0.cpp.o
                0x0800045c                Heartbeat()
 .text._Z24Initialization_exceptionv
                0x08000498       0x28 Universal_controllerV2.0.cpp.o
                0x08000498                Initialization_exception()
 .text._Z21Button_Waiting_reportv
                0x080004c0       0x84 Universal_controllerV2.0.cpp.o
                0x080004c0                Button_Waiting_report()
 .text._Z5setupv
                0x08000544       0x84 Universal_controllerV2.0.cpp.o
                0x08000544                setup()
 .text._Z24Restore_factory_settingsv
                0x080005c8       0x58 Universal_controllerV2.0.cpp.o
                0x080005c8                Restore_factory_settings()
 .text._Z4loopv
                0x08000620       0x22 Universal_controllerV2.0.cpp.o
                0x08000620                loop()
 *fill*         0x08000642        0x2 
 .text.startup._GLOBAL__sub_I__Z5setupv
                0x08000644      0x208 Universal_controllerV2.0.cpp.o
 .text._Z19AT24CXX_ReadOneBytej
                0x0800084c       0x46 AT24CXX.cpp.o
                0x0800084c                AT24CXX_ReadOneByte(unsigned int)
 .text._Z20AT24CXX_WriteOneBytejh
                0x08000892       0x4e AT24CXX.cpp.o
                0x08000892                AT24CXX_WriteOneByte(unsigned int, unsigned char)
 .text._Z7i2cInitv
                0x080008e0       0x26 i2c.cpp.o
                0x080008e0                i2cInit()
 .text._Z7SDA_Outv
                0x08000906        0x8 i2c.cpp.o
                0x08000906                SDA_Out()
 .text._Z6SDA_Inv
                0x0800090e        0x8 i2c.cpp.o
                0x0800090e                SDA_In()
 .text._Z5Startv
                0x08000916       0x36 i2c.cpp.o
                0x08000916                Start()
 .text._Z4Stopv
                0x0800094c       0x36 i2c.cpp.o
                0x0800094c                Stop()
 .text._Z3Ackv  0x08000982       0x36 i2c.cpp.o
                0x08000982                Ack()
 .text._Z4NAckv
                0x080009b8       0x36 i2c.cpp.o
                0x080009b8                NAck()
 .text._Z8Wait_Ackv
                0x080009ee       0x4a i2c.cpp.o
                0x080009ee                Wait_Ack()
 .text._Z9Send_Byteh
                0x08000a38       0x4a i2c.cpp.o
                0x08000a38                Send_Byte(unsigned char)
 .text._Z9Read_Byteh
                0x08000a82       0x50 i2c.cpp.o
                0x08000a82                Read_Byte(unsigned char)
 *fill*         0x08000ad2        0x2 
 .text.__tcf_11
                0x08000ad4       0x34 user_A011_E011.cpp.o
 .text.__tcf_10
                0x08000b08       0x34 user_A011_E011.cpp.o
 .text.__tcf_9  0x08000b3c       0x34 user_A011_E011.cpp.o
 .text.__tcf_8  0x08000b70       0x34 user_A011_E011.cpp.o
 .text.__tcf_7  0x08000ba4       0x34 user_A011_E011.cpp.o
 .text.__tcf_6  0x08000bd8       0x34 user_A011_E011.cpp.o
 .text.__tcf_5  0x08000c0c       0x34 user_A011_E011.cpp.o
 .text.__tcf_4  0x08000c40       0x34 user_A011_E011.cpp.o
 .text.__tcf_3  0x08000c74       0x34 user_A011_E011.cpp.o
 .text.__tcf_2  0x08000ca8       0x34 user_A011_E011.cpp.o
 .text.__tcf_1  0x08000cdc       0x34 user_A011_E011.cpp.o
 .text.__tcf_0  0x08000d10       0x34 user_A011_E011.cpp.o
 .text._Z9E011_initv
                0x08000d44      0x108 user_A011_E011.cpp.o
                0x08000d44                E011_init()
 .text.startup._GLOBAL__sub_I__Z12Receive_A011Phi
                0x08000e4c      0x208 user_A011_E011.cpp.o
 .text._Z9Send_E011i
                0x08001054      0x1f0 user_A011_E011.cpp.o
                0x08001054                Send_E011(int)
 .text._Z12Receive_A011Phi
                0x08001244      0x118 user_A011_E011.cpp.o
                0x08001244                Receive_A011(unsigned char*, int)
 .text.__tcf_11
                0x0800135c       0x34 user_A021_E021.cpp.o
 .text.__tcf_10
                0x08001390       0x34 user_A021_E021.cpp.o
 .text.__tcf_9  0x080013c4       0x34 user_A021_E021.cpp.o
 .text.__tcf_8  0x080013f8       0x34 user_A021_E021.cpp.o
 .text.__tcf_7  0x0800142c       0x34 user_A021_E021.cpp.o
 .text.__tcf_6  0x08001460       0x34 user_A021_E021.cpp.o
 .text.__tcf_5  0x08001494       0x34 user_A021_E021.cpp.o
 .text.__tcf_4  0x080014c8       0x34 user_A021_E021.cpp.o
 .text.__tcf_3  0x080014fc       0x34 user_A021_E021.cpp.o
 .text.__tcf_2  0x08001530       0x34 user_A021_E021.cpp.o
 .text.__tcf_1  0x08001564       0x34 user_A021_E021.cpp.o
 .text.__tcf_0  0x08001598       0x34 user_A021_E021.cpp.o
 .text._Z21E021_GetDigitalStatusv
                0x080015cc      0x1f8 user_A021_E021.cpp.o
                0x080015cc                E021_GetDigitalStatus()
 .text._Z20E021_GetAnalogStatusv
                0x080017c4      0x448 user_A021_E021.cpp.o
                0x080017c4                E021_GetAnalogStatus()
 .text._Z9E021_initv
                0x08001c0c       0x68 user_A021_E021.cpp.o
                0x08001c0c                E021_init()
 .text._Z20Get_Delivery_oldtimev
                0x08001c74        0xc user_A021_E021.cpp.o
                0x08001c74                Get_Delivery_oldtime()
 .text.startup._GLOBAL__sub_I__Z12Receive_A021Phi
                0x08001c80      0x208 user_A021_E021.cpp.o
 .text._Z9Send_E021i
                0x08001e88      0x20c user_A021_E021.cpp.o
                0x08001e88                Send_E021(int)
 .text._Z12Receive_A021Phi
                0x08002094      0x124 user_A021_E021.cpp.o
                0x08002094                Receive_A021(unsigned char*, int)
 .text.__tcf_11
                0x080021b8       0x34 user_A025_E025.cpp.o
 .text.__tcf_10
                0x080021ec       0x34 user_A025_E025.cpp.o
 .text.__tcf_9  0x08002220       0x34 user_A025_E025.cpp.o
 .text.__tcf_8  0x08002254       0x34 user_A025_E025.cpp.o
 .text.__tcf_7  0x08002288       0x34 user_A025_E025.cpp.o
 .text.__tcf_6  0x080022bc       0x34 user_A025_E025.cpp.o
 .text.__tcf_5  0x080022f0       0x34 user_A025_E025.cpp.o
 .text.__tcf_4  0x08002324       0x34 user_A025_E025.cpp.o
 .text.__tcf_3  0x08002358       0x34 user_A025_E025.cpp.o
 .text.__tcf_2  0x0800238c       0x34 user_A025_E025.cpp.o
 .text.__tcf_1  0x080023c0       0x34 user_A025_E025.cpp.o
 .text.__tcf_0  0x080023f4       0x34 user_A025_E025.cpp.o
 .text.startup._GLOBAL__sub_I__Z12Receive_A025Phi
                0x08002428      0x208 user_A025_E025.cpp.o
 .text._Z9Send_E025i
                0x08002630      0x400 user_A025_E025.cpp.o
                0x08002630                Send_E025(int)
 .text._Z12Receive_A025Phi
                0x08002a30      0x1c8 user_A025_E025.cpp.o
                0x08002a30                Receive_A025(unsigned char*, int)
 .text._Z7GetCrc8Phi
                0x08002bf8       0x2c user_crc8.cpp.o
                0x08002bf8                GetCrc8(unsigned char*, int)
 .text._Z8chrtodecc
                0x08002c24       0x2c user_HEXtoDEC.cpp.o
                0x08002c24                chrtodec(char)
 .text._Z10cal16matchh
                0x08002c50       0x14 user_HEXtoDEC.cpp.o
                0x08002c50                cal16match(unsigned char)
 .text._Z14charhex_to_decPc
                0x08002c64       0x5e user_HEXtoDEC.cpp.o
                0x08002c64                charhex_to_dec(char*)
 *fill*         0x08002cc2        0x2 
 .text._Z14Initializationv
                0x08002cc4      0x418 user_initialization.cpp.o
                0x08002cc4                Initialization()
 .text._Z14Send_Data_Lampv
                0x080030dc       0x1c user_initialization.cpp.o
                0x080030dc                Send_Data_Lamp()
 .text._Z17Receive_data_lampv
                0x080030f8       0x1c user_initialization.cpp.o
                0x080030f8                Receive_data_lamp()
 .text.__tcf_11
                0x08003114       0x34 user_judgement.cpp.o
 .text.__tcf_10
                0x08003148       0x34 user_judgement.cpp.o
 .text.__tcf_9  0x0800317c       0x34 user_judgement.cpp.o
 .text.__tcf_8  0x080031b0       0x34 user_judgement.cpp.o
 .text.__tcf_7  0x080031e4       0x34 user_judgement.cpp.o
 .text.__tcf_6  0x08003218       0x34 user_judgement.cpp.o
 .text.__tcf_5  0x0800324c       0x34 user_judgement.cpp.o
 .text.__tcf_4  0x08003280       0x34 user_judgement.cpp.o
 .text.__tcf_3  0x080032b4       0x34 user_judgement.cpp.o
 .text.__tcf_2  0x080032e8       0x34 user_judgement.cpp.o
 .text.__tcf_1  0x0800331c       0x34 user_judgement.cpp.o
 .text.__tcf_0  0x08003350       0x34 user_judgement.cpp.o
 .text.startup._GLOBAL__sub_I__Z18Judgement_functionPhii
                0x08003384      0x208 user_judgement.cpp.o
 .text._Z18Judgement_functionPhii
                0x0800358c      0x1e8 user_judgement.cpp.o
                0x0800358c                Judgement_function(unsigned char*, int, int)
 .text.__tcf_11
                0x08003774       0x34 user_lorainit.cpp.o
 .text.__tcf_10
                0x080037a8       0x34 user_lorainit.cpp.o
 .text.__tcf_9  0x080037dc       0x34 user_lorainit.cpp.o
 .text.__tcf_8  0x08003810       0x34 user_lorainit.cpp.o
 .text.__tcf_7  0x08003844       0x34 user_lorainit.cpp.o
 .text.__tcf_6  0x08003878       0x34 user_lorainit.cpp.o
 .text.__tcf_5  0x080038ac       0x34 user_lorainit.cpp.o
 .text.__tcf_4  0x080038e0       0x34 user_lorainit.cpp.o
 .text.__tcf_3  0x08003914       0x34 user_lorainit.cpp.o
 .text.__tcf_2  0x08003948       0x34 user_lorainit.cpp.o
 .text.__tcf_1  0x0800397c       0x34 user_lorainit.cpp.o
 .text.__tcf_0  0x080039b0       0x34 user_lorainit.cpp.o
 .text._Z10addr_writev
                0x080039e4      0x180 user_lorainit.cpp.o
                0x080039e4                addr_write()
 .text.startup._GLOBAL__sub_I__Z19LORA_Initializationv
                0x08003b64      0x208 user_lorainit.cpp.o
 .text._Z24LORA_Receive_informationv
                0x08003d6c      0x138 user_lorainit.cpp.o
                0x08003d6c                LORA_Receive_information()
 .text._Z19LORA_Initializationv
                0x08003ea4     0x14ac user_lorainit.cpp.o
                0x08003ea4                LORA_Initialization()
 .text.__tcf_11
                0x08005350       0x34 user_Set_Correlation.cpp.o
 .text.__tcf_10
                0x08005384       0x34 user_Set_Correlation.cpp.o
 .text.__tcf_9  0x080053b8       0x34 user_Set_Correlation.cpp.o
 .text.__tcf_8  0x080053ec       0x34 user_Set_Correlation.cpp.o
 .text.__tcf_7  0x08005420       0x34 user_Set_Correlation.cpp.o
 .text.__tcf_6  0x08005454       0x34 user_Set_Correlation.cpp.o
 .text.__tcf_5  0x08005488       0x34 user_Set_Correlation.cpp.o
 .text.__tcf_4  0x080054bc       0x34 user_Set_Correlation.cpp.o
 .text.__tcf_3  0x080054f0       0x34 user_Set_Correlation.cpp.o
 .text.__tcf_2  0x08005524       0x34 user_Set_Correlation.cpp.o
 .text.__tcf_1  0x08005558       0x34 user_Set_Correlation.cpp.o
 .text.__tcf_0  0x0800558c       0x34 user_Set_Correlation.cpp.o
 .text._Z12Receive_A014Phi
                0x080055c0        0x2 user_Set_Correlation.cpp.o
                0x080055c0                Receive_A014(unsigned char*, int)
 *fill*         0x080055c2        0x2 
 .text._Z9E020_initv
                0x080055c4       0xcc user_Set_Correlation.cpp.o
                0x080055c4                E020_init()
 .text._Z9E023_initv
                0x08005690       0xfc user_Set_Correlation.cpp.o
                0x08005690                E023_init()
 .text._Z11SN_ZoneISOKPhi
                0x0800578c      0x308 user_Set_Correlation.cpp.o
                0x0800578c                SN_ZoneISOK(unsigned char*, int)
 .text._Z27Verification_Reserved_fieldPhi
                0x08005a94      0x104 user_Set_Correlation.cpp.o
                0x08005a94                Verification_Reserved_field(unsigned char*, int)
 .text._Z9forswitchv
                0x08005b98      0x288 user_Set_Correlation.cpp.o
                0x08005b98                forswitch()
 .text._Z14condition_test6String
                0x08005e20      0xa2c user_Set_Correlation.cpp.o
                0x08005e20                condition_test(String)
 *fill*         0x0800684c        0x4 
 .text._Z16Implement_Handleii
                0x08006850     0x13f4 user_Set_Correlation.cpp.o
                0x08006850                Implement_Handle(int, int)
 .text._Z14implement_test6String
                0x08007c44      0xa4c user_Set_Correlation.cpp.o
                0x08007c44                implement_test(String)
 .text._Z16array_empty_testv
                0x08008690      0x1c4 user_Set_Correlation.cpp.o
                0x08008690                array_empty_test()
 *fill*         0x08008854        0x4 
 .text._Z24Voltage_Value_Processing6String
                0x08008858      0x168 user_Set_Correlation.cpp.o
                0x08008858                Voltage_Value_Processing(String)
 .text._Z18Condition_Judgmentii
                0x080089c0      0x5e8 user_Set_Correlation.cpp.o
                0x080089c0                Condition_Judgment(int, int)
 .text._Z21Get_HeartBeat_oldtimev
                0x08008fa8        0xc user_Set_Correlation.cpp.o
                0x08008fa8                Get_HeartBeat_oldtime()
 .text.startup._GLOBAL__sub_I__Z12Receive_A012Phi
                0x08008fb4      0x208 user_Set_Correlation.cpp.o
 .text._Z16array_print_testv
                0x080091bc      0x2c0 user_Set_Correlation.cpp.o
                0x080091bc                array_print_test()
 .text._Z15data_processing6String
                0x0800947c      0x2bc user_Set_Correlation.cpp.o
                0x0800947c                data_processing(String)
 .text._Z18Automated_strategyv
                0x08009738      0x150 user_Set_Correlation.cpp.o
                0x08009738                Automated_strategy()
 .text._Z9Send_E020ii
                0x08009888      0x1ec user_Set_Correlation.cpp.o
                0x08009888                Send_E020(int, int)
 .text._Z12Receive_A013Phi
                0x08009a74      0x1c0 user_Set_Correlation.cpp.o
                0x08009a74                Receive_A013(unsigned char*, int)
 .text._Z12Receive_A020Phi
                0x08009c34      0x3b0 user_Set_Correlation.cpp.o
                0x08009c34                Receive_A020(unsigned char*, int)
 .text._Z12Receive_A023Phi
                0x08009fe4      0x6f8 user_Set_Correlation.cpp.o
                0x08009fe4                Receive_A023(unsigned char*, int)
 .text._Z12Receive_A024Phi
                0x0800a6dc      0x298 user_Set_Correlation.cpp.o
                0x0800a6dc                Receive_A024(unsigned char*, int)
 .text._Z9Send_E022i
                0x0800a974       0x24 user_Set_Correlation.cpp.o
                0x0800a974                Send_E022(int)
 .text._Z12Receive_A022Phi
                0x0800a998     0x17b8 user_Set_Correlation.cpp.o
                0x0800a998                Receive_A022(unsigned char*, int)
 .text._Z9Send_E023i
                0x0800c150      0x1d4 user_Set_Correlation.cpp.o
                0x0800c150                Send_E023(int)
 .text._Z12Receive_A012Phi
                0x0800c324      0x2e4 user_Set_Correlation.cpp.o
                0x0800c324                Receive_A012(unsigned char*, int)
 .text.startup._GLOBAL__sub_I__ZN11EEPROMClass12EE_CheckPageEmt
                0x0800c608       0x20 EEPROM\EEPROM.cpp.o
 .text.startup._GLOBAL__sub_I_PIN_MAP
                0x0800c628       0x74 C:\Users\Administrator\AppData\Local\Temp\VMBCore\arduino16x\1d5bbd1283c0998d3b1230e5801fb023\variant\board.cpp.o
 .text._ZL18adc_default_configP7adc_dev
                0x0800c69c       0x1c C:\Users\Administrator\AppData\Local\Temp\VMBCore\arduino16x\1d5bbd1283c0998d3b1230e5801fb023\variant\boards.cpp.o
 .text._ZL20timer_default_configP9timer_dev
                0x0800c6b8       0xa8 C:\Users\Administrator\AppData\Local\Temp\VMBCore\arduino16x\1d5bbd1283c0998d3b1230e5801fb023\variant\boards.cpp.o
 .text._Z9boardInitv
                0x0800c760        0x2 C:\Users\Administrator\AppData\Local\Temp\VMBCore\arduino16x\1d5bbd1283c0998d3b1230e5801fb023\variant\boards.cpp.o
                0x0800c760                boardInit()
 *fill*         0x0800c762        0x2 
 .text._Z4initv
                0x0800c764       0xbc C:\Users\Administrator\AppData\Local\Temp\VMBCore\arduino16x\1d5bbd1283c0998d3b1230e5801fb023\variant\boards.cpp.o
                0x0800c764                init()
 .text._ZN6wirish4priv15board_reset_pllEv
                0x0800c820        0x2 C:\Users\Administrator\AppData\Local\Temp\VMBCore\arduino16x\1d5bbd1283c0998d3b1230e5801fb023\variant\boards_setup.cpp.o
                0x0800c820                wirish::priv::board_reset_pll()
 .text._ZN6wirish4priv28board_setup_clock_prescalersEv
                0x0800c822       0x2e C:\Users\Administrator\AppData\Local\Temp\VMBCore\arduino16x\1d5bbd1283c0998d3b1230e5801fb023\variant\boards_setup.cpp.o
                0x0800c822                wirish::priv::board_setup_clock_prescalers()
 .text._ZN6wirish4priv16board_setup_gpioEv
                0x0800c850        0x4 C:\Users\Administrator\AppData\Local\Temp\VMBCore\arduino16x\1d5bbd1283c0998d3b1230e5801fb023\variant\boards_setup.cpp.o
                0x0800c850                wirish::priv::board_setup_gpio()
 .text._ZN6wirish4priv15board_setup_usbEv
                0x0800c854       0x50 C:\Users\Administrator\AppData\Local\Temp\VMBCore\arduino16x\1d5bbd1283c0998d3b1230e5801fb023\variant\boards_setup.cpp.o
                0x0800c854                wirish::priv::board_setup_usb()
 .text._ZN6wirish4priv11series_initEv
                0x0800c8a4        0x4 C:\Users\Administrator\AppData\Local\Temp\VMBCore\arduino16x\1d5bbd1283c0998d3b1230e5801fb023\variant\boards_setup.cpp.o
                0x0800c8a4                wirish::priv::series_init()
 .text          0x0800c8a8       0x10 C:\Users\Administrator\AppData\Local\Temp\VMBCore\arduino16x\1d5bbd1283c0998d3b1230e5801fb023\variant\start.S.o
                0x0800c8a8                __start__
 .text.start_c  0x0800c8b8       0x60 C:\Users\Administrator\AppData\Local\Temp\VMBCore\arduino16x\1d5bbd1283c0998d3b1230e5801fb023\variant\start_c.c.o
                0x0800c8b8                start_c
 .text._sbrk    0x0800c918       0x44 C:\Users\Administrator\AppData\Local\Temp\VMBCore\arduino16x\1d5bbd1283c0998d3b1230e5801fb023\variant\syscalls.c.o
                0x0800c918                _sbrk
 .text._exit    0x0800c95c        0x2 C:\Users\Administrator\AppData\Local\Temp\VMBCore\arduino16x\1d5bbd1283c0998d3b1230e5801fb023\variant\syscalls.c.o
                0x0800c95c                _exit
 *fill*         0x0800c95e        0x2 
 .text          0x0800c960       0x54 C:\Users\Administrator\AppData\Local\Temp\VMBuilds\Universal_controllerV2.0\Arduino_STM32-master_genericSTM32F103R\Release\core.a(exc.S.o)
                0x0800c960                __exc_nmi
                0x0800c964                __exc_hardfault
                0x0800c968                __exc_memmanage
                0x0800c96c                __exc_busfault
                0x0800c970                __exc_usagefault
 .text          0x0800c9b4        0x2 C:\Users\Administrator\AppData\Local\Temp\VMBuilds\Universal_controllerV2.0\Arduino_STM32-master_genericSTM32F103R\Release\core.a(isrs.S.o)
                0x0800c9b4                __stm32reservedexception9
                0x0800c9b4                __irq_sdio
                0x0800c9b4                __irq_fsmc
                0x0800c9b4                __exc_debug_monitor
                0x0800c9b4                __exc_svc
                0x0800c9b4                __irq_can_rx1
                0x0800c9b4                __irq_spi2
                0x0800c9b4                __irq_can_sce
                0x0800c9b4                __irq_pvd
                0x0800c9b4                __irq_tamper
                0x0800c9b4                __default_handler
                0x0800c9b4                __irq_wwdg
                0x0800c9b4                __stm32reservedexception10
                0x0800c9b4                __irq_flash
                0x0800c9b4                __stm32reservedexception13
                0x0800c9b4                __irq_rtc
                0x0800c9b4                __irq_spi1
                0x0800c9b4                __stm32reservedexception7
                0x0800c9b4                __irq_usb_hp_can_tx
                0x0800c9b4                __irq_rtcalarm
                0x0800c9b4                __irq_spi3
                0x0800c9b4                __stm32reservedexception8
                0x0800c9b4                __exc_pendsv
                0x0800c9b4                __irq_usbwakeup
                0x0800c9b4                __irq_rcc
 .text.adc_init
                0x0800c9b6       0x14 C:\Users\Administrator\AppData\Local\Temp\VMBuilds\Universal_controllerV2.0\Arduino_STM32-master_genericSTM32F103R\Release\core.a(adc.c.o)
                0x0800c9b6                adc_init
 .text.adc_set_extsel
                0x0800c9ca       0x12 C:\Users\Administrator\AppData\Local\Temp\VMBuilds\Universal_controllerV2.0\Arduino_STM32-master_genericSTM32F103R\Release\core.a(adc.c.o)
                0x0800c9ca                adc_set_extsel
 .text.adc_set_sample_rate
                0x0800c9dc       0x2a C:\Users\Administrator\AppData\Local\Temp\VMBuilds\Universal_controllerV2.0\Arduino_STM32-master_genericSTM32F103R\Release\core.a(adc.c.o)
                0x0800c9dc                adc_set_sample_rate
 .text.adc_read
                0x0800ca06       0x20 C:\Users\Administrator\AppData\Local\Temp\VMBuilds\Universal_controllerV2.0\Arduino_STM32-master_genericSTM32F103R\Release\core.a(adc.c.o)
                0x0800ca06                adc_read
 *fill*         0x0800ca26        0x2 
 .text.__irq_adc
                0x0800ca28       0x54 C:\Users\Administrator\AppData\Local\Temp\VMBuilds\Universal_controllerV2.0\Arduino_STM32-master_genericSTM32F103R\Release\core.a(adc_f1.c.o)
                0x0800ca28                __irq_adc
 .text.__irq_adc3
                0x0800ca7c       0x54 C:\Users\Administrator\AppData\Local\Temp\VMBuilds\Universal_controllerV2.0\Arduino_STM32-master_genericSTM32F103R\Release\core.a(adc_f1.c.o)
                0x0800ca7c                __irq_adc3
 .text.adc_calibrate
                0x0800cad0       0x24 C:\Users\Administrator\AppData\Local\Temp\VMBuilds\Universal_controllerV2.0\Arduino_STM32-master_genericSTM32F103R\Release\core.a(adc_f1.c.o)
                0x0800cad0                adc_calibrate
 .text.adc_set_prescaler
                0x0800caf4        0x8 C:\Users\Administrator\AppData\Local\Temp\VMBuilds\Universal_controllerV2.0\Arduino_STM32-master_genericSTM32F103R\Release\core.a(adc_f1.c.o)
                0x0800caf4                adc_set_prescaler
 .text.adc_foreach
                0x0800cafc       0x28 C:\Users\Administrator\AppData\Local\Temp\VMBuilds\Universal_controllerV2.0\Arduino_STM32-master_genericSTM32F103R\Release\core.a(adc_f1.c.o)
                0x0800cafc                adc_foreach
 .text.adc_enable_single_swstart
                0x0800cb24       0x36 C:\Users\Administrator\AppData\Local\Temp\VMBuilds\Universal_controllerV2.0\Arduino_STM32-master_genericSTM32F103R\Release\core.a(adc_f1.c.o)
                0x0800cb24                adc_enable_single_swstart
 *fill*         0x0800cb5a        0x2 
 .text.__irq_dma1_channel1
                0x0800cb5c       0x18 C:\Users\Administrator\AppData\Local\Temp\VMBuilds\Universal_controllerV2.0\Arduino_STM32-master_genericSTM32F103R\Release\core.a(dma_f1.c.o)
                0x0800cb5c                __irq_dma1_channel1
 .text.__irq_dma1_channel2
                0x0800cb74       0x18 C:\Users\Administrator\AppData\Local\Temp\VMBuilds\Universal_controllerV2.0\Arduino_STM32-master_genericSTM32F103R\Release\core.a(dma_f1.c.o)
                0x0800cb74                __irq_dma1_channel2
 .text.__irq_dma1_channel3
                0x0800cb8c       0x1c C:\Users\Administrator\AppData\Local\Temp\VMBuilds\Universal_controllerV2.0\Arduino_STM32-master_genericSTM32F103R\Release\core.a(dma_f1.c.o)
                0x0800cb8c                __irq_dma1_channel3
 .text.__irq_dma1_channel4
                0x0800cba8       0x1c C:\Users\Administrator\AppData\Local\Temp\VMBuilds\Universal_controllerV2.0\Arduino_STM32-master_genericSTM32F103R\Release\core.a(dma_f1.c.o)
                0x0800cba8                __irq_dma1_channel4
 .text.__irq_dma1_channel5
                0x0800cbc4       0x1c C:\Users\Administrator\AppData\Local\Temp\VMBuilds\Universal_controllerV2.0\Arduino_STM32-master_genericSTM32F103R\Release\core.a(dma_f1.c.o)
                0x0800cbc4                __irq_dma1_channel5
 .text.__irq_dma1_channel6
                0x0800cbe0       0x1c C:\Users\Administrator\AppData\Local\Temp\VMBuilds\Universal_controllerV2.0\Arduino_STM32-master_genericSTM32F103R\Release\core.a(dma_f1.c.o)
                0x0800cbe0                __irq_dma1_channel6
 .text.__irq_dma1_channel7
                0x0800cbfc       0x1c C:\Users\Administrator\AppData\Local\Temp\VMBuilds\Universal_controllerV2.0\Arduino_STM32-master_genericSTM32F103R\Release\core.a(dma_f1.c.o)
                0x0800cbfc                __irq_dma1_channel7
 .text.__irq_dma2_channel1
                0x0800cc18       0x18 C:\Users\Administrator\AppData\Local\Temp\VMBuilds\Universal_controllerV2.0\Arduino_STM32-master_genericSTM32F103R\Release\core.a(dma_f1.c.o)
                0x0800cc18                __irq_dma2_channel1
 .text.__irq_dma2_channel2
                0x0800cc30       0x18 C:\Users\Administrator\AppData\Local\Temp\VMBuilds\Universal_controllerV2.0\Arduino_STM32-master_genericSTM32F103R\Release\core.a(dma_f1.c.o)
                0x0800cc30                __irq_dma2_channel2
 .text.__irq_dma2_channel3
                0x0800cc48       0x1c C:\Users\Administrator\AppData\Local\Temp\VMBuilds\Universal_controllerV2.0\Arduino_STM32-master_genericSTM32F103R\Release\core.a(dma_f1.c.o)
                0x0800cc48                __irq_dma2_channel3
 .text.__irq_dma2_channel4_5
                0x0800cc64       0x4c C:\Users\Administrator\AppData\Local\Temp\VMBuilds\Universal_controllerV2.0\Arduino_STM32-master_genericSTM32F103R\Release\core.a(dma_f1.c.o)
                0x0800cc64                __irq_dma2_channel4_5
 .text.__irq_exti0
                0x0800ccb0       0x20 C:\Users\Administrator\AppData\Local\Temp\VMBuilds\Universal_controllerV2.0\Arduino_STM32-master_genericSTM32F103R\Release\core.a(exti.c.o)
                0x0800ccb0                __irq_exti0
 .text.__irq_exti1
                0x0800ccd0       0x20 C:\Users\Administrator\AppData\Local\Temp\VMBuilds\Universal_controllerV2.0\Arduino_STM32-master_genericSTM32F103R\Release\core.a(exti.c.o)
                0x0800ccd0                __irq_exti1
 .text.__irq_exti2
                0x0800ccf0       0x20 C:\Users\Administrator\AppData\Local\Temp\VMBuilds\Universal_controllerV2.0\Arduino_STM32-master_genericSTM32F103R\Release\core.a(exti.c.o)
                0x0800ccf0                __irq_exti2
 .text.__irq_exti3
                0x0800cd10       0x20 C:\Users\Administrator\AppData\Local\Temp\VMBuilds\Universal_controllerV2.0\Arduino_STM32-master_genericSTM32F103R\Release\core.a(exti.c.o)
                0x0800cd10                __irq_exti3
 .text.__irq_exti4
                0x0800cd30       0x20 C:\Users\Administrator\AppData\Local\Temp\VMBuilds\Universal_controllerV2.0\Arduino_STM32-master_genericSTM32F103R\Release\core.a(exti.c.o)
                0x0800cd30                __irq_exti4
 .text.__irq_exti9_5
                0x0800cd50       0x48 C:\Users\Administrator\AppData\Local\Temp\VMBuilds\Universal_controllerV2.0\Arduino_STM32-master_genericSTM32F103R\Release\core.a(exti.c.o)
                0x0800cd50                __irq_exti9_5
 .text.__irq_exti15_10
                0x0800cd98       0x48 C:\Users\Administrator\AppData\Local\Temp\VMBuilds\Universal_controllerV2.0\Arduino_STM32-master_genericSTM32F103R\Release\core.a(exti.c.o)
                0x0800cd98                __irq_exti15_10
 .text.flash_set_latency
                0x0800cde0       0x14 C:\Users\Administrator\AppData\Local\Temp\VMBuilds\Universal_controllerV2.0\Arduino_STM32-master_genericSTM32F103R\Release\core.a(flash.c.o)
                0x0800cde0                flash_set_latency
 .text.gpio_init_all
                0x0800cdf4       0x30 C:\Users\Administrator\AppData\Local\Temp\VMBuilds\Universal_controllerV2.0\Arduino_STM32-master_genericSTM32F103R\Release\core.a(gpio_f1.c.o)
                0x0800cdf4                gpio_init_all
 .text.gpio_set_mode
                0x0800ce24       0x4e C:\Users\Administrator\AppData\Local\Temp\VMBuilds\Universal_controllerV2.0\Arduino_STM32-master_genericSTM32F103R\Release\core.a(gpio_f1.c.o)
                0x0800ce24                gpio_set_mode
 .text.afio_init
                0x0800ce72       0x12 C:\Users\Administrator\AppData\Local\Temp\VMBuilds\Universal_controllerV2.0\Arduino_STM32-master_genericSTM32F103R\Release\core.a(gpio_f1.c.o)
                0x0800ce72                afio_init
 .text.__irq_i2c1_ev
                0x0800ce84        0xc C:\Users\Administrator\AppData\Local\Temp\VMBuilds\Universal_controllerV2.0\Arduino_STM32-master_genericSTM32F103R\Release\core.a(i2c_f1.c.o)
                0x0800ce84                __irq_i2c1_ev
 .text.__irq_i2c2_ev
                0x0800ce90        0xc C:\Users\Administrator\AppData\Local\Temp\VMBuilds\Universal_controllerV2.0\Arduino_STM32-master_genericSTM32F103R\Release\core.a(i2c_f1.c.o)
                0x0800ce90                __irq_i2c2_ev
 .text.__irq_i2c1_er
                0x0800ce9c        0xc C:\Users\Administrator\AppData\Local\Temp\VMBuilds\Universal_controllerV2.0\Arduino_STM32-master_genericSTM32F103R\Release\core.a(i2c_f1.c.o)
                0x0800ce9c                __irq_i2c1_er
 .text.__irq_i2c2_er
                0x0800cea8        0xc C:\Users\Administrator\AppData\Local\Temp\VMBuilds\Universal_controllerV2.0\Arduino_STM32-master_genericSTM32F103R\Release\core.a(i2c_f1.c.o)
                0x0800cea8                __irq_i2c2_er
 .text._i2c_irq_priority_fixup
                0x0800ceb4       0x1c C:\Users\Administrator\AppData\Local\Temp\VMBuilds\Universal_controllerV2.0\Arduino_STM32-master_genericSTM32F103R\Release\core.a(i2c_f1.c.o)
                0x0800ceb4                _i2c_irq_priority_fixup
 .text.nvic_irq_set_priority
                0x0800ced0       0x28 C:\Users\Administrator\AppData\Local\Temp\VMBuilds\Universal_controllerV2.0\Arduino_STM32-master_genericSTM32F103R\Release\core.a(nvic.c.o)
                0x0800ced0                nvic_irq_set_priority
 .text.nvic_init
                0x0800cef8       0x2c C:\Users\Administrator\AppData\Local\Temp\VMBuilds\Universal_controllerV2.0\Arduino_STM32-master_genericSTM32F103R\Release\core.a(nvic.c.o)
                0x0800cef8                nvic_init
 .text.nvic_sys_reset
                0x0800cf24       0x1c C:\Users\Administrator\AppData\Local\Temp\VMBuilds\Universal_controllerV2.0\Arduino_STM32-master_genericSTM32F103R\Release\core.a(nvic.c.o)
                0x0800cf24                nvic_sys_reset
 .text.rcc_dev_clk
                0x0800cf40        0xc C:\Users\Administrator\AppData\Local\Temp\VMBuilds\Universal_controllerV2.0\Arduino_STM32-master_genericSTM32F103R\Release\core.a(rcc.c.o)
                0x0800cf40                rcc_dev_clk
 .text.rcc_switch_sysclk
                0x0800cf4c       0x20 C:\Users\Administrator\AppData\Local\Temp\VMBuilds\Universal_controllerV2.0\Arduino_STM32-master_genericSTM32F103R\Release\core.a(rcc.c.o)
                0x0800cf4c                rcc_switch_sysclk
 .text.rcc_turn_on_clk
                0x0800cf6c       0x18 C:\Users\Administrator\AppData\Local\Temp\VMBuilds\Universal_controllerV2.0\Arduino_STM32-master_genericSTM32F103R\Release\core.a(rcc.c.o)
                0x0800cf6c                rcc_turn_on_clk
 .text.rcc_turn_off_clk
                0x0800cf84       0x1c C:\Users\Administrator\AppData\Local\Temp\VMBuilds\Universal_controllerV2.0\Arduino_STM32-master_genericSTM32F103R\Release\core.a(rcc.c.o)
                0x0800cf84                rcc_turn_off_clk
 .text.rcc_is_clk_ready
                0x0800cfa0       0x18 C:\Users\Administrator\AppData\Local\Temp\VMBuilds\Universal_controllerV2.0\Arduino_STM32-master_genericSTM32F103R\Release\core.a(rcc.c.o)
                0x0800cfa0                rcc_is_clk_ready
 .text.rcc_configure_pll
                0x0800cfb8       0x1c C:\Users\Administrator\AppData\Local\Temp\VMBuilds\Universal_controllerV2.0\Arduino_STM32-master_genericSTM32F103R\Release\core.a(rcc_f1.c.o)
                0x0800cfb8                rcc_configure_pll
 .text.rcc_clk_enable
                0x0800cfd4       0x30 C:\Users\Administrator\AppData\Local\Temp\VMBuilds\Universal_controllerV2.0\Arduino_STM32-master_genericSTM32F103R\Release\core.a(rcc_f1.c.o)
                0x0800cfd4                rcc_clk_enable
 .text.rcc_reset_dev
                0x0800d004       0x34 C:\Users\Administrator\AppData\Local\Temp\VMBuilds\Universal_controllerV2.0\Arduino_STM32-master_genericSTM32F103R\Release\core.a(rcc_f1.c.o)
                0x0800d004                rcc_reset_dev
 .text.rcc_set_prescaler
                0x0800d038       0x20 C:\Users\Administrator\AppData\Local\Temp\VMBuilds\Universal_controllerV2.0\Arduino_STM32-master_genericSTM32F103R\Release\core.a(rcc_f1.c.o)
                0x0800d038                rcc_set_prescaler
 .text.rcc_clk_disable
                0x0800d058       0x30 C:\Users\Administrator\AppData\Local\Temp\VMBuilds\Universal_controllerV2.0\Arduino_STM32-master_genericSTM32F103R\Release\core.a(rcc_f1.c.o)
                0x0800d058                rcc_clk_disable
 .text.systick_init
                0x0800d088       0x10 C:\Users\Administrator\AppData\Local\Temp\VMBuilds\Universal_controllerV2.0\Arduino_STM32-master_genericSTM32F103R\Release\core.a(systick.c.o)
                0x0800d088                systick_init
 .text.__exc_systick
                0x0800d098       0x1c C:\Users\Administrator\AppData\Local\Temp\VMBuilds\Universal_controllerV2.0\Arduino_STM32-master_genericSTM32F103R\Release\core.a(systick.c.o)
                0x0800d098                __exc_systick
 .text.timer_oc_set_mode
                0x0800d0b4       0x32 C:\Users\Administrator\AppData\Local\Temp\VMBuilds\Universal_controllerV2.0\Arduino_STM32-master_genericSTM32F103R\Release\core.a(timer.c.o)
 .text.timer_cc_enable
                0x0800d0e6       0x1c C:\Users\Administrator\AppData\Local\Temp\VMBuilds\Universal_controllerV2.0\Arduino_STM32-master_genericSTM32F103R\Release\core.a(timer.c.o)
 *fill*         0x0800d102        0x2 
 .text.timer_foreach
                0x0800d104       0x4c C:\Users\Administrator\AppData\Local\Temp\VMBuilds\Universal_controllerV2.0\Arduino_STM32-master_genericSTM32F103R\Release\core.a(timer.c.o)
                0x0800d104                timer_foreach
 .text.timer_init
                0x0800d150       0x14 C:\Users\Administrator\AppData\Local\Temp\VMBuilds\Universal_controllerV2.0\Arduino_STM32-master_genericSTM32F103R\Release\core.a(timer.c.o)
                0x0800d150                timer_init
 .text.timer_has_cc_channel
                0x0800d164       0x30 C:\Users\Administrator\AppData\Local\Temp\VMBuilds\Universal_controllerV2.0\Arduino_STM32-master_genericSTM32F103R\Release\core.a(timer.c.o)
                0x0800d164                timer_has_cc_channel
 .text.timer_detach_interrupt
                0x0800d194       0x1e C:\Users\Administrator\AppData\Local\Temp\VMBuilds\Universal_controllerV2.0\Arduino_STM32-master_genericSTM32F103R\Release\core.a(timer.c.o)
                0x0800d194                timer_detach_interrupt
 .text.input_capture_mode
                0x0800d1b2       0x1a C:\Users\Administrator\AppData\Local\Temp\VMBuilds\Universal_controllerV2.0\Arduino_STM32-master_genericSTM32F103R\Release\core.a(timer.c.o)
                0x0800d1b2                input_capture_mode
 .text.timer_set_mode
                0x0800d1cc       0x8e C:\Users\Administrator\AppData\Local\Temp\VMBuilds\Universal_controllerV2.0\Arduino_STM32-master_genericSTM32F103R\Release\core.a(timer.c.o)
                0x0800d1cc                timer_set_mode
 *fill*         0x0800d25a        0x2 
 .text.__irq_tim1_brk
                0x0800d25c       0x24 C:\Users\Administrator\AppData\Local\Temp\VMBuilds\Universal_controllerV2.0\Arduino_STM32-master_genericSTM32F103R\Release\core.a(timer.c.o)
                0x0800d25c                __irq_tim1_brk
 .text.__irq_tim1_up
                0x0800d280       0x24 C:\Users\Administrator\AppData\Local\Temp\VMBuilds\Universal_controllerV2.0\Arduino_STM32-master_genericSTM32F103R\Release\core.a(timer.c.o)
                0x0800d280                __irq_tim1_up
 .text.__irq_tim1_trg_com
                0x0800d2a4       0x38 C:\Users\Administrator\AppData\Local\Temp\VMBuilds\Universal_controllerV2.0\Arduino_STM32-master_genericSTM32F103R\Release\core.a(timer.c.o)
                0x0800d2a4                __irq_tim1_trg_com
 .text.__irq_tim1_cc
                0x0800d2dc       0x54 C:\Users\Administrator\AppData\Local\Temp\VMBuilds\Universal_controllerV2.0\Arduino_STM32-master_genericSTM32F103R\Release\core.a(timer.c.o)
                0x0800d2dc                __irq_tim1_cc
 .text.__irq_tim2
                0x0800d330       0x70 C:\Users\Administrator\AppData\Local\Temp\VMBuilds\Universal_controllerV2.0\Arduino_STM32-master_genericSTM32F103R\Release\core.a(timer.c.o)
                0x0800d330                __irq_tim2
 .text.__irq_tim3
                0x0800d3a0       0x70 C:\Users\Administrator\AppData\Local\Temp\VMBuilds\Universal_controllerV2.0\Arduino_STM32-master_genericSTM32F103R\Release\core.a(timer.c.o)
                0x0800d3a0                __irq_tim3
 .text.__irq_tim4
                0x0800d410       0x70 C:\Users\Administrator\AppData\Local\Temp\VMBuilds\Universal_controllerV2.0\Arduino_STM32-master_genericSTM32F103R\Release\core.a(timer.c.o)
                0x0800d410                __irq_tim4
 .text.__irq_tim5
                0x0800d480       0x70 C:\Users\Administrator\AppData\Local\Temp\VMBuilds\Universal_controllerV2.0\Arduino_STM32-master_genericSTM32F103R\Release\core.a(timer.c.o)
                0x0800d480                __irq_tim5
 .text.__irq_tim6
                0x0800d4f0       0x24 C:\Users\Administrator\AppData\Local\Temp\VMBuilds\Universal_controllerV2.0\Arduino_STM32-master_genericSTM32F103R\Release\core.a(timer.c.o)
                0x0800d4f0                __irq_tim6
 .text.__irq_tim7
                0x0800d514       0x24 C:\Users\Administrator\AppData\Local\Temp\VMBuilds\Universal_controllerV2.0\Arduino_STM32-master_genericSTM32F103R\Release\core.a(timer.c.o)
                0x0800d514                __irq_tim7
 .text.__irq_tim8_brk
                0x0800d538       0x24 C:\Users\Administrator\AppData\Local\Temp\VMBuilds\Universal_controllerV2.0\Arduino_STM32-master_genericSTM32F103R\Release\core.a(timer.c.o)
                0x0800d538                __irq_tim8_brk
 .text.__irq_tim8_up
                0x0800d55c       0x24 C:\Users\Administrator\AppData\Local\Temp\VMBuilds\Universal_controllerV2.0\Arduino_STM32-master_genericSTM32F103R\Release\core.a(timer.c.o)
                0x0800d55c                __irq_tim8_up
 .text.__irq_tim8_trg_com
                0x0800d580       0x38 C:\Users\Administrator\AppData\Local\Temp\VMBuilds\Universal_controllerV2.0\Arduino_STM32-master_genericSTM32F103R\Release\core.a(timer.c.o)
                0x0800d580                __irq_tim8_trg_com
 .text.__irq_tim8_cc
                0x0800d5b8       0x54 C:\Users\Administrator\AppData\Local\Temp\VMBuilds\Universal_controllerV2.0\Arduino_STM32-master_genericSTM32F103R\Release\core.a(timer.c.o)
                0x0800d5b8                __irq_tim8_cc
 .text.rb_remove
                0x0800d60c       0x22 C:\Users\Administrator\AppData\Local\Temp\VMBuilds\Universal_controllerV2.0\Arduino_STM32-master_genericSTM32F103R\Release\core.a(usart_f1.c.o)
 .text.rb_push_insert
                0x0800d62e       0x4a C:\Users\Administrator\AppData\Local\Temp\VMBuilds\Universal_controllerV2.0\Arduino_STM32-master_genericSTM32F103R\Release\core.a(usart_f1.c.o)
 .text.usart_config_gpios_async
                0x0800d678       0x4a C:\Users\Administrator\AppData\Local\Temp\VMBuilds\Universal_controllerV2.0\Arduino_STM32-master_genericSTM32F103R\Release\core.a(usart_f1.c.o)
                0x0800d678                usart_config_gpios_async
 .text.usart_set_baud_rate
                0x0800d6c2       0x3a C:\Users\Administrator\AppData\Local\Temp\VMBuilds\Universal_controllerV2.0\Arduino_STM32-master_genericSTM32F103R\Release\core.a(usart_f1.c.o)
                0x0800d6c2                usart_set_baud_rate
 .text.__irq_usart1
                0x0800d6fc       0x50 C:\Users\Administrator\AppData\Local\Temp\VMBuilds\Universal_controllerV2.0\Arduino_STM32-master_genericSTM32F103R\Release\core.a(usart_f1.c.o)
                0x0800d6fc                __irq_usart1
 .text.__irq_usart2
                0x0800d74c       0x50 C:\Users\Administrator\AppData\Local\Temp\VMBuilds\Universal_controllerV2.0\Arduino_STM32-master_genericSTM32F103R\Release\core.a(usart_f1.c.o)
                0x0800d74c                __irq_usart2
 .text.__irq_usart3
                0x0800d79c       0x50 C:\Users\Administrator\AppData\Local\Temp\VMBuilds\Universal_controllerV2.0\Arduino_STM32-master_genericSTM32F103R\Release\core.a(usart_f1.c.o)
                0x0800d79c                __irq_usart3
 .text.__irq_uart4
                0x0800d7ec       0x50 C:\Users\Administrator\AppData\Local\Temp\VMBuilds\Universal_controllerV2.0\Arduino_STM32-master_genericSTM32F103R\Release\core.a(usart_f1.c.o)
                0x0800d7ec                __irq_uart4
 .text.__irq_uart5
                0x0800d83c       0x50 C:\Users\Administrator\AppData\Local\Temp\VMBuilds\Universal_controllerV2.0\Arduino_STM32-master_genericSTM32F103R\Release\core.a(usart_f1.c.o)
                0x0800d83c                __irq_uart5
 .text._usart_clock_freq
                0x0800d88c       0x24 C:\Users\Administrator\AppData\Local\Temp\VMBuilds\Universal_controllerV2.0\Arduino_STM32-master_genericSTM32F103R\Release\core.a(usart_private.c.o)
                0x0800d88c                _usart_clock_freq
 .text.throb    0x0800d8b0       0x54 C:\Users\Administrator\AppData\Local\Temp\VMBuilds\Universal_controllerV2.0\Arduino_STM32-master_genericSTM32F103R\Release\core.a(util.c.o)
                0x0800d8b0                throb
 .text.__error  0x0800d904       0x14 C:\Users\Administrator\AppData\Local\Temp\VMBuilds\Universal_controllerV2.0\Arduino_STM32-master_genericSTM32F103R\Release\core.a(util.c.o)
                0x0800d904                __error
 .text.set_rx_tx_status0
                0x0800d918       0x30 C:\Users\Administrator\AppData\Local\Temp\VMBuilds\Universal_controllerV2.0\Arduino_STM32-master_genericSTM32F103R\Release\core.a(usb.c.o)
 .text.usb_resume
                0x0800d948       0xb0 C:\Users\Administrator\AppData\Local\Temp\VMBuilds\Universal_controllerV2.0\Arduino_STM32-master_genericSTM32F103R\Release\core.a(usb.c.o)
 .text.usb_init_usblib
                0x0800d9f8       0x48 C:\Users\Administrator\AppData\Local\Temp\VMBuilds\Universal_controllerV2.0\Arduino_STM32-master_genericSTM32F103R\Release\core.a(usb.c.o)
                0x0800d9f8                usb_init_usblib
 .text.__irq_usb_lp_can_rx0
                0x0800da40      0x18c C:\Users\Administrator\AppData\Local\Temp\VMBuilds\Universal_controllerV2.0\Arduino_STM32-master_genericSTM32F103R\Release\core.a(usb.c.o)
                0x0800da40                __irq_usb_lp_can_rx0
 .text.usb_set_ep_rx_stat
                0x0800dbcc       0x22 C:\Users\Administrator\AppData\Local\Temp\VMBuilds\Universal_controllerV2.0\Arduino_STM32-master_genericSTM32F103R\Release\core.a(usb_cdcacm.c.o)
 *fill*         0x0800dbee        0x2 
 .text.vcomGetSetLineCoding
                0x0800dbf0       0x18 C:\Users\Administrator\AppData\Local\Temp\VMBuilds\Universal_controllerV2.0\Arduino_STM32-master_genericSTM32F103R\Release\core.a(usb_cdcacm.c.o)
 .text.usbInit  0x0800dc08       0x44 C:\Users\Administrator\AppData\Local\Temp\VMBuilds\Universal_controllerV2.0\Arduino_STM32-master_genericSTM32F103R\Release\core.a(usb_cdcacm.c.o)
 .text.usbNoDataSetup
                0x0800dc4c       0x50 C:\Users\Administrator\AppData\Local\Temp\VMBuilds\Universal_controllerV2.0\Arduino_STM32-master_genericSTM32F103R\Release\core.a(usb_cdcacm.c.o)
 .text.usbGetInterfaceSetting
                0x0800dc9c       0x10 C:\Users\Administrator\AppData\Local\Temp\VMBuilds\Universal_controllerV2.0\Arduino_STM32-master_genericSTM32F103R\Release\core.a(usb_cdcacm.c.o)
 .text.usbSetConfiguration
                0x0800dcac       0x1c C:\Users\Administrator\AppData\Local\Temp\VMBuilds\Universal_controllerV2.0\Arduino_STM32-master_genericSTM32F103R\Release\core.a(usb_cdcacm.c.o)
 .text.usbSetDeviceAddress
                0x0800dcc8       0x10 C:\Users\Administrator\AppData\Local\Temp\VMBuilds\Universal_controllerV2.0\Arduino_STM32-master_genericSTM32F103R\Release\core.a(usb_cdcacm.c.o)
 .text.usbGetStringDescriptor
                0x0800dcd8       0x20 C:\Users\Administrator\AppData\Local\Temp\VMBuilds\Universal_controllerV2.0\Arduino_STM32-master_genericSTM32F103R\Release\core.a(usb_cdcacm.c.o)
 .text.usbGetConfigDescriptor
                0x0800dcf8        0xc C:\Users\Administrator\AppData\Local\Temp\VMBuilds\Universal_controllerV2.0\Arduino_STM32-master_genericSTM32F103R\Release\core.a(usb_cdcacm.c.o)
 .text.usbGetDeviceDescriptor
                0x0800dd04        0xc C:\Users\Administrator\AppData\Local\Temp\VMBuilds\Universal_controllerV2.0\Arduino_STM32-master_genericSTM32F103R\Release\core.a(usb_cdcacm.c.o)
 .text.usbDataSetup
                0x0800dd10       0x54 C:\Users\Administrator\AppData\Local\Temp\VMBuilds\Universal_controllerV2.0\Arduino_STM32-master_genericSTM32F103R\Release\core.a(usb_cdcacm.c.o)
 .text.vcomDataRxCb
                0x0800dd64       0x8c C:\Users\Administrator\AppData\Local\Temp\VMBuilds\Universal_controllerV2.0\Arduino_STM32-master_genericSTM32F103R\Release\core.a(usb_cdcacm.c.o)
 .text.vcomDataTxCb
                0x0800ddf0       0xa0 C:\Users\Administrator\AppData\Local\Temp\VMBuilds\Universal_controllerV2.0\Arduino_STM32-master_genericSTM32F103R\Release\core.a(usb_cdcacm.c.o)
 .text.usb_cdcacm_tx.part.2
                0x0800de90       0x54 C:\Users\Administrator\AppData\Local\Temp\VMBuilds\Universal_controllerV2.0\Arduino_STM32-master_genericSTM32F103R\Release\core.a(usb_cdcacm.c.o)
 .text.usbReset
                0x0800dee4      0x15c C:\Users\Administrator\AppData\Local\Temp\VMBuilds\Universal_controllerV2.0\Arduino_STM32-master_genericSTM32F103R\Release\core.a(usb_cdcacm.c.o)
 .text.usb_cdcacm_set_hooks
                0x0800e040       0x1c C:\Users\Administrator\AppData\Local\Temp\VMBuilds\Universal_controllerV2.0\Arduino_STM32-master_genericSTM32F103R\Release\core.a(usb_cdcacm.c.o)
                0x0800e040                usb_cdcacm_set_hooks
 .text.usb_cdcacm_enable
                0x0800e05c       0x34 C:\Users\Administrator\AppData\Local\Temp\VMBuilds\Universal_controllerV2.0\Arduino_STM32-master_genericSTM32F103R\Release\core.a(usb_cdcacm.c.o)
                0x0800e05c                usb_cdcacm_enable
 .text.usb_cdcacm_tx
                0x0800e090        0xa C:\Users\Administrator\AppData\Local\Temp\VMBuilds\Universal_controllerV2.0\Arduino_STM32-master_genericSTM32F103R\Release\core.a(usb_cdcacm.c.o)
                0x0800e090                usb_cdcacm_tx
 *fill*         0x0800e09a        0x2 
 .text.usb_cdcacm_data_available
                0x0800e09c       0x18 C:\Users\Administrator\AppData\Local\Temp\VMBuilds\Universal_controllerV2.0\Arduino_STM32-master_genericSTM32F103R\Release\core.a(usb_cdcacm.c.o)
                0x0800e09c                usb_cdcacm_data_available
 .text.usb_cdcacm_peek
                0x0800e0b4       0x38 C:\Users\Administrator\AppData\Local\Temp\VMBuilds\Universal_controllerV2.0\Arduino_STM32-master_genericSTM32F103R\Release\core.a(usb_cdcacm.c.o)
                0x0800e0b4                usb_cdcacm_peek
 .text.usb_cdcacm_rx
                0x0800e0ec       0x34 C:\Users\Administrator\AppData\Local\Temp\VMBuilds\Universal_controllerV2.0\Arduino_STM32-master_genericSTM32F103R\Release\core.a(usb_cdcacm.c.o)
                0x0800e0ec                usb_cdcacm_rx
 .text.usb_cdcacm_peek_ex
                0x0800e120       0x40 C:\Users\Administrator\AppData\Local\Temp\VMBuilds\Universal_controllerV2.0\Arduino_STM32-master_genericSTM32F103R\Release\core.a(usb_cdcacm.c.o)
                0x0800e120                usb_cdcacm_peek_ex
 .text.usb_cdcacm_get_dtr
                0x0800e160       0x10 C:\Users\Administrator\AppData\Local\Temp\VMBuilds\Universal_controllerV2.0\Arduino_STM32-master_genericSTM32F103R\Release\core.a(usb_cdcacm.c.o)
                0x0800e160                usb_cdcacm_get_dtr
 .text.usb_set_ep_rx_count
                0x0800e170       0x40 C:\Users\Administrator\AppData\Local\Temp\VMBuilds\Universal_controllerV2.0\Arduino_STM32-master_genericSTM32F103R\Release\core.a(usb_reg_map.c.o)
                0x0800e170                usb_set_ep_rx_count
 .text.Standard_GetConfiguration
                0x0800e1b0       0x24 C:\Users\Administrator\AppData\Local\Temp\VMBuilds\Universal_controllerV2.0\Arduino_STM32-master_genericSTM32F103R\Release\core.a(usb_core.c.o)
                0x0800e1b0                Standard_GetConfiguration
 .text.Standard_GetInterface
                0x0800e1d4       0x24 C:\Users\Administrator\AppData\Local\Temp\VMBuilds\Universal_controllerV2.0\Arduino_STM32-master_genericSTM32F103R\Release\core.a(usb_core.c.o)
                0x0800e1d4                Standard_GetInterface
 .text.Standard_GetStatus
                0x0800e1f8       0x88 C:\Users\Administrator\AppData\Local\Temp\VMBuilds\Universal_controllerV2.0\Arduino_STM32-master_genericSTM32F103R\Release\core.a(usb_core.c.o)
                0x0800e1f8                Standard_GetStatus
 .text.DataStageIn
                0x0800e280       0xac C:\Users\Administrator\AppData\Local\Temp\VMBuilds\Universal_controllerV2.0\Arduino_STM32-master_genericSTM32F103R\Release\core.a(usb_core.c.o)
 .text.Standard_SetConfiguration
                0x0800e32c       0x38 C:\Users\Administrator\AppData\Local\Temp\VMBuilds\Universal_controllerV2.0\Arduino_STM32-master_genericSTM32F103R\Release\core.a(usb_core.c.o)
                0x0800e32c                Standard_SetConfiguration
 .text.Standard_SetInterface
                0x0800e364       0x4c C:\Users\Administrator\AppData\Local\Temp\VMBuilds\Universal_controllerV2.0\Arduino_STM32-master_genericSTM32F103R\Release\core.a(usb_core.c.o)
                0x0800e364                Standard_SetInterface
 .text.Standard_ClearFeature
                0x0800e3b0       0xc4 C:\Users\Administrator\AppData\Local\Temp\VMBuilds\Universal_controllerV2.0\Arduino_STM32-master_genericSTM32F103R\Release\core.a(usb_core.c.o)
                0x0800e3b0                Standard_ClearFeature
 .text.Standard_SetEndPointFeature
                0x0800e474       0x7c C:\Users\Administrator\AppData\Local\Temp\VMBuilds\Universal_controllerV2.0\Arduino_STM32-master_genericSTM32F103R\Release\core.a(usb_core.c.o)
                0x0800e474                Standard_SetEndPointFeature
 .text.Standard_SetDeviceFeature
                0x0800e4f0       0x24 C:\Users\Administrator\AppData\Local\Temp\VMBuilds\Universal_controllerV2.0\Arduino_STM32-master_genericSTM32F103R\Release\core.a(usb_core.c.o)
                0x0800e4f0                Standard_SetDeviceFeature
 .text.Standard_GetDescriptorData
                0x0800e514       0x1c C:\Users\Administrator\AppData\Local\Temp\VMBuilds\Universal_controllerV2.0\Arduino_STM32-master_genericSTM32F103R\Release\core.a(usb_core.c.o)
                0x0800e514                Standard_GetDescriptorData
 .text.Post0_Process
                0x0800e530       0x40 C:\Users\Administrator\AppData\Local\Temp\VMBuilds\Universal_controllerV2.0\Arduino_STM32-master_genericSTM32F103R\Release\core.a(usb_core.c.o)
                0x0800e530                Post0_Process
 .text.Setup0_Process
                0x0800e570      0x2b8 C:\Users\Administrator\AppData\Local\Temp\VMBuilds\Universal_controllerV2.0\Arduino_STM32-master_genericSTM32F103R\Release\core.a(usb_core.c.o)
                0x0800e570                Setup0_Process
 .text.Out0_Process
                0x0800e828       0xc0 C:\Users\Administrator\AppData\Local\Temp\VMBuilds\Universal_controllerV2.0\Arduino_STM32-master_genericSTM32F103R\Release\core.a(usb_core.c.o)
                0x0800e828                Out0_Process
 .text.SetDeviceAddress
                0x0800e8e8       0x38 C:\Users\Administrator\AppData\Local\Temp\VMBuilds\Universal_controllerV2.0\Arduino_STM32-master_genericSTM32F103R\Release\core.a(usb_core.c.o)
                0x0800e8e8                SetDeviceAddress
 .text.In0_Process
                0x0800e920       0x5c C:\Users\Administrator\AppData\Local\Temp\VMBuilds\Universal_controllerV2.0\Arduino_STM32-master_genericSTM32F103R\Release\core.a(usb_core.c.o)
                0x0800e920                In0_Process
 .text.NOP_Process
                0x0800e97c        0x2 C:\Users\Administrator\AppData\Local\Temp\VMBuilds\Universal_controllerV2.0\Arduino_STM32-master_genericSTM32F103R\Release\core.a(usb_core.c.o)
                0x0800e97c                NOP_Process
 .text.UserToPMABufferCopy
                0x0800e97e       0x1e C:\Users\Administrator\AppData\Local\Temp\VMBuilds\Universal_controllerV2.0\Arduino_STM32-master_genericSTM32F103R\Release\core.a(usb_mem.c.o)
                0x0800e97e                UserToPMABufferCopy
 .text.PMAToUserBufferCopy
                0x0800e99c       0x24 C:\Users\Administrator\AppData\Local\Temp\VMBuilds\Universal_controllerV2.0\Arduino_STM32-master_genericSTM32F103R\Release\core.a(usb_mem.c.o)
                0x0800e99c                PMAToUserBufferCopy
 .text.SetEPTxStatus
                0x0800e9c0       0x2a C:\Users\Administrator\AppData\Local\Temp\VMBuilds\Universal_controllerV2.0\Arduino_STM32-master_genericSTM32F103R\Release\core.a(usb_regs.c.o)
                0x0800e9c0                SetEPTxStatus
 .text.ClearDTOG_RX
                0x0800e9ea       0x26 C:\Users\Administrator\AppData\Local\Temp\VMBuilds\Universal_controllerV2.0\Arduino_STM32-master_genericSTM32F103R\Release\core.a(usb_regs.c.o)
                0x0800e9ea                ClearDTOG_RX
 .text.ClearDTOG_TX
                0x0800ea10       0x26 C:\Users\Administrator\AppData\Local\Temp\VMBuilds\Universal_controllerV2.0\Arduino_STM32-master_genericSTM32F103R\Release\core.a(usb_regs.c.o)
                0x0800ea10                ClearDTOG_TX
 *fill*         0x0800ea36        0x2 
 .text.GetEPTxAddr
                0x0800ea38       0x1c C:\Users\Administrator\AppData\Local\Temp\VMBuilds\Universal_controllerV2.0\Arduino_STM32-master_genericSTM32F103R\Release\core.a(usb_regs.c.o)
                0x0800ea38                GetEPTxAddr
 .text.GetEPRxAddr
                0x0800ea54       0x1c C:\Users\Administrator\AppData\Local\Temp\VMBuilds\Universal_controllerV2.0\Arduino_STM32-master_genericSTM32F103R\Release\core.a(usb_regs.c.o)
                0x0800ea54                GetEPRxAddr
 .text.SetEPTxCount
                0x0800ea70       0x1c C:\Users\Administrator\AppData\Local\Temp\VMBuilds\Universal_controllerV2.0\Arduino_STM32-master_genericSTM32F103R\Release\core.a(usb_regs.c.o)
                0x0800ea70                SetEPTxCount
 .text.SetEPRxCount
                0x0800ea8c       0x40 C:\Users\Administrator\AppData\Local\Temp\VMBuilds\Universal_controllerV2.0\Arduino_STM32-master_genericSTM32F103R\Release\core.a(usb_regs.c.o)
                0x0800ea8c                SetEPRxCount
 .text.rb_full_count
                0x0800eacc       0x18 C:\Users\Administrator\AppData\Local\Temp\VMBuilds\Universal_controllerV2.0\Arduino_STM32-master_genericSTM32F103R\Release\core.a(HardwareSerial.cpp.o)
 .text._ZN14HardwareSerial4readEv
                0x0800eae4       0x38 C:\Users\Administrator\AppData\Local\Temp\VMBuilds\Universal_controllerV2.0\Arduino_STM32-master_genericSTM32F103R\Release\core.a(HardwareSerial.cpp.o)
                0x0800eae4                HardwareSerial::read()
 .text._ZN14HardwareSerial9availableEv
                0x0800eb1c        0xc C:\Users\Administrator\AppData\Local\Temp\VMBuilds\Universal_controllerV2.0\Arduino_STM32-master_genericSTM32F103R\Release\core.a(HardwareSerial.cpp.o)
                0x0800eb1c                HardwareSerial::available()
 .text._ZN14HardwareSerial4peekEv
                0x0800eb28       0x20 C:\Users\Administrator\AppData\Local\Temp\VMBuilds\Universal_controllerV2.0\Arduino_STM32-master_genericSTM32F103R\Release\core.a(HardwareSerial.cpp.o)
                0x0800eb28                HardwareSerial::peek()
 .text._ZN14HardwareSerial5flushEv
                0x0800eb48       0x18 C:\Users\Administrator\AppData\Local\Temp\VMBuilds\Universal_controllerV2.0\Arduino_STM32-master_genericSTM32F103R\Release\core.a(HardwareSerial.cpp.o)
                0x0800eb48                HardwareSerial::flush()
 .text._ZN14HardwareSerial5writeEh
                0x0800eb60       0x1e C:\Users\Administrator\AppData\Local\Temp\VMBuilds\Universal_controllerV2.0\Arduino_STM32-master_genericSTM32F103R\Release\core.a(HardwareSerial.cpp.o)
                0x0800eb60                HardwareSerial::write(unsigned char)
 *fill*         0x0800eb7e        0x2 
 .text._ZN14HardwareSerialC2EP9usart_devhh
                0x0800eb80       0x20 C:\Users\Administrator\AppData\Local\Temp\VMBuilds\Universal_controllerV2.0\Arduino_STM32-master_genericSTM32F103R\Release\core.a(HardwareSerial.cpp.o)
                0x0800eb80                HardwareSerial::HardwareSerial(usart_dev*, unsigned char, unsigned char)
                0x0800eb80                HardwareSerial::HardwareSerial(usart_dev*, unsigned char, unsigned char)
 .text._ZN14HardwareSerial5beginEmh
                0x0800eba0       0x68 C:\Users\Administrator\AppData\Local\Temp\VMBuilds\Universal_controllerV2.0\Arduino_STM32-master_genericSTM32F103R\Release\core.a(HardwareSerial.cpp.o)
                0x0800eba0                HardwareSerial::begin(unsigned long, unsigned char)
 .text._ZN14HardwareSerial5beginEm
                0x0800ec08        0x6 C:\Users\Administrator\AppData\Local\Temp\VMBuilds\Universal_controllerV2.0\Arduino_STM32-master_genericSTM32F103R\Release\core.a(HardwareSerial.cpp.o)
                0x0800ec08                HardwareSerial::begin(unsigned long)
 .text.startup._Z7premainv
                0x0800ec0e        0x4 C:\Users\Administrator\AppData\Local\Temp\VMBuilds\Universal_controllerV2.0\Arduino_STM32-master_genericSTM32F103R\Release\core.a(main.cpp.o)
                0x0800ec0e                premain()
 .text.startup.main
                0x0800ec12        0xc C:\Users\Administrator\AppData\Local\Temp\VMBuilds\Universal_controllerV2.0\Arduino_STM32-master_genericSTM32F103R\Release\core.a(main.cpp.o)
                0x0800ec12                main
 .text._ZN5Print5writeEPKvm
                0x0800ec1e       0x20 C:\Users\Administrator\AppData\Local\Temp\VMBuilds\Universal_controllerV2.0\Arduino_STM32-master_genericSTM32F103R\Release\core.a(Print.cpp.o)
                0x0800ec1e                Print::write(void const*, unsigned long)
 .text._ZN5Print5writeEPKc
                0x0800ec3e       0x20 C:\Users\Administrator\AppData\Local\Temp\VMBuilds\Universal_controllerV2.0\Arduino_STM32-master_genericSTM32F103R\Release\core.a(Print.cpp.o)
                0x0800ec3e                Print::write(char const*)
 .text._ZN5Print5printERK6String
                0x0800ec5e        0xa C:\Users\Administrator\AppData\Local\Temp\VMBuilds\Universal_controllerV2.0\Arduino_STM32-master_genericSTM32F103R\Release\core.a(Print.cpp.o)
                0x0800ec5e                Print::print(String const&)
 .text._ZN5Print5printEc
                0x0800ec68        0x6 C:\Users\Administrator\AppData\Local\Temp\VMBuilds\Universal_controllerV2.0\Arduino_STM32-master_genericSTM32F103R\Release\core.a(Print.cpp.o)
                0x0800ec68                Print::print(char)
 .text._ZN5Print5printEPKc
                0x0800ec6e        0x6 C:\Users\Administrator\AppData\Local\Temp\VMBuilds\Universal_controllerV2.0\Arduino_STM32-master_genericSTM32F103R\Release\core.a(Print.cpp.o)
                0x0800ec6e                Print::print(char const*)
 .text._ZN5Print7printlnEv
                0x0800ec74       0x18 C:\Users\Administrator\AppData\Local\Temp\VMBuilds\Universal_controllerV2.0\Arduino_STM32-master_genericSTM32F103R\Release\core.a(Print.cpp.o)
                0x0800ec74                Print::println()
 .text._ZN5Print7printlnERK6String
                0x0800ec8c       0x14 C:\Users\Administrator\AppData\Local\Temp\VMBuilds\Universal_controllerV2.0\Arduino_STM32-master_genericSTM32F103R\Release\core.a(Print.cpp.o)
                0x0800ec8c                Print::println(String const&)
 .text._ZN5Print7printlnEPKc
                0x0800eca0       0x14 C:\Users\Administrator\AppData\Local\Temp\VMBuilds\Universal_controllerV2.0\Arduino_STM32-master_genericSTM32F103R\Release\core.a(Print.cpp.o)
                0x0800eca0                Print::println(char const*)
 .text._ZN5Print11printNumberEyh
                0x0800ecb4       0x6c C:\Users\Administrator\AppData\Local\Temp\VMBuilds\Universal_controllerV2.0\Arduino_STM32-master_genericSTM32F103R\Release\core.a(Print.cpp.o)
                0x0800ecb4                Print::printNumber(unsigned long long, unsigned char)
 .text._ZN5Print5printExi
                0x0800ed20       0x32 C:\Users\Administrator\AppData\Local\Temp\VMBuilds\Universal_controllerV2.0\Arduino_STM32-master_genericSTM32F103R\Release\core.a(Print.cpp.o)
                0x0800ed20                Print::print(long long, int)
 .text._ZN5Print5printEii
                0x0800ed52       0x12 C:\Users\Administrator\AppData\Local\Temp\VMBuilds\Universal_controllerV2.0\Arduino_STM32-master_genericSTM32F103R\Release\core.a(Print.cpp.o)
                0x0800ed52                Print::print(int, int)
 .text._ZN5Print7printlnEii
                0x0800ed64       0x14 C:\Users\Administrator\AppData\Local\Temp\VMBuilds\Universal_controllerV2.0\Arduino_STM32-master_genericSTM32F103R\Release\core.a(Print.cpp.o)
                0x0800ed64                Print::println(int, int)
 .text._ZN5Print7printlnEli
                0x0800ed78       0x1c C:\Users\Administrator\AppData\Local\Temp\VMBuilds\Universal_controllerV2.0\Arduino_STM32-master_genericSTM32F103R\Release\core.a(Print.cpp.o)
                0x0800ed78                Print::println(long, int)
 .text._ZN5Print5printEhi
                0x0800ed94       0x14 C:\Users\Administrator\AppData\Local\Temp\VMBuilds\Universal_controllerV2.0\Arduino_STM32-master_genericSTM32F103R\Release\core.a(Print.cpp.o)
                0x0800ed94                Print::print(unsigned char, int)
 .text._ZN5Print7printlnEhi
                0x0800eda8       0x14 C:\Users\Administrator\AppData\Local\Temp\VMBuilds\Universal_controllerV2.0\Arduino_STM32-master_genericSTM32F103R\Release\core.a(Print.cpp.o)
                0x0800eda8                Print::println(unsigned char, int)
 .text._ZN5Print7printlnEmi
                0x0800edbc       0x1e C:\Users\Administrator\AppData\Local\Temp\VMBuilds\Universal_controllerV2.0\Arduino_STM32-master_genericSTM32F103R\Release\core.a(Print.cpp.o)
                0x0800edbc                Print::println(unsigned long, int)
 *fill*         0x0800edda        0x6 
 .text._ZN5Print10printFloatEdh
                0x0800ede0      0x160 C:\Users\Administrator\AppData\Local\Temp\VMBuilds\Universal_controllerV2.0\Arduino_STM32-master_genericSTM32F103R\Release\core.a(Print.cpp.o)
                0x0800ede0                Print::printFloat(double, unsigned char)
 .text._ZN5Print7printlnEdi
                0x0800ef40       0x1c C:\Users\Administrator\AppData\Local\Temp\VMBuilds\Universal_controllerV2.0\Arduino_STM32-master_genericSTM32F103R\Release\core.a(Print.cpp.o)
                0x0800ef40                Print::println(double, int)
 .text._Z8pwmWriteht
                0x0800ef5c       0x24 C:\Users\Administrator\AppData\Local\Temp\VMBuilds\Universal_controllerV2.0\Arduino_STM32-master_genericSTM32F103R\Release\core.a(pwm.cpp.o)
                0x0800ef5c                pwmWrite(unsigned char, unsigned short)
 .text._Z11analogWritehi
                0x0800ef80       0x1c C:\Users\Administrator\AppData\Local\Temp\VMBuilds\Universal_controllerV2.0\Arduino_STM32-master_genericSTM32F103R\Release\core.a(pwm.cpp.o)
                0x0800ef80                analogWrite(unsigned char, int)
 .text._ZN9USBSerial9availableEv
                0x0800ef9c        0x4 C:\Users\Administrator\AppData\Local\Temp\VMBuilds\Universal_controllerV2.0\Arduino_STM32-master_genericSTM32F103R\Release\core.a(usb_serial.cpp.o)
                0x0800ef9c                USBSerial::available()
 .text._ZN9USBSerial4peekEv
                0x0800efa0       0x1e C:\Users\Administrator\AppData\Local\Temp\VMBuilds\Universal_controllerV2.0\Arduino_STM32-master_genericSTM32F103R\Release\core.a(usb_serial.cpp.o)
                0x0800efa0                USBSerial::peek()
 .text._ZN9USBSerial4readEv
                0x0800efbe       0x1e C:\Users\Administrator\AppData\Local\Temp\VMBuilds\Universal_controllerV2.0\Arduino_STM32-master_genericSTM32F103R\Release\core.a(usb_serial.cpp.o)
                0x0800efbe                USBSerial::read()
 .text._ZL14ifaceSetupHookjPv
                0x0800efdc       0x38 C:\Users\Administrator\AppData\Local\Temp\VMBuilds\Universal_controllerV2.0\Arduino_STM32-master_genericSTM32F103R\Release\core.a(usb_serial.cpp.o)
 .text._ZL6rxHookjPv
                0x0800f014       0xa0 C:\Users\Administrator\AppData\Local\Temp\VMBuilds\Universal_controllerV2.0\Arduino_STM32-master_genericSTM32F103R\Release\core.a(usb_serial.cpp.o)
 .text._ZL10wait_resetv
                0x0800f0b4       0x10 C:\Users\Administrator\AppData\Local\Temp\VMBuilds\Universal_controllerV2.0\Arduino_STM32-master_genericSTM32F103R\Release\core.a(usb_serial.cpp.o)
 .text._ZN9USBSerial5beginEv
                0x0800f0c4       0x3c C:\Users\Administrator\AppData\Local\Temp\VMBuilds\Universal_controllerV2.0\Arduino_STM32-master_genericSTM32F103R\Release\core.a(usb_serial.cpp.o)
                0x0800f0c4                USBSerial::begin()
 .text._ZN9USBSerial5beginEm
                0x0800f100        0xc C:\Users\Administrator\AppData\Local\Temp\VMBuilds\Universal_controllerV2.0\Arduino_STM32-master_genericSTM32F103R\Release\core.a(usb_serial.cpp.o)
                0x0800f100                USBSerial::begin(unsigned long)
 .text._ZN9USBSerial5writeEPKhm
                0x0800f10c       0x44 C:\Users\Administrator\AppData\Local\Temp\VMBuilds\Universal_controllerV2.0\Arduino_STM32-master_genericSTM32F103R\Release\core.a(usb_serial.cpp.o)
                0x0800f10c                USBSerial::write(unsigned char const*, unsigned long)
 .text._ZN9USBSerial5writeEh
                0x0800f150       0x16 C:\Users\Administrator\AppData\Local\Temp\VMBuilds\Universal_controllerV2.0\Arduino_STM32-master_genericSTM32F103R\Release\core.a(usb_serial.cpp.o)
                0x0800f150                USBSerial::write(unsigned char)
 .text._ZN9USBSerial5writeEPKc
                0x0800f166       0x1a C:\Users\Administrator\AppData\Local\Temp\VMBuilds\Universal_controllerV2.0\Arduino_STM32-master_genericSTM32F103R\Release\core.a(usb_serial.cpp.o)
                0x0800f166                USBSerial::write(char const*)
 .text._ZN9USBSerial4readEPhm
                0x0800f180       0x1c C:\Users\Administrator\AppData\Local\Temp\VMBuilds\Universal_controllerV2.0\Arduino_STM32-master_genericSTM32F103R\Release\core.a(usb_serial.cpp.o)
                0x0800f180                USBSerial::read(unsigned char*, unsigned long)
 .text._ZN9USBSerial5flushEv
                0x0800f19c       0x1c C:\Users\Administrator\AppData\Local\Temp\VMBuilds\Universal_controllerV2.0\Arduino_STM32-master_genericSTM32F103R\Release\core.a(usb_serial.cpp.o)
                0x0800f19c                USBSerial::flush()
 .text.startup._GLOBAL__sub_I__ZN9USBSerial9_hasBegunE
                0x0800f1b8       0x1c C:\Users\Administrator\AppData\Local\Temp\VMBuilds\Universal_controllerV2.0\Arduino_STM32-master_genericSTM32F103R\Release\core.a(usb_serial.cpp.o)
 .text._Z10analogReadh
                0x0800f1d4       0x18 C:\Users\Administrator\AppData\Local\Temp\VMBuilds\Universal_controllerV2.0\Arduino_STM32-master_genericSTM32F103R\Release\core.a(wirish_analog.cpp.o)
                0x0800f1d4                analogRead(unsigned char)
 .text._Z11digitalReadh
                0x0800f1ec       0x28 C:\Users\Administrator\AppData\Local\Temp\VMBuilds\Universal_controllerV2.0\Arduino_STM32-master_genericSTM32F103R\Release\core.a(wirish_digital.cpp.o)
                0x0800f1ec                digitalRead(unsigned char)
 .text._Z12digitalWritehh
                0x0800f214       0x2c C:\Users\Administrator\AppData\Local\Temp\VMBuilds\Universal_controllerV2.0\Arduino_STM32-master_genericSTM32F103R\Release\core.a(wirish_digital.cpp.o)
                0x0800f214                digitalWrite(unsigned char, unsigned char)
 .text._Z6randoml
                0x0800f240       0x16 C:\Users\Administrator\AppData\Local\Temp\VMBuilds\Universal_controllerV2.0\Arduino_STM32-master_genericSTM32F103R\Release\core.a(wirish_math.cpp.o)
                0x0800f240                random(long)
 .text._Z6randomll
                0x0800f256       0x14 C:\Users\Administrator\AppData\Local\Temp\VMBuilds\Universal_controllerV2.0\Arduino_STM32-master_genericSTM32F103R\Release\core.a(wirish_math.cpp.o)
                0x0800f256                random(long, long)
 *fill*         0x0800f26a        0x2 
 .text._ZL6microsv
                0x0800f26c       0x34 C:\Users\Administrator\AppData\Local\Temp\VMBuilds\Universal_controllerV2.0\Arduino_STM32-master_genericSTM32F103R\Release\core.a(wirish_time.cpp.o)
 .text._Z5delaym
                0x0800f2a0       0x26 C:\Users\Administrator\AppData\Local\Temp\VMBuilds\Universal_controllerV2.0\Arduino_STM32-master_genericSTM32F103R\Release\core.a(wirish_time.cpp.o)
                0x0800f2a0                delay(unsigned long)
 .text._Z17delayMicrosecondsm
                0x0800f2c6       0x10 C:\Users\Administrator\AppData\Local\Temp\VMBuilds\Universal_controllerV2.0\Arduino_STM32-master_genericSTM32F103R\Release\core.a(wirish_time.cpp.o)
                0x0800f2c6                delayMicroseconds(unsigned long)
 .text._ZN6StringD2Ev
                0x0800f2d6        0xe C:\Users\Administrator\AppData\Local\Temp\VMBuilds\Universal_controllerV2.0\Arduino_STM32-master_genericSTM32F103R\Release\core.a(WString.cpp.o)
                0x0800f2d6                String::~String()
                0x0800f2d6                String::~String()
 .text._ZN6String10invalidateEv
                0x0800f2e4       0x16 C:\Users\Administrator\AppData\Local\Temp\VMBuilds\Universal_controllerV2.0\Arduino_STM32-master_genericSTM32F103R\Release\core.a(WString.cpp.o)
                0x0800f2e4                String::invalidate()
 .text._ZN6String12changeBufferEj
                0x0800f2fa       0x18 C:\Users\Administrator\AppData\Local\Temp\VMBuilds\Universal_controllerV2.0\Arduino_STM32-master_genericSTM32F103R\Release\core.a(WString.cpp.o)
                0x0800f2fa                String::changeBuffer(unsigned int)
 .text._ZN6String7reserveEj
                0x0800f312       0x28 C:\Users\Administrator\AppData\Local\Temp\VMBuilds\Universal_controllerV2.0\Arduino_STM32-master_genericSTM32F103R\Release\core.a(WString.cpp.o)
                0x0800f312                String::reserve(unsigned int)
 .text._ZN6String4copyEPKcj
                0x0800f33a       0x26 C:\Users\Administrator\AppData\Local\Temp\VMBuilds\Universal_controllerV2.0\Arduino_STM32-master_genericSTM32F103R\Release\core.a(WString.cpp.o)
                0x0800f33a                String::copy(char const*, unsigned int)
 .text._ZN6StringC2EPKc
                0x0800f360       0x24 C:\Users\Administrator\AppData\Local\Temp\VMBuilds\Universal_controllerV2.0\Arduino_STM32-master_genericSTM32F103R\Release\core.a(WString.cpp.o)
                0x0800f360                String::String(char const*)
                0x0800f360                String::String(char const*)
 .text._ZN6StringaSEPKc.part.3
                0x0800f384       0x1a C:\Users\Administrator\AppData\Local\Temp\VMBuilds\Universal_controllerV2.0\Arduino_STM32-master_genericSTM32F103R\Release\core.a(WString.cpp.o)
 .text._ZN6StringC2Ec
                0x0800f39e       0x20 C:\Users\Administrator\AppData\Local\Temp\VMBuilds\Universal_controllerV2.0\Arduino_STM32-master_genericSTM32F103R\Release\core.a(WString.cpp.o)
                0x0800f39e                String::String(char)
                0x0800f39e                String::String(char)
 .text._ZN6StringC2Ehh
                0x0800f3be       0x22 C:\Users\Administrator\AppData\Local\Temp\VMBuilds\Universal_controllerV2.0\Arduino_STM32-master_genericSTM32F103R\Release\core.a(WString.cpp.o)
                0x0800f3be                String::String(unsigned char, unsigned char)
                0x0800f3be                String::String(unsigned char, unsigned char)
 .text._ZN6StringC2Eih
                0x0800f3e0       0x24 C:\Users\Administrator\AppData\Local\Temp\VMBuilds\Universal_controllerV2.0\Arduino_STM32-master_genericSTM32F103R\Release\core.a(WString.cpp.o)
                0x0800f3e0                String::String(int, unsigned char)
                0x0800f3e0                String::String(int, unsigned char)
 .text._ZN6StringC2Ejh
                0x0800f404       0x24 C:\Users\Administrator\AppData\Local\Temp\VMBuilds\Universal_controllerV2.0\Arduino_STM32-master_genericSTM32F103R\Release\core.a(WString.cpp.o)
                0x0800f404                String::String(unsigned int, unsigned char)
                0x0800f404                String::String(unsigned int, unsigned char)
 .text._ZN6String4moveERS_
                0x0800f428       0x3c C:\Users\Administrator\AppData\Local\Temp\VMBuilds\Universal_controllerV2.0\Arduino_STM32-master_genericSTM32F103R\Release\core.a(WString.cpp.o)
                0x0800f428                String::move(String&)
 .text._ZN6StringaSERKS_
                0x0800f464       0x1e C:\Users\Administrator\AppData\Local\Temp\VMBuilds\Universal_controllerV2.0\Arduino_STM32-master_genericSTM32F103R\Release\core.a(WString.cpp.o)
                0x0800f464                String::operator=(String const&)
 .text._ZN6StringC2ERKS_
                0x0800f482       0x14 C:\Users\Administrator\AppData\Local\Temp\VMBuilds\Universal_controllerV2.0\Arduino_STM32-master_genericSTM32F103R\Release\core.a(WString.cpp.o)
                0x0800f482                String::String(String const&)
                0x0800f482                String::String(String const&)
 .text._ZN6StringaSEOS_
                0x0800f496       0x10 C:\Users\Administrator\AppData\Local\Temp\VMBuilds\Universal_controllerV2.0\Arduino_STM32-master_genericSTM32F103R\Release\core.a(WString.cpp.o)
                0x0800f496                String::operator=(String&&)
 .text._ZN6StringaSEPKc
                0x0800f4a6       0x14 C:\Users\Administrator\AppData\Local\Temp\VMBuilds\Universal_controllerV2.0\Arduino_STM32-master_genericSTM32F103R\Release\core.a(WString.cpp.o)
                0x0800f4a6                String::operator=(char const*)
 .text._ZN6StringC2Efh
                0x0800f4ba       0x34 C:\Users\Administrator\AppData\Local\Temp\VMBuilds\Universal_controllerV2.0\Arduino_STM32-master_genericSTM32F103R\Release\core.a(WString.cpp.o)
                0x0800f4ba                String::String(float, unsigned char)
                0x0800f4ba                String::String(float, unsigned char)
 .text._ZN6String6concatEPKcj
                0x0800f4ee       0x2e C:\Users\Administrator\AppData\Local\Temp\VMBuilds\Universal_controllerV2.0\Arduino_STM32-master_genericSTM32F103R\Release\core.a(WString.cpp.o)
                0x0800f4ee                String::concat(char const*, unsigned int)
 .text._ZN6String6concatERKS_
                0x0800f51c        0x8 C:\Users\Administrator\AppData\Local\Temp\VMBuilds\Universal_controllerV2.0\Arduino_STM32-master_genericSTM32F103R\Release\core.a(WString.cpp.o)
                0x0800f51c                String::concat(String const&)
 .text._ZN6String6concatEi
                0x0800f524       0x22 C:\Users\Administrator\AppData\Local\Temp\VMBuilds\Universal_controllerV2.0\Arduino_STM32-master_genericSTM32F103R\Release\core.a(WString.cpp.o)
                0x0800f524                String::concat(int)
 .text._ZN6String6concatEj
                0x0800f546       0x22 C:\Users\Administrator\AppData\Local\Temp\VMBuilds\Universal_controllerV2.0\Arduino_STM32-master_genericSTM32F103R\Release\core.a(WString.cpp.o)
                0x0800f546                String::concat(unsigned int)
 .text._ZN6String6concatEf
                0x0800f568       0x2c C:\Users\Administrator\AppData\Local\Temp\VMBuilds\Universal_controllerV2.0\Arduino_STM32-master_genericSTM32F103R\Release\core.a(WString.cpp.o)
                0x0800f568                String::concat(float)
 .text._ZplRK15StringSumHelperRK6String
                0x0800f594       0x18 C:\Users\Administrator\AppData\Local\Temp\VMBuilds\Universal_controllerV2.0\Arduino_STM32-master_genericSTM32F103R\Release\core.a(WString.cpp.o)
                0x0800f594                operator+(StringSumHelper const&, String const&)
 .text._ZplRK15StringSumHelperPKc
                0x0800f5ac       0x28 C:\Users\Administrator\AppData\Local\Temp\VMBuilds\Universal_controllerV2.0\Arduino_STM32-master_genericSTM32F103R\Release\core.a(WString.cpp.o)
                0x0800f5ac                operator+(StringSumHelper const&, char const*)
 .text._ZplRK15StringSumHelperi
                0x0800f5d4       0x14 C:\Users\Administrator\AppData\Local\Temp\VMBuilds\Universal_controllerV2.0\Arduino_STM32-master_genericSTM32F103R\Release\core.a(WString.cpp.o)
                0x0800f5d4                operator+(StringSumHelper const&, int)
 .text._ZplRK15StringSumHelperj
                0x0800f5e8       0x14 C:\Users\Administrator\AppData\Local\Temp\VMBuilds\Universal_controllerV2.0\Arduino_STM32-master_genericSTM32F103R\Release\core.a(WString.cpp.o)
                0x0800f5e8                operator+(StringSumHelper const&, unsigned int)
 .text._ZplRK15StringSumHelperf
                0x0800f5fc       0x14 C:\Users\Administrator\AppData\Local\Temp\VMBuilds\Universal_controllerV2.0\Arduino_STM32-master_genericSTM32F103R\Release\core.a(WString.cpp.o)
                0x0800f5fc                operator+(StringSumHelper const&, float)
 .text._ZNK6String9compareToERKS_
                0x0800f610       0x2a C:\Users\Administrator\AppData\Local\Temp\VMBuilds\Universal_controllerV2.0\Arduino_STM32-master_genericSTM32F103R\Release\core.a(WString.cpp.o)
                0x0800f610                String::compareTo(String const&) const
 .text._ZNK6String6equalsERKS_
                0x0800f63a       0x1a C:\Users\Administrator\AppData\Local\Temp\VMBuilds\Universal_controllerV2.0\Arduino_STM32-master_genericSTM32F103R\Release\core.a(WString.cpp.o)
                0x0800f63a                String::equals(String const&) const
 .text._ZNK6String6equalsEPKc
                0x0800f654       0x24 C:\Users\Administrator\AppData\Local\Temp\VMBuilds\Universal_controllerV2.0\Arduino_STM32-master_genericSTM32F103R\Release\core.a(WString.cpp.o)
                0x0800f654                String::equals(char const*) const
 .text._ZNK6String7indexOfERKS_j
                0x0800f678       0x1e C:\Users\Administrator\AppData\Local\Temp\VMBuilds\Universal_controllerV2.0\Arduino_STM32-master_genericSTM32F103R\Release\core.a(WString.cpp.o)
                0x0800f678                String::indexOf(String const&, unsigned int) const
 .text._ZNK6String7indexOfERKS_
                0x0800f696        0x6 C:\Users\Administrator\AppData\Local\Temp\VMBuilds\Universal_controllerV2.0\Arduino_STM32-master_genericSTM32F103R\Release\core.a(WString.cpp.o)
                0x0800f696                String::indexOf(String const&) const
 .text._ZNK6String9substringEjj
                0x0800f69c       0x4c C:\Users\Administrator\AppData\Local\Temp\VMBuilds\Universal_controllerV2.0\Arduino_STM32-master_genericSTM32F103R\Release\core.a(WString.cpp.o)
                0x0800f69c                String::substring(unsigned int, unsigned int) const
 .text._ZN6String6removeEjj
                0x0800f6e8       0x32 C:\Users\Administrator\AppData\Local\Temp\VMBuilds\Universal_controllerV2.0\Arduino_STM32-master_genericSTM32F103R\Release\core.a(WString.cpp.o)
                0x0800f6e8                String::remove(unsigned int, unsigned int)
 .text._ZN6String6removeEj
                0x0800f71a        0x8 C:\Users\Administrator\AppData\Local\Temp\VMBuilds\Universal_controllerV2.0\Arduino_STM32-master_genericSTM32F103R\Release\core.a(WString.cpp.o)
                0x0800f71a                String::remove(unsigned int)
 .text._ZN6String11toUpperCaseEv
                0x0800f722       0x18 C:\Users\Administrator\AppData\Local\Temp\VMBuilds\Universal_controllerV2.0\Arduino_STM32-master_genericSTM32F103R\Release\core.a(WString.cpp.o)
                0x0800f722                String::toUpperCase()
 .text._ZNK6String5toIntEv
                0x0800f73a        0xa C:\Users\Administrator\AppData\Local\Temp\VMBuilds\Universal_controllerV2.0\Arduino_STM32-master_genericSTM32F103R\Release\core.a(WString.cpp.o)
                0x0800f73a                String::toInt() const
 .text._Z7pinModeh13WiringPinMode
                0x0800f744       0x84 C:\Users\Administrator\AppData\Local\Temp\VMBuilds\Universal_controllerV2.0\Arduino_STM32-master_genericSTM32F103R\Release\core.a(wirish_digital_f1.cpp.o)
                0x0800f744                pinMode(unsigned char, WiringPinMode)
 .text.__empty  0x0800f7c8        0x2 C:\Users\Administrator\AppData\Local\Temp\VMBuilds\Universal_controllerV2.0\Arduino_STM32-master_genericSTM32F103R\Release\core.a(hooks.c.o)
                0x0800f7c8                yield
 .text.ltoa     0x0800f7ca       0x70 C:\Users\Administrator\AppData\Local\Temp\VMBuilds\Universal_controllerV2.0\Arduino_STM32-master_genericSTM32F103R\Release\core.a(itoa.c.o)
                0x0800f7ca                ltoa
 .text.itoa     0x0800f83a        0x4 C:\Users\Administrator\AppData\Local\Temp\VMBuilds\Universal_controllerV2.0\Arduino_STM32-master_genericSTM32F103R\Release\core.a(itoa.c.o)
                0x0800f83a                itoa
 .text.ultoa    0x0800f83e       0x52 C:\Users\Administrator\AppData\Local\Temp\VMBuilds\Universal_controllerV2.0\Arduino_STM32-master_genericSTM32F103R\Release\core.a(itoa.c.o)
                0x0800f83e                ultoa
 .text.utoa     0x0800f890        0x4 C:\Users\Administrator\AppData\Local\Temp\VMBuilds\Universal_controllerV2.0\Arduino_STM32-master_genericSTM32F103R\Release\core.a(itoa.c.o)
                0x0800f890                utoa
 .text.dtostrf  0x0800f894       0x28 C:\Users\Administrator\AppData\Local\Temp\VMBuilds\Universal_controllerV2.0\Arduino_STM32-master_genericSTM32F103R\Release\core.a(dtostrf.c.o)
                0x0800f894                dtostrf
 .text.data_register
                0x0800f8bc       0x28 C:\Users\Administrator\AppData\Local\Temp\VMBuilds\Universal_controllerV2.0\Arduino_STM32-master_genericSTM32F103R\Release\core.a(bkp_f1.c.o)
 .text.bkp_init
                0x0800f8e4       0x18 C:\Users\Administrator\AppData\Local\Temp\VMBuilds\Universal_controllerV2.0\Arduino_STM32-master_genericSTM32F103R\Release\core.a(bkp_f1.c.o)
                0x0800f8e4                bkp_init
 .text.bkp_enable_writes
                0x0800f8fc        0xc C:\Users\Administrator\AppData\Local\Temp\VMBuilds\Universal_controllerV2.0\Arduino_STM32-master_genericSTM32F103R\Release\core.a(bkp_f1.c.o)
                0x0800f8fc                bkp_enable_writes
 .text.bkp_disable_writes
                0x0800f908        0xc C:\Users\Administrator\AppData\Local\Temp\VMBuilds\Universal_controllerV2.0\Arduino_STM32-master_genericSTM32F103R\Release\core.a(bkp_f1.c.o)
                0x0800f908                bkp_disable_writes
 .text.bkp_write
                0x0800f914        0xc C:\Users\Administrator\AppData\Local\Temp\VMBuilds\Universal_controllerV2.0\Arduino_STM32-master_genericSTM32F103R\Release\core.a(bkp_f1.c.o)
                0x0800f914                bkp_write
 .text.gpio_init
                0x0800f920       0x14 C:\Users\Administrator\AppData\Local\Temp\VMBuilds\Universal_controllerV2.0\Arduino_STM32-master_genericSTM32F103R\Release\core.a(gpio.c.o)
                0x0800f920                gpio_init
 .text.i2c_start_condition
                0x0800f934       0x14 C:\Users\Administrator\AppData\Local\Temp\VMBuilds\Universal_controllerV2.0\Arduino_STM32-master_genericSTM32F103R\Release\core.a(i2c.c.o)
 .text.i2c_stop_condition
                0x0800f948       0x1c C:\Users\Administrator\AppData\Local\Temp\VMBuilds\Universal_controllerV2.0\Arduino_STM32-master_genericSTM32F103R\Release\core.a(i2c.c.o)
 .text._i2c_irq_handler
                0x0800f964      0x170 C:\Users\Administrator\AppData\Local\Temp\VMBuilds\Universal_controllerV2.0\Arduino_STM32-master_genericSTM32F103R\Release\core.a(i2c.c.o)
                0x0800f964                _i2c_irq_handler
 .text._i2c_irq_error_handler
                0x0800fad4       0x28 C:\Users\Administrator\AppData\Local\Temp\VMBuilds\Universal_controllerV2.0\Arduino_STM32-master_genericSTM32F103R\Release\core.a(i2c.c.o)
                0x0800fad4                _i2c_irq_error_handler
 .text.usart_init
                0x0800fafc       0x4c C:\Users\Administrator\AppData\Local\Temp\VMBuilds\Universal_controllerV2.0\Arduino_STM32-master_genericSTM32F103R\Release\core.a(usart.c.o)
                0x0800fafc                usart_init
 .text.usart_enable
                0x0800fb48       0x14 C:\Users\Administrator\AppData\Local\Temp\VMBuilds\Universal_controllerV2.0\Arduino_STM32-master_genericSTM32F103R\Release\core.a(usart.c.o)
                0x0800fb48                usart_enable
 .text.usart_tx
                0x0800fb5c       0x8e C:\Users\Administrator\AppData\Local\Temp\VMBuilds\Universal_controllerV2.0\Arduino_STM32-master_genericSTM32F103R\Release\core.a(usart.c.o)
                0x0800fb5c                usart_tx
 *fill*         0x0800fbea        0x2 
 .text.__aeabi_atexit
                0x0800fbec        0xc c:/users/administrator/appdata/local/arduino15/packages/arduino/tools/arm-none-eabi-gcc/7-2017q4/bin/../lib/gcc/arm-none-eabi/7.2.1/../../../../arm-none-eabi/lib/thumb/v7-m\libstdc++.a(atexit_arm.o)
                0x0800fbec                __aeabi_atexit
 .text.floorf   0x0800fbf8       0x88 c:/users/administrator/appdata/local/arduino15/packages/arduino/tools/arm-none-eabi-gcc/7-2017q4/bin/../lib/gcc/arm-none-eabi/7.2.1/../../../../arm-none-eabi/lib/thumb/v7-m\libm.a(lib_a-sf_floor.o)
                0x0800fbf8                floorf
 .text          0x0800fc80      0x378 c:/users/administrator/appdata/local/arduino15/packages/arduino/tools/arm-none-eabi-gcc/7-2017q4/bin/../lib/gcc/arm-none-eabi/7.2.1/thumb/v7-m\libgcc.a(_arm_addsubdf3.o)
                0x0800fc80                __aeabi_drsub
                0x0800fc88                __aeabi_dsub
                0x0800fc88                __subdf3
                0x0800fc8c                __aeabi_dadd
                0x0800fc8c                __adddf3
                0x0800ff04                __floatunsidf
                0x0800ff04                __aeabi_ui2d
                0x0800ff24                __floatsidf
                0x0800ff24                __aeabi_i2d
                0x0800ff48                __aeabi_f2d
                0x0800ff48                __extendsfdf2
                0x0800ff8c                __floatundidf
                0x0800ff8c                __aeabi_ul2d
                0x0800ff9c                __floatdidf
                0x0800ff9c                __aeabi_l2d